###############################################################################
#
# IAR ELF Linker V8.50.4.261/W32 for ARM                  16/Apr/2026  13:05:07
# Copyright 2007-2020 IAR Systems AB.
#
#    Output file  =
#        E:\workspace\project\APM32F4xx\SDK\APM32F4xx_SDK\Examples\Board_APM32F407_Mini\USB_OTG\Device_Examples\OTGD_Composite_CDC\Project\IAR\APM32F417\Exe\OTGD_Composite_CDC.out
#    Map file     =
#        E:\workspace\project\APM32F4xx\SDK\APM32F4xx_SDK\Examples\Board_APM32F407_Mini\USB_OTG\Device_Examples\OTGD_Composite_CDC\Project\IAR\APM32F417\List\OTGD_Composite_CDC.map
#    Command line =
#        -f C:\Users\APEX17~2\AppData\Local\Temp\EW9403.tmp
#        (E:\workspace\project\APM32F4xx\SDK\APM32F4xx_SDK\Examples\Board_APM32F407_Mini\USB_OTG\Device_Examples\OTGD_Composite_CDC\Project\IAR\APM32F417\Obj\apm32f4xx_adc.o
#        E:\workspace\project\APM32F4xx\SDK\APM32F4xx_SDK\Examples\Board_APM32F407_Mini\USB_OTG\Device_Examples\OTGD_Composite_CDC\Project\IAR\APM32F417\Obj\apm32f4xx_can.o
#        E:\workspace\project\APM32F4xx\SDK\APM32F4xx_SDK\Examples\Board_APM32F407_Mini\USB_OTG\Device_Examples\OTGD_Composite_CDC\Project\IAR\APM32F417\Obj\apm32f4xx_crc.o
#        E:\workspace\project\APM32F4xx\SDK\APM32F4xx_SDK\Examples\Board_APM32F407_Mini\USB_OTG\Device_Examples\OTGD_Composite_CDC\Project\IAR\APM32F417\Obj\apm32f4xx_cryp.o
#        E:\workspace\project\APM32F4xx\SDK\APM32F4xx_SDK\Examples\Board_APM32F407_Mini\USB_OTG\Device_Examples\OTGD_Composite_CDC\Project\IAR\APM32F417\Obj\apm32f4xx_cryp_aes.o
#        E:\workspace\project\APM32F4xx\SDK\APM32F4xx_SDK\Examples\Board_APM32F407_Mini\USB_OTG\Device_Examples\OTGD_Composite_CDC\Project\IAR\APM32F417\Obj\apm32f4xx_cryp_des.o
#        E:\workspace\project\APM32F4xx\SDK\APM32F4xx_SDK\Examples\Board_APM32F407_Mini\USB_OTG\Device_Examples\OTGD_Composite_CDC\Project\IAR\APM32F417\Obj\apm32f4xx_cryp_tdes.o
#        E:\workspace\project\APM32F4xx\SDK\APM32F4xx_SDK\Examples\Board_APM32F407_Mini\USB_OTG\Device_Examples\OTGD_Composite_CDC\Project\IAR\APM32F417\Obj\apm32f4xx_dac.o
#        E:\workspace\project\APM32F4xx\SDK\APM32F4xx_SDK\Examples\Board_APM32F407_Mini\USB_OTG\Device_Examples\OTGD_Composite_CDC\Project\IAR\APM32F417\Obj\apm32f4xx_dbgmcu.o
#        E:\workspace\project\APM32F4xx\SDK\APM32F4xx_SDK\Examples\Board_APM32F407_Mini\USB_OTG\Device_Examples\OTGD_Composite_CDC\Project\IAR\APM32F417\Obj\apm32f4xx_dci.o
#        E:\workspace\project\APM32F4xx\SDK\APM32F4xx_SDK\Examples\Board_APM32F407_Mini\USB_OTG\Device_Examples\OTGD_Composite_CDC\Project\IAR\APM32F417\Obj\apm32f4xx_dma.o
#        E:\workspace\project\APM32F4xx\SDK\APM32F4xx_SDK\Examples\Board_APM32F407_Mini\USB_OTG\Device_Examples\OTGD_Composite_CDC\Project\IAR\APM32F417\Obj\apm32f4xx_dmc.o
#        E:\workspace\project\APM32F4xx\SDK\APM32F4xx_SDK\Examples\Board_APM32F407_Mini\USB_OTG\Device_Examples\OTGD_Composite_CDC\Project\IAR\APM32F417\Obj\apm32f4xx_eint.o
#        E:\workspace\project\APM32F4xx\SDK\APM32F4xx_SDK\Examples\Board_APM32F407_Mini\USB_OTG\Device_Examples\OTGD_Composite_CDC\Project\IAR\APM32F417\Obj\apm32f4xx_eth.o
#        E:\workspace\project\APM32F4xx\SDK\APM32F4xx_SDK\Examples\Board_APM32F407_Mini\USB_OTG\Device_Examples\OTGD_Composite_CDC\Project\IAR\APM32F417\Obj\apm32f4xx_fmc.o
#        E:\workspace\project\APM32F4xx\SDK\APM32F4xx_SDK\Examples\Board_APM32F407_Mini\USB_OTG\Device_Examples\OTGD_Composite_CDC\Project\IAR\APM32F417\Obj\apm32f4xx_gpio.o
#        E:\workspace\project\APM32F4xx\SDK\APM32F4xx_SDK\Examples\Board_APM32F407_Mini\USB_OTG\Device_Examples\OTGD_Composite_CDC\Project\IAR\APM32F417\Obj\apm32f4xx_hash.o
#        E:\workspace\project\APM32F4xx\SDK\APM32F4xx_SDK\Examples\Board_APM32F407_Mini\USB_OTG\Device_Examples\OTGD_Composite_CDC\Project\IAR\APM32F417\Obj\apm32f4xx_hash_md5.o
#        E:\workspace\project\APM32F4xx\SDK\APM32F4xx_SDK\Examples\Board_APM32F407_Mini\USB_OTG\Device_Examples\OTGD_Composite_CDC\Project\IAR\APM32F417\Obj\apm32f4xx_hash_sha1.o
#        E:\workspace\project\APM32F4xx\SDK\APM32F4xx_SDK\Examples\Board_APM32F407_Mini\USB_OTG\Device_Examples\OTGD_Composite_CDC\Project\IAR\APM32F417\Obj\apm32f4xx_i2c.o
#        E:\workspace\project\APM32F4xx\SDK\APM32F4xx_SDK\Examples\Board_APM32F407_Mini\USB_OTG\Device_Examples\OTGD_Composite_CDC\Project\IAR\APM32F417\Obj\apm32f4xx_int.o
#        E:\workspace\project\APM32F4xx\SDK\APM32F4xx_SDK\Examples\Board_APM32F407_Mini\USB_OTG\Device_Examples\OTGD_Composite_CDC\Project\IAR\APM32F417\Obj\apm32f4xx_iwdt.o
#        E:\workspace\project\APM32F4xx\SDK\APM32F4xx_SDK\Examples\Board_APM32F407_Mini\USB_OTG\Device_Examples\OTGD_Composite_CDC\Project\IAR\APM32F417\Obj\apm32f4xx_misc.o
#        E:\workspace\project\APM32F4xx\SDK\APM32F4xx_SDK\Examples\Board_APM32F407_Mini\USB_OTG\Device_Examples\OTGD_Composite_CDC\Project\IAR\APM32F417\Obj\apm32f4xx_pmu.o
#        E:\workspace\project\APM32F4xx\SDK\APM32F4xx_SDK\Examples\Board_APM32F407_Mini\USB_OTG\Device_Examples\OTGD_Composite_CDC\Project\IAR\APM32F417\Obj\apm32f4xx_qspi.o
#        E:\workspace\project\APM32F4xx\SDK\APM32F4xx_SDK\Examples\Board_APM32F407_Mini\USB_OTG\Device_Examples\OTGD_Composite_CDC\Project\IAR\APM32F417\Obj\apm32f4xx_rcm.o
#        E:\workspace\project\APM32F4xx\SDK\APM32F4xx_SDK\Examples\Board_APM32F407_Mini\USB_OTG\Device_Examples\OTGD_Composite_CDC\Project\IAR\APM32F417\Obj\apm32f4xx_rng.o
#        E:\workspace\project\APM32F4xx\SDK\APM32F4xx_SDK\Examples\Board_APM32F407_Mini\USB_OTG\Device_Examples\OTGD_Composite_CDC\Project\IAR\APM32F417\Obj\apm32f4xx_rtc.o
#        E:\workspace\project\APM32F4xx\SDK\APM32F4xx_SDK\Examples\Board_APM32F407_Mini\USB_OTG\Device_Examples\OTGD_Composite_CDC\Project\IAR\APM32F417\Obj\apm32f4xx_sdio.o
#        E:\workspace\project\APM32F4xx\SDK\APM32F4xx_SDK\Examples\Board_APM32F407_Mini\USB_OTG\Device_Examples\OTGD_Composite_CDC\Project\IAR\APM32F417\Obj\apm32f4xx_smc.o
#        E:\workspace\project\APM32F4xx\SDK\APM32F4xx_SDK\Examples\Board_APM32F407_Mini\USB_OTG\Device_Examples\OTGD_Composite_CDC\Project\IAR\APM32F417\Obj\apm32f4xx_spi.o
#        E:\workspace\project\APM32F4xx\SDK\APM32F4xx_SDK\Examples\Board_APM32F407_Mini\USB_OTG\Device_Examples\OTGD_Composite_CDC\Project\IAR\APM32F417\Obj\apm32f4xx_syscfg.o
#        E:\workspace\project\APM32F4xx\SDK\APM32F4xx_SDK\Examples\Board_APM32F407_Mini\USB_OTG\Device_Examples\OTGD_Composite_CDC\Project\IAR\APM32F417\Obj\apm32f4xx_tmr.o
#        E:\workspace\project\APM32F4xx\SDK\APM32F4xx_SDK\Examples\Board_APM32F407_Mini\USB_OTG\Device_Examples\OTGD_Composite_CDC\Project\IAR\APM32F417\Obj\apm32f4xx_usart.o
#        E:\workspace\project\APM32F4xx\SDK\APM32F4xx_SDK\Examples\Board_APM32F407_Mini\USB_OTG\Device_Examples\OTGD_Composite_CDC\Project\IAR\APM32F417\Obj\apm32f4xx_usb.o
#        E:\workspace\project\APM32F4xx\SDK\APM32F4xx_SDK\Examples\Board_APM32F407_Mini\USB_OTG\Device_Examples\OTGD_Composite_CDC\Project\IAR\APM32F417\Obj\apm32f4xx_usb_device.o
#        E:\workspace\project\APM32F4xx\SDK\APM32F4xx_SDK\Examples\Board_APM32F407_Mini\USB_OTG\Device_Examples\OTGD_Composite_CDC\Project\IAR\APM32F417\Obj\apm32f4xx_usb_host.o
#        E:\workspace\project\APM32F4xx\SDK\APM32F4xx_SDK\Examples\Board_APM32F407_Mini\USB_OTG\Device_Examples\OTGD_Composite_CDC\Project\IAR\APM32F417\Obj\apm32f4xx_wwdt.o
#        E:\workspace\project\APM32F4xx\SDK\APM32F4xx_SDK\Examples\Board_APM32F407_Mini\USB_OTG\Device_Examples\OTGD_Composite_CDC\Project\IAR\APM32F417\Obj\Board.o
#        E:\workspace\project\APM32F4xx\SDK\APM32F4xx_SDK\Examples\Board_APM32F407_Mini\USB_OTG\Device_Examples\OTGD_Composite_CDC\Project\IAR\APM32F417\Obj\board_delay.o
#        E:\workspace\project\APM32F4xx\SDK\APM32F4xx_SDK\Examples\Board_APM32F407_Mini\USB_OTG\Device_Examples\OTGD_Composite_CDC\Project\IAR\APM32F417\Obj\log_printf.o
#        E:\workspace\project\APM32F4xx\SDK\APM32F4xx_SDK\Examples\Board_APM32F407_Mini\USB_OTG\Device_Examples\OTGD_Composite_CDC\Project\IAR\APM32F417\Obj\main.o
#        E:\workspace\project\APM32F4xx\SDK\APM32F4xx_SDK\Examples\Board_APM32F407_Mini\USB_OTG\Device_Examples\OTGD_Composite_CDC\Project\IAR\APM32F417\Obj\startup_apm32f417xx.o
#        E:\workspace\project\APM32F4xx\SDK\APM32F4xx_SDK\Examples\Board_APM32F407_Mini\USB_OTG\Device_Examples\OTGD_Composite_CDC\Project\IAR\APM32F417\Obj\system_apm32f4xx.o
#        E:\workspace\project\APM32F4xx\SDK\APM32F4xx_SDK\Examples\Board_APM32F407_Mini\USB_OTG\Device_Examples\OTGD_Composite_CDC\Project\IAR\APM32F417\Obj\usb_device_user.o
#        E:\workspace\project\APM32F4xx\SDK\APM32F4xx_SDK\Examples\Board_APM32F407_Mini\USB_OTG\Device_Examples\OTGD_Composite_CDC\Project\IAR\APM32F417\Obj\usbd_board.o
#        E:\workspace\project\APM32F4xx\SDK\APM32F4xx_SDK\Examples\Board_APM32F407_Mini\USB_OTG\Device_Examples\OTGD_Composite_CDC\Project\IAR\APM32F417\Obj\usbd_composite.o
#        E:\workspace\project\APM32F4xx\SDK\APM32F4xx_SDK\Examples\Board_APM32F407_Mini\USB_OTG\Device_Examples\OTGD_Composite_CDC\Project\IAR\APM32F417\Obj\usbd_composite_cdc_vcp.o
#        E:\workspace\project\APM32F4xx\SDK\APM32F4xx_SDK\Examples\Board_APM32F407_Mini\USB_OTG\Device_Examples\OTGD_Composite_CDC\Project\IAR\APM32F417\Obj\usbd_core.o
#        E:\workspace\project\APM32F4xx\SDK\APM32F4xx_SDK\Examples\Board_APM32F407_Mini\USB_OTG\Device_Examples\OTGD_Composite_CDC\Project\IAR\APM32F417\Obj\usbd_dataXfer.o
#        E:\workspace\project\APM32F4xx\SDK\APM32F4xx_SDK\Examples\Board_APM32F407_Mini\USB_OTG\Device_Examples\OTGD_Composite_CDC\Project\IAR\APM32F417\Obj\usbd_descriptor.o
#        E:\workspace\project\APM32F4xx\SDK\APM32F4xx_SDK\Examples\Board_APM32F407_Mini\USB_OTG\Device_Examples\OTGD_Composite_CDC\Project\IAR\APM32F417\Obj\usbd_stdReq.o
#        --redirect _Printf=_PrintfFull --redirect _Scanf=_ScanfFull
#        --no_out_extension -o
#        E:\workspace\project\APM32F4xx\SDK\APM32F4xx_SDK\Examples\Board_APM32F407_Mini\USB_OTG\Device_Examples\OTGD_Composite_CDC\Project\IAR\APM32F417\Exe\OTGD_Composite_CDC.out
#        --map
#        E:\workspace\project\APM32F4xx\SDK\APM32F4xx_SDK\Examples\Board_APM32F407_Mini\USB_OTG\Device_Examples\OTGD_Composite_CDC\Project\IAR\APM32F417\List\OTGD_Composite_CDC.map
#        --config "C:\Program Files (x86)\IAR Systems\Embedded Workbench
#        8.4\arm\config\linker\Geehy\APM32f417xG.icf" --semihosting --entry
#        __iar_program_start --vfe --text_out locale)
#
###############################################################################

*******************************************************************************
*** RUNTIME MODEL ATTRIBUTES
***

CppFlavor       = *
__Heap_Handler  = DLMalloc
__SystemLibrary = DLib
__dlib_version  = 6


*******************************************************************************
*** HEAP SELECTION
***

The advanced heap was selected because the application calls memory
allocation functions outside of system library functions, and there
are calls to deallocation functions in the application.


*******************************************************************************
*** PLACEMENT SUMMARY
***

"A0":  place at address 0x800'0000 { ro section .intvec };
"P1":  place in [from 0x800'0000 to 0x80f'ffff] { ro };
define block CSTACK with size = 1K, alignment = 8 { };
define block PROC_STACK with size = 0, alignment = 8 { };
define block HEAP with size = 2K, alignment = 8 { };
"P2":  place in [from 0x2000'0000 to 0x2001'ffff] {
          rw, block CSTACK, block PROC_STACK, block HEAP };
initialize by copy { rw };

No sections matched the following patterns:

  section .textrw  in "P3"


  Section            Kind         Address    Size  Object
  -------            ----         -------    ----  ------
"A0":                                       0x194
  .intvec            ro code   0x800'0000   0x194  startup_apm32f417xx.o [1]
                             - 0x800'0194   0x194

"P1":                                      0x7cef
  .text              ro code   0x800'0194  0x1888  apm32f4xx_usb_device.o [1]
  .text              ro code   0x800'1a1c   0x2ca  usbd_board.o [1]
  .text              ro code   0x800'1ce6    0x3a  zero_init3.o [4]
  .text              ro code   0x800'1d20   0x71a  apm32f4xx_usb.o [1]
  .text              ro code   0x800'243a    0x1e  xencoding_8859_1.o [2]
  .text              ro code   0x800'2458   0x114  apm32f4xx_rcm.o [1]
  .text              ro code   0x800'256c    0xcc  board_delay.o [1]
  .text              ro code   0x800'2638   0x120  apm32f4xx_gpio.o [1]
  .text              ro code   0x800'2758    0xa8  apm32f4xx_misc.o [1]
  .text              ro code   0x800'2800   0x856  usbd_core.o [1]
  .rodata            const     0x800'3056     0x2  Board.o [1]
  .text              ro code   0x800'3058    0xa6  ABImemcpy.o [4]
  .rodata            const     0x800'30fe     0x2  Board.o [1]
  .text              ro code   0x800'3100   0x1b4  system_apm32f4xx.o [1]
  .text              ro code   0x800'32b4    0x9c  usbd_dataXfer.o [1]
  .text              ro code   0x800'3350   0x4aa  usbd_stdReq.o [1]
  .rodata            const     0x800'37fa     0x2  Board.o [1]
  .text              ro code   0x800'37fc  0x10c6  xprintffull.o [2]
  .rodata            const     0x800'48c2     0x2  Board.o [1]
  .text              ro code   0x800'48c4    0x7c  xlocale_c.o [2]
  .text              ro code   0x800'4940    0x16  strchr.o [4]
  .rodata            const     0x800'4956     0x2  Board.o [1]
  .text              ro code   0x800'4958    0x40  xfail_s.o [2]
  .text              ro code   0x800'4998    0x36  strlen.o [4]
  .rodata            const     0x800'49ce     0x2  Board.o [1]
  .text              ro code   0x800'49d0    0x58  memchr.o [4]
  .text              ro code   0x800'4a28    0x70  frexp.o [3]
  .text              ro code   0x800'4a98    0x2e  DblCmpLe.o [3]
  .rodata            const     0x800'4ac6     0x2  xlocale_c.o [2]
  .text              ro code   0x800'4ac8    0x2e  DblCmpGe.o [3]
  .rodata            const     0x800'4af6     0x2  xlocale_c.o [2]
  .text              ro code   0x800'4af8   0x13a  ldexp.o [3]
  .rodata            const     0x800'4c32     0x1  xlocale_c.o [2]
  .text              ro code   0x800'4c34    0x3a  DblToS32.o [3]
  .text              ro code   0x800'4c70    0x22  S32ToDbl.o [3]
  .text              ro code   0x800'4c94    0xe2  DblSub.o [3]
  .text              ro code   0x800'4d78   0x246  DblDiv.o [3]
  .text              ro code   0x800'4fc0    0x28  DblToU32.o [3]
  .text              ro code   0x800'4fe8    0x1a  U32ToDbl.o [3]
  .text              ro code   0x800'5004   0x1a2  DblMul.o [3]
  .text              ro code   0x800'51a6     0xa  xmbcurmax.o [2]
  .text              ro code   0x800'51b0   0x230  I64DivMod.o [4]
  .text              ro code   0x800'53e0     0x6  abort.o [2]
  .text              ro code   0x800'53e8   0x16a  DblAdd.o [3]
  .text              ro code   0x800'5554     0x2  I64DivZer.o [4]
  .text              ro code   0x800'5558    0x14  exit.o [5]
  .text              ro code   0x800'556c   0xf7c  dlmalloc.o [2]
  .text              ro code   0x800'64e8    0x2c  xgetmemchunk.o [2]
  .text              ro code   0x800'6514   0x9a4  usbd_composite.o [1]
  .text              ro code   0x800'6eb8    0x66  ABImemset.o [4]
  .text              ro code   0x800'6f20    0x28  printf.o [2]
  .text              ro code   0x800'6f48   0x1dc  Board.o [1]
  .text              ro code   0x800'7124    0x84  apm32f4xx_syscfg.o [1]
  .text              ro code   0x800'71a8    0x88  apm32f4xx_eint.o [1]
  .text              ro code   0x800'7230   0x140  apm32f4xx_usart.o [1]
  .text              ro code   0x800'7370   0x1bc  usbd_composite_cdc_vcp.o [1]
  .text              ro code   0x800'752c   0x1a0  usbd_descriptor.o [1]
  .text              ro code   0x800'76cc   0x11c  main.o [1]
  .text              ro code   0x800'77e8    0x8c  usb_device_user.o [1]
  .text              ro code   0x800'7874    0x18  log_printf.o [1]
  .text              ro code   0x800'788c    0x78  lz77_init_single.o [4]
  .rodata            const     0x800'7904    0x34  main.o [1]
  .text              ro code   0x800'7938    0x28  apm32f4xx_int.o [1]
  .text              ro code   0x800'7960    0x28  data_init.o [4]
  .text              ro code   0x800'7988    0x22  fpinit_M.o [3]
  .iar.init_table    const     0x800'79ac    0x20  - Linker created -
  .rodata            const     0x800'79cc    0x20  usbd_composite.o [1]
  .text              ro code   0x800'79ec    0x20  vprintf.o [2]
  .text              ro code   0x800'7a0c    0x1e  cmain.o [4]
  .text              ro code   0x800'7a2a     0x4  low_level_init.o [2]
  .text              ro code   0x800'7a2e     0x4  exit.o [2]
  .text              ro code   0x800'7a34     0xa  cexit.o [4]
  .rodata            const     0x800'7a40    0x18  usbd_composite.o [1]
  .rodata            const     0x800'7a58    0x18  usbd_composite.o [1]
  .text              ro code   0x800'7a70    0x16  xprout.o [2]
  .text              ro code   0x800'7a88     0xc  putchar.o [2]
  .rodata            const     0x800'7a94    0x14  usbd_composite_cdc_vcp.o [1]
  .rodata            const     0x800'7aa8    0x14  usbd_descriptor.o [1]
  .rodata            const     0x800'7abc    0x14  usbd_descriptor.o [1]
  .rodata            const     0x800'7ad0    0x10  apm32f4xx_rcm.o [1]
  .rodata            const     0x800'7ae0    0x10  usbd_composite.o [1]
  .rodata            const     0x800'7af0    0x10  usbd_composite.o [1]
  .rodata            const     0x800'7b00    0x10  usbd_descriptor.o [1]
  .rodata            const     0x800'7b10    0x10  usbd_descriptor.o [1]
  .text              ro code   0x800'7b20    0x10  startup_apm32f417xx.o [1]
  .rodata            const     0x800'7b30     0xc  usb_device_user.o [1]
  .text              ro code   0x800'7b3c     0xc  cstartup_M.o [4]
  .rodata            const     0x800'7b48     0x8  apm32f4xx_rcm.o [1]
  .rodata            const     0x800'7b50     0x8  Board.o [1]
  .rodata            const     0x800'7b58     0x8  Board.o [1]
  .rodata            const     0x800'7b60     0x8  Board.o [1]
  .rodata            const     0x800'7b68     0x8  Board.o [1]
  .rodata            const     0x800'7b70     0x8  Board.o [1]
  .rodata            const     0x800'7b78     0x8  main.o [1]
  .rodata            const     0x800'7b80     0x8  usb_device_user.o [1]
  .rodata            const     0x800'7b88     0x8  usbd_composite.o [1]
  .rodata            const     0x800'7b90     0x8  usbd_descriptor.o [1]
  .rodata            const     0x800'7b98     0x4  Board.o [1]
  .rodata            const     0x800'7b9c     0x4  Board.o [1]
  .rodata            const     0x800'7ba0     0x4  Board.o [1]
  .text              ro code   0x800'7ba4     0x4  startup_apm32f417xx.o [1]
  .text              ro code   0x800'7ba8     0x4  startup_apm32f417xx.o [1]
  .text              ro code   0x800'7bac     0x4  startup_apm32f417xx.o [1]
  .text              ro code   0x800'7bb0     0x4  startup_apm32f417xx.o [1]
  .text              ro code   0x800'7bb4     0x4  startup_apm32f417xx.o [1]
  .text              ro code   0x800'7bb8     0x4  startup_apm32f417xx.o [1]
  .text              ro code   0x800'7bbc     0x4  startup_apm32f417xx.o [1]
  .text              ro code   0x800'7bc0     0x4  startup_apm32f417xx.o [1]
  .text              ro code   0x800'7bc4     0x4  startup_apm32f417xx.o [1]
  .text              ro code   0x800'7bc8     0x4  startup_apm32f417xx.o [1]
  .text              ro code   0x800'7bcc     0x4  startup_apm32f417xx.o [1]
  .text              ro code   0x800'7bd0     0x4  startup_apm32f417xx.o [1]
  .text              ro code   0x800'7bd4     0x4  startup_apm32f417xx.o [1]
  .text              ro code   0x800'7bd8     0x4  startup_apm32f417xx.o [1]
  .text              ro code   0x800'7bdc     0x4  startup_apm32f417xx.o [1]
  .text              ro code   0x800'7be0     0x4  startup_apm32f417xx.o [1]
  .text              ro code   0x800'7be4     0x4  startup_apm32f417xx.o [1]
  .text              ro code   0x800'7be8     0x4  startup_apm32f417xx.o [1]
  .text              ro code   0x800'7bec     0x4  startup_apm32f417xx.o [1]
  .text              ro code   0x800'7bf0     0x4  startup_apm32f417xx.o [1]
  .text              ro code   0x800'7bf4     0x4  startup_apm32f417xx.o [1]
  .text              ro code   0x800'7bf8     0x4  startup_apm32f417xx.o [1]
  .text              ro code   0x800'7bfc     0x4  startup_apm32f417xx.o [1]
  .text              ro code   0x800'7c00     0x4  startup_apm32f417xx.o [1]
  .text              ro code   0x800'7c04     0x4  startup_apm32f417xx.o [1]
  .text              ro code   0x800'7c08     0x4  startup_apm32f417xx.o [1]
  .text              ro code   0x800'7c0c     0x4  startup_apm32f417xx.o [1]
  .text              ro code   0x800'7c10     0x4  startup_apm32f417xx.o [1]
  .text              ro code   0x800'7c14     0x4  startup_apm32f417xx.o [1]
  .text              ro code   0x800'7c18     0x4  startup_apm32f417xx.o [1]
  .text              ro code   0x800'7c1c     0x4  startup_apm32f417xx.o [1]
  .text              ro code   0x800'7c20     0x4  startup_apm32f417xx.o [1]
  .text              ro code   0x800'7c24     0x4  startup_apm32f417xx.o [1]
  .text              ro code   0x800'7c28     0x4  startup_apm32f417xx.o [1]
  .text              ro code   0x800'7c2c     0x4  startup_apm32f417xx.o [1]
  .text              ro code   0x800'7c30     0x4  startup_apm32f417xx.o [1]
  .text              ro code   0x800'7c34     0x4  startup_apm32f417xx.o [1]
  .text              ro code   0x800'7c38     0x4  startup_apm32f417xx.o [1]
  .text              ro code   0x800'7c3c     0x4  startup_apm32f417xx.o [1]
  .text              ro code   0x800'7c40     0x4  startup_apm32f417xx.o [1]
  .text              ro code   0x800'7c44     0x4  startup_apm32f417xx.o [1]
  .text              ro code   0x800'7c48     0x4  startup_apm32f417xx.o [1]
  .text              ro code   0x800'7c4c     0x4  startup_apm32f417xx.o [1]
  .text              ro code   0x800'7c50     0x4  startup_apm32f417xx.o [1]
  .text              ro code   0x800'7c54     0x4  startup_apm32f417xx.o [1]
  .text              ro code   0x800'7c58     0x4  startup_apm32f417xx.o [1]
  .text              ro code   0x800'7c5c     0x4  startup_apm32f417xx.o [1]
  .text              ro code   0x800'7c60     0x4  startup_apm32f417xx.o [1]
  .text              ro code   0x800'7c64     0x4  startup_apm32f417xx.o [1]
  .text              ro code   0x800'7c68     0x4  startup_apm32f417xx.o [1]
  .text              ro code   0x800'7c6c     0x4  startup_apm32f417xx.o [1]
  .text              ro code   0x800'7c70     0x4  startup_apm32f417xx.o [1]
  .text              ro code   0x800'7c74     0x4  startup_apm32f417xx.o [1]
  .text              ro code   0x800'7c78     0x4  startup_apm32f417xx.o [1]
  .text              ro code   0x800'7c7c     0x4  startup_apm32f417xx.o [1]
  .text              ro code   0x800'7c80     0x4  startup_apm32f417xx.o [1]
  .text              ro code   0x800'7c84     0x4  startup_apm32f417xx.o [1]
  .text              ro code   0x800'7c88     0x4  startup_apm32f417xx.o [1]
  .text              ro code   0x800'7c8c     0x4  startup_apm32f417xx.o [1]
  .text              ro code   0x800'7c90     0x4  startup_apm32f417xx.o [1]
  .text              ro code   0x800'7c94     0x4  startup_apm32f417xx.o [1]
  .text              ro code   0x800'7c98     0x4  startup_apm32f417xx.o [1]
  .text              ro code   0x800'7c9c     0x4  startup_apm32f417xx.o [1]
  .text              ro code   0x800'7ca0     0x4  startup_apm32f417xx.o [1]
  .text              ro code   0x800'7ca4     0x4  startup_apm32f417xx.o [1]
  .text              ro code   0x800'7ca8     0x4  startup_apm32f417xx.o [1]
  .text              ro code   0x800'7cac     0x4  startup_apm32f417xx.o [1]
  .text              ro code   0x800'7cb0     0x4  startup_apm32f417xx.o [1]
  .text              ro code   0x800'7cb4     0x4  startup_apm32f417xx.o [1]
  .text              ro code   0x800'7cb8     0x4  startup_apm32f417xx.o [1]
  .text              ro code   0x800'7cbc     0x4  startup_apm32f417xx.o [1]
  .text              ro code   0x800'7cc0     0x4  startup_apm32f417xx.o [1]
  .text              ro code   0x800'7cc4     0x4  startup_apm32f417xx.o [1]
  .text              ro code   0x800'7cc8     0x4  startup_apm32f417xx.o [1]
  .text              ro code   0x800'7ccc     0x4  startup_apm32f417xx.o [1]
  .text              ro code   0x800'7cd0     0x4  startup_apm32f417xx.o [1]
  .text              ro code   0x800'7cd4     0x4  startup_apm32f417xx.o [1]
  .text              ro code   0x800'7cd8     0x4  startup_apm32f417xx.o [1]
  .text              ro code   0x800'7cdc     0x4  startup_apm32f417xx.o [1]
  .text              ro code   0x800'7ce0     0x4  startup_apm32f417xx.o [1]
  .text              ro code   0x800'7ce4     0x4  startup_apm32f417xx.o [1]
  .text              ro code   0x800'7ce8     0x4  startup_apm32f417xx.o [1]
  .text              ro code   0x800'7cec     0x4  startup_apm32f417xx.o [1]
  .text              ro code   0x800'7cf0     0x4  startup_apm32f417xx.o [1]
  .rodata            const     0x800'7cf4     0x0  zero_init3.o [4]
  .rodata            const     0x800'7cf4     0x0  lz77_init_single.o [4]
  Initializer bytes  const     0x800'7cf4   0x18f  <for P2-1>
                             - 0x800'7e83  0x7cef

"P2", part 1 of 3:                          0x314
  P2-1                        0x2000'0000   0x314  <Init block>
    .data            inited   0x2000'0000     0x8  Board.o [1]
    .data            inited   0x2000'0008     0x8  Board.o [1]
    .data            inited   0x2000'0010     0x8  Board.o [1]
    .data            inited   0x2000'0018     0x8  Board.o [1]
    .data            inited   0x2000'0020     0x4  log_printf.o [1]
    .data            inited   0x2000'0024     0x4  main.o [1]
    .data            inited   0x2000'0028     0x4  system_apm32f4xx.o [1]
    .data            inited   0x2000'002c    0x10  system_apm32f4xx.o [1]
    .data            inited   0x2000'003c    0x30  usbd_composite.o [1]
    .data            inited   0x2000'006c    0x10  usbd_composite_cdc_vcp.o [1]
    .data            inited   0x2000'007c    0x1c  usbd_composite_cdc_vcp.o [1]
    .data            inited   0x2000'0098    0x30  usbd_descriptor.o [1]
    .data            inited   0x2000'00c8    0x14  usbd_descriptor.o [1]
    .data            inited   0x2000'00dc    0x88  usbd_descriptor.o [1]
    .data            inited   0x2000'0164    0x88  usbd_descriptor.o [1]
    .data            inited   0x2000'01ec    0x1c  usbd_descriptor.o [1]
    .data            inited   0x2000'0208     0x4  usbd_descriptor.o [1]
    .data            inited   0x2000'020c     0xc  usbd_descriptor.o [1]
    .data            inited   0x2000'0218    0x34  usbd_stdReq.o [1]
    .data            inited   0x2000'024c    0x38  xlocale_c.o [2]
    .data            inited   0x2000'0284    0x48  xlocale_c.o [2]
    .data            inited   0x2000'02cc    0x48  xfiles.o [2]
                            - 0x2000'0314   0x314

"P2", part 2 of 3:                         0x15a0
  .bss               zero     0x2000'0314   0x800  usbd_composite_cdc_vcp.o [1]
  .bss               zero     0x2000'0b14   0x478  usbd_board.o [1]
  .bss               zero     0x2000'0f8c   0x400  usbd_composite_cdc_vcp.o [1]
  .bss               zero     0x2000'138c   0x2c8  usb_device_user.o [1]
  .bss               zero     0x2000'1654   0x1d8  dlmalloc.o [2]
  .bss               zero     0x2000'182c    0x50  xfiles.o [2]
  .bss               zero     0x2000'187c    0x18  dlmalloc.o [2]
  .bss               zero     0x2000'1894    0x10  usbd_composite_cdc_vcp.o [1]
  .bss               zero     0x2000'18a4     0x4  board_delay.o [1]
  .bss               zero     0x2000'18a8     0x4  xfail_s.o [2]
  .bss               zero     0x2000'18ac     0x4  xgetmemchunk.o [2]
  .bss               zero     0x2000'18b0     0x1  main.o [1]
  .bss               zero     0x2000'18b1     0x1  main.o [1]
  .bss               zero     0x2000'18b2     0x1  usb_device_user.o [1]
  .bss               zero     0x2000'18b3     0x1  usbd_stdReq.o [1]
                            - 0x2000'18b4  0x15a0

"P2", part 3 of 3:                          0xc00
  CSTACK                      0x2000'18b8   0x400  <Block>
    CSTACK           uninit   0x2000'18b8   0x400  <Block tail>
  HEAP                        0x2000'1cb8   0x800  <Block>
    HEAP             uninit   0x2000'1cb8   0x800  <Block tail>
                            - 0x2000'24b8   0xc00

Unused ranges:

         From           To      Size
         ----           --      ----
   0x800'7e83   0x80f'ffff  0xf'817d
  0x2000'18b4  0x2000'18b7       0x4
  0x2000'24b8  0x2001'ffff  0x1'db48


*******************************************************************************
*** INIT TABLE
***

          Address      Size
          -------      ----
Zero (__iar_zero_init3)
    1 destination range, total size 0x15a0:
          0x2000'0314  0x15a0

Copy/lz77 (__iar_lz77_init_single3)
    1 source range, total size 0x18f (50% of destination):
           0x800'7cf4   0x18f
    1 destination range, total size 0x314:
          0x2000'0000   0x314



*******************************************************************************
*** MODULE SUMMARY
***

    Module                    ro code  ro data  rw data
    ------                    -------  -------  -------
command line/config:
    ---------------------------------------------------
    Total:

E:\workspace\project\APM32F4xx\SDK\APM32F4xx_SDK\Examples\Board_APM32F407_Mini\USB_OTG\Device_Examples\OTGD_Composite_CDC\Project\IAR\APM32F417\Obj: [1]
    Board.o                       476       80       32
    apm32f4xx_eint.o              136
    apm32f4xx_gpio.o              288
    apm32f4xx_int.o                40
    apm32f4xx_misc.o              168
    apm32f4xx_rcm.o               276       24
    apm32f4xx_syscfg.o            132
    apm32f4xx_usart.o             320
    apm32f4xx_usb.o             1'818
    apm32f4xx_usb_device.o      6'280
    board_delay.o                 204                 4
    log_printf.o                   24        2        4
    main.o                        284       62        6
    startup_apm32f417xx.o         756
    system_apm32f4xx.o            436       10       20
    usb_device_user.o             140       20      713
    usbd_board.o                  714             1'144
    usbd_composite.o            2'468      144       48
    usbd_composite_cdc_vcp.o      444       42    3'132
    usbd_core.o                 2'134
    usbd_dataXfer.o               156
    usbd_descriptor.o             416      275      384
    usbd_stdReq.o               1'194       26       53
    ---------------------------------------------------
    Total:                     19'304      685    5'540

dl7M_tlf.a: [2]
    abort.o                         6
    dlmalloc.o                  3'964               496
    exit.o                          4
    low_level_init.o                4
    printf.o                       40
    putchar.o                      12
    vprintf.o                      32
    xencoding_8859_1.o             30
    xfail_s.o                      64                 4
    xfiles.o                                37      152
    xgetmemchunk.o                 44                 4
    xlocale_c.o                   124       70      128
    xmbcurmax.o                    10
    xprintffull.o               4'294
    xprout.o                       22
    ---------------------------------------------------
    Total:                      8'650      107      784

m7M_tls.a: [3]
    DblAdd.o                      362
    DblCmpGe.o                     46
    DblCmpLe.o                     46
    DblDiv.o                      582
    DblMul.o                      418
    DblSub.o                      226
    DblToS32.o                     58
    DblToU32.o                     40
    S32ToDbl.o                     34
    U32ToDbl.o                     26
    fpinit_M.o                     34
    frexp.o                       112
    ldexp.o                       314
    ---------------------------------------------------
    Total:                      2'298

rt7M_tl.a: [4]
    ABImemcpy.o                   166
    ABImemset.o                   102
    I64DivMod.o                   560
    I64DivZer.o                     2
    cexit.o                        10
    cmain.o                        30
    cstartup_M.o                   12
    data_init.o                    40
    lz77_init_single.o            120
    memchr.o                       88
    strchr.o                       22
    strlen.o                       54
    zero_init3.o                   58
    ---------------------------------------------------
    Total:                      1'264

shb_l.a: [5]
    exit.o                         20
    ---------------------------------------------------
    Total:                         20

    Gaps                           23        4
    Linker created                          32    3'072
-------------------------------------------------------
    Grand Total:               31'559      828    9'396


*******************************************************************************
*** ENTRY LIST
***

Entry                       Address   Size  Type      Object
-----                       -------   ----  ----      ------
.iar.init_table$$Base    0x800'79ac          --   Gb  - Linker created -
.iar.init_table$$Limit   0x800'79cc          --   Gb  - Linker created -
?main                    0x800'7a0d         Code  Gb  cmain.o [4]
AHBPrescTable           0x2000'002c   0x10  Data  Gb  system_apm32f4xx.o [1]
BOARD_COMInit            0x800'6fe7   0xf6  Code  Gb  Board.o [1]
BOARD_DelayConfig        0x800'25bf   0x1e  Code  Gb  board_delay.o [1]
BOARD_DelayIRQHandler    0x800'260f    0xa  Code  Gb  board_delay.o [1]
BOARD_DelayMs            0x800'25e3   0x2c  Code  Gb  board_delay.o [1]
BOARD_PBInit             0x800'6f49   0x9e  Code  Gb  Board.o [1]
BOARD_ReadTick           0x800'25dd    0x6  Code  Gb  board_delay.o [1]
BUTTON_CLK               0x800'7b50    0x8  Data  Gb  Board.o [1]
BUTTON_EINT_LINE         0x800'7b58    0x8  Data  Gb  Board.o [1]
BUTTON_IRQn              0x800'37fa    0x2  Data  Gb  Board.o [1]
BUTTON_PIN               0x800'7b98    0x4  Data  Gb  Board.o [1]
BUTTON_PIN_SOURCE        0x800'30fe    0x2  Data  Gb  Board.o [1]
BUTTON_PORT             0x2000'0000    0x8  Data  Gb  Board.o [1]
BUTTON_PORT_SOURCE       0x800'3056    0x2  Data  Gb  Board.o [1]
BusFault_Handler         0x800'793f    0x2  Code  Gb  apm32f4xx_int.o [1]
COM_GPIO_AF              0x800'49ce    0x2  Data  Gb  Board.o [1]
COM_RX_PIN               0x800'7ba0    0x4  Data  Gb  Board.o [1]
COM_RX_PIN_SOURCE        0x800'4956    0x2  Data  Gb  Board.o [1]
COM_RX_PORT             0x2000'0018    0x8  Data  Gb  Board.o [1]
COM_RX_PORT_CLK          0x800'7b70    0x8  Data  Gb  Board.o [1]
COM_TX_PIN               0x800'7b9c    0x4  Data  Gb  Board.o [1]
COM_TX_PIN_SOURCE        0x800'48c2    0x2  Data  Gb  Board.o [1]
COM_TX_PORT             0x2000'0010    0x8  Data  Gb  Board.o [1]
COM_TX_PORT_CLK          0x800'7b68    0x8  Data  Gb  Board.o [1]
COM_USART               0x2000'0008    0x8  Data  Gb  Board.o [1]
COM_USART_CLK            0x800'7b60    0x8  Data  Gb  Board.o [1]
CSTACK$$Base            0x2000'18b8          --   Gb  - Linker created -
CSTACK$$Limit           0x2000'1cb8          --   Gb  - Linker created -
CacheMore                0x800'48c9   0x28  Code  Lc  xlocale_c.o [2]
DebugMon_Handler         0x800'7945    0x2  Code  Gb  apm32f4xx_int.o [1]
EINT_Config              0x800'71a9   0x78  Code  Gb  apm32f4xx_eint.o [1]
GPIO_Config              0x800'2639   0xa8  Code  Gb  apm32f4xx_gpio.o [1]
GPIO_ConfigPinAF         0x800'26f9   0x60  Code  Gb  apm32f4xx_gpio.o [1]
GPIO_ConfigStructInit    0x800'26e1   0x18  Code  Gb  apm32f4xx_gpio.o [1]
HEAP$$Base              0x2000'1cb8          --   Gb  - Linker created -
HEAP$$Limit             0x2000'24b8          --   Gb  - Linker created -
HardFault_Handler        0x800'793b    0x2  Code  Gb  apm32f4xx_int.o [1]
LOG_Print                0x800'7875   0x10  Code  Gb  log_printf.o [1]
LineCoding              0x2000'006c   0x10  Data  Gb  usbd_composite_cdc_vcp.o [1]
MemManage_Handler        0x800'793d    0x2  Code  Gb  apm32f4xx_int.o [1]
NMI_Handler              0x800'7939    0x2  Code  Gb  apm32f4xx_int.o [1]
NVIC_ConfigPriorityGroup
                         0x800'2759    0xc  Code  Gb  apm32f4xx_misc.o [1]
NVIC_EnableIRQRequest    0x800'2765   0x8c  Code  Gb  apm32f4xx_misc.o [1]
OTG_FS_IRQHandler        0x800'7951    0xa  Code  Gb  apm32f4xx_int.o [1]
PendSV_Handler           0x800'7947    0x2  Code  Gb  apm32f4xx_int.o [1]
RCM_EnableAHB1PeriphClock
                         0x800'251d    0xa  Code  Gb  apm32f4xx_rcm.o [1]
RCM_EnableAHB2PeriphClock
                         0x800'2527    0xa  Code  Gb  apm32f4xx_rcm.o [1]
RCM_EnableAPB1PeriphClock
                         0x800'2531    0xa  Code  Gb  apm32f4xx_rcm.o [1]
RCM_EnableAPB2PeriphClock
                         0x800'253b    0xa  Code  Gb  apm32f4xx_rcm.o [1]
RCM_ReadHCLKFreq         0x800'24b9   0x22  Code  Gb  apm32f4xx_rcm.o [1]
RCM_ReadPCLKFreq         0x800'24db   0x42  Code  Gb  apm32f4xx_rcm.o [1]
RCM_ReadSYSCLKFreq       0x800'2459   0x60  Code  Gb  apm32f4xx_rcm.o [1]
Region$$Table$$Base      0x800'79ac          --   Gb  - Linker created -
Region$$Table$$Limit     0x800'79cc          --   Gb  - Linker created -
SVC_Handler              0x800'7943    0x2  Code  Gb  apm32f4xx_int.o [1]
SYSCFG_ConfigEINTLine    0x800'7125   0x74  Code  Gb  apm32f4xx_syscfg.o [1]
SysTick_Config           0x800'2591   0x2e  Code  Lc  board_delay.o [1]
SysTick_Handler          0x800'7949    0x8  Code  Gb  apm32f4xx_int.o [1]
SystemClockConfig        0x800'31c3   0xb0  Code  Gb  system_apm32f4xx.o [1]
SystemCoreClock         0x2000'0028    0x4  Data  Gb  system_apm32f4xx.o [1]
SystemCoreClockUpdate    0x800'3141   0x82  Code  Gb  system_apm32f4xx.o [1]
SystemInit               0x800'3101   0x40  Code  Gb  system_apm32f4xx.o [1]
USART_Config             0x800'7231   0xf0  Code  Gb  apm32f4xx_usart.o [1]
USART_ConfigStructInit   0x800'732d   0x1c  Code  Gb  apm32f4xx_usart.o [1]
USART_Enable             0x800'7349    0xa  Code  Gb  apm32f4xx_usart.o [1]
USART_ReadStatusFlag     0x800'735f   0x12  Code  Gb  apm32f4xx_usart.o [1]
USART_TxData             0x800'7353    0xc  Code  Gb  apm32f4xx_usart.o [1]
USBD_CDC_INTERFACE_FS   0x2000'007c   0x1c  Data  Gb  usbd_composite_cdc_vcp.o [1]
USBD_COMPOSITE_CLASS    0x2000'003c   0x30  Data  Gb  usbd_composite.o [1]
USBD_Composite_CDC_ConfigRxBuffer
                         0x800'6da3   0x2a  Code  Gb  usbd_composite.o [1]
USBD_Composite_CDC_ConfigTxBuffer
                         0x800'6d6f   0x34  Code  Gb  usbd_composite.o [1]
USBD_Composite_CDC_CtrlReceiveData
                         0x800'68d1   0x20  Code  Lc  usbd_composite.o [1]
USBD_Composite_CDC_ReadInterval
                         0x800'6ea9   0x10  Code  Gb  usbd_composite.o [1]
USBD_Composite_CDC_RxPacket
                         0x800'6e4b   0x5e  Code  Gb  usbd_composite.o [1]
USBD_Composite_CDC_TxPacket
                         0x800'6dcd   0x7e  Code  Gb  usbd_composite.o [1]
USBD_Composite_ClassDeInitHandler
                         0x800'6811   0xba  Code  Lc  usbd_composite.o [1]
USBD_Composite_ClassInitHandler
                         0x800'65c5  0x232  Code  Lc  usbd_composite.o [1]
USBD_Composite_DataInHandler
                         0x800'6ba1  0x106  Code  Lc  usbd_composite.o [1]
USBD_Composite_DataOutHandler
                         0x800'6ca7   0x8c  Code  Lc  usbd_composite.o [1]
USBD_Composite_Init      0x800'6515   0xb0  Code  Gb  usbd_composite.o [1]
USBD_Composite_RegisterCDCItf
                         0x800'6d33   0x3c  Code  Gb  usbd_composite.o [1]
USBD_Composite_RxEP0Handler
                         0x800'6b01   0xa0  Code  Lc  usbd_composite.o [1]
USBD_Composite_SOFHandler
                         0x800'68cb    0x6  Code  Lc  usbd_composite.o [1]
USBD_Composite_SetupHandler
                         0x800'68f1  0x210  Code  Lc  usbd_composite.o [1]
USBD_Config              0x800'122f  0x46a  Code  Gb  apm32f4xx_usb_device.o [1]
USBD_ConfigDesc         0x2000'00dc   0x88  Data  Gb  usbd_descriptor.o [1]
USBD_Connect             0x800'300f   0x12  Code  Gb  usbd_core.o [1]
USBD_ConnectCallback     0x800'1cc5    0xc  Code  Gb  usbd_board.o [1]
USBD_CtrlReceiveData     0x800'32dd   0x14  Code  Gb  usbd_dataXfer.o [1]
USBD_CtrlReceiveStatus   0x800'3309   0x18  Code  Gb  usbd_dataXfer.o [1]
USBD_CtrlSendData        0x800'3321   0x1c  Code  Gb  usbd_dataXfer.o [1]
USBD_CtrlSendNextData    0x800'333d   0x14  Code  Gb  usbd_dataXfer.o [1]
USBD_CtrlSendStatus      0x800'32f1   0x18  Code  Gb  usbd_dataXfer.o [1]
USBD_DESC_Ascii2Unicode
                         0x800'752d   0x90  Code  Lc  usbd_descriptor.o [1]
USBD_DESC_FS            0x2000'0098   0x30  Data  Gb  usbd_descriptor.o [1]
USBD_DataInStage         0x800'2dad  0x108  Code  Gb  usbd_core.o [1]
USBD_DataInStageCallback
                         0x800'1be5   0x18  Code  Gb  usbd_board.o [1]
USBD_DataOutStage        0x800'2cad  0x100  Code  Gb  usbd_core.o [1]
USBD_DataOutStageCallback
                         0x800'1bcb   0x1a  Code  Gb  usbd_board.o [1]
USBD_DevQualifierDesc   0x2000'020c    0xc  Data  Gb  usbd_descriptor.o [1]
USBD_DevQualifierDescHandler
                         0x800'768d   0x18  Code  Lc  usbd_descriptor.o [1]
USBD_DeviceDesc         0x2000'00c8   0x14  Data  Gb  usbd_descriptor.o [1]
USBD_Disconnect          0x800'3021   0x36  Code  Gb  usbd_core.o [1]
USBD_DisconnectCallback
                         0x800'1cd1    0xc  Code  Gb  usbd_board.o [1]
USBD_EP0_OutHandler      0x800'0195   0x6e  Code  Gb  apm32f4xx_usb_device.o [1]
USBD_EP0_XferStart       0x800'07ef  0x29e  Code  Gb  apm32f4xx_usb_device.o [1]
USBD_EP_ClearStall       0x800'17f7   0xde  Code  Gb  apm32f4xx_usb_device.o [1]
USBD_EP_ClearStallCallback
                         0x800'1c11   0x14  Code  Gb  usbd_board.o [1]
USBD_EP_Close            0x800'177b   0x54  Code  Gb  apm32f4xx_usb_device.o [1]
USBD_EP_CloseCallback    0x800'1c53    0xe  Code  Gb  usbd_board.o [1]
USBD_EP_Open             0x800'16b1   0xca  Code  Gb  apm32f4xx_usb_device.o [1]
USBD_EP_OpenCallback     0x800'1c41   0x12  Code  Gb  usbd_board.o [1]
USBD_EP_OutSetupHandler
                         0x800'02e7    0x8  Code  Lc  apm32f4xx_usb_device.o [1]
USBD_EP_OutXferHandler   0x800'0203   0xe4  Code  Lc  apm32f4xx_usb_device.o [1]
USBD_EP_PushDataEmptyTxFifo
                         0x800'02ef   0xaa  Code  Gb  apm32f4xx_usb_device.o [1]
USBD_EP_ReadRxDataLen    0x800'0399   0x10  Code  Gb  apm32f4xx_usb_device.o [1]
USBD_EP_ReadRxDataLenCallback
                         0x800'1c33    0xe  Code  Gb  usbd_board.o [1]
USBD_EP_ReadStallStatus
                         0x800'17cf   0x28  Code  Gb  apm32f4xx_usb_device.o [1]
USBD_EP_ReadStallStatusCallback
                         0x800'1c25    0xe  Code  Gb  usbd_board.o [1]
USBD_EP_Receive          0x800'0a8d   0x8a  Code  Gb  apm32f4xx_usb_device.o [1]
USBD_EP_ReceiveCallback
                         0x800'1c61   0x14  Code  Gb  usbd_board.o [1]
USBD_EP_Stall            0x800'18e5   0xf6  Code  Gb  apm32f4xx_usb_device.o [1]
USBD_EP_StallCallback    0x800'1bfd   0x14  Code  Gb  usbd_board.o [1]
USBD_EP_Transfer         0x800'0b17   0x7e  Code  Gb  apm32f4xx_usb_device.o [1]
USBD_EP_TransferCallback
                         0x800'1c75   0x14  Code  Gb  usbd_board.o [1]
USBD_EP_XferStart        0x800'03a9  0x446  Code  Gb  apm32f4xx_usb_device.o [1]
USBD_EnumDoneCallback    0x800'1b8d   0x2e  Code  Gb  usbd_board.o [1]
USBD_EnumDoneIsrHandler
                         0x800'0fd1   0x66  Code  Lc  apm32f4xx_usb_device.o [1]
USBD_FS_CDC_ItfCtrl      0x800'73b7   0xd8  Code  Lc  usbd_composite_cdc_vcp.o [1]
USBD_FS_CDC_ItfDeInit    0x800'73b1    0x6  Code  Lc  usbd_composite_cdc_vcp.o [1]
USBD_FS_CDC_ItfInit      0x800'7371   0x40  Code  Lc  usbd_composite_cdc_vcp.o [1]
USBD_FS_CDC_ItfReceive   0x800'74dd   0x3c  Code  Lc  usbd_composite_cdc_vcp.o [1]
USBD_FS_CDC_ItfSend      0x800'748f   0x48  Code  Gb  usbd_composite_cdc_vcp.o [1]
USBD_FS_CDC_ItfSendEnd   0x800'74d7    0x6  Code  Lc  usbd_composite_cdc_vcp.o [1]
USBD_FS_ConfigDescHandler
                         0x800'75d5   0x18  Code  Lc  usbd_descriptor.o [1]
USBD_FS_ConfigStrDescHandler
                         0x800'75ed   0x16  Code  Lc  usbd_descriptor.o [1]
USBD_FS_DeviceDescHandler
                         0x800'75bd   0x18  Code  Lc  usbd_descriptor.o [1]
USBD_FS_InterfaceStrDescHandler
                         0x800'7603   0x16  Code  Lc  usbd_descriptor.o [1]
USBD_FS_LangIdStrDescHandler
                         0x800'7619   0x18  Code  Lc  usbd_descriptor.o [1]
USBD_FS_ManufacturerStrDescHandler
                         0x800'7631   0x16  Code  Lc  usbd_descriptor.o [1]
USBD_FS_ProductStrDescHandler
                         0x800'7647   0x16  Code  Lc  usbd_descriptor.o [1]
USBD_FS_SerialStrDescHandler
                         0x800'765d   0x18  Code  Lc  usbd_descriptor.o [1]
USBD_HandleSOF           0x800'2f73   0x24  Code  Gb  usbd_core.o [1]
USBD_HardwareInit        0x800'1a1d  0x104  Code  Gb  usbd_board.o [1]
USBD_InEndpointIsrHandler
                         0x800'0d3f  0x138  Code  Lc  apm32f4xx_usb_device.o [1]
USBD_Init                0x800'2801   0x36  Code  Gb  usbd_core.o [1]
USBD_IsoInInComplete     0x800'2f97   0x3c  Code  Gb  usbd_core.o [1]
USBD_IsoInInCompleteCallback
                         0x800'1ca9    0xe  Code  Gb  usbd_board.o [1]
USBD_IsoInInCompleteIsrHanlder
                         0x800'104b   0x1a  Code  Lc  apm32f4xx_usb_device.o [1]
USBD_IsoOutInComplete    0x800'2fd3   0x3c  Code  Gb  usbd_core.o [1]
USBD_IsoOutInCompleteCallback
                         0x800'1cb7    0xe  Code  Gb  usbd_board.o [1]
USBD_IsoOutInCompleteIsrHanlder
                         0x800'1065   0x1a  Code  Lc  apm32f4xx_usb_device.o [1]
USBD_LandIDStrDesc      0x2000'0208    0x4  Data  Gb  usbd_descriptor.o [1]
USBD_NewSessionIsrHandler
                         0x800'107f   0x16  Code  Lc  apm32f4xx_usb_device.o [1]
USBD_OTGIsrHandler       0x800'1095   0x24  Code  Lc  apm32f4xx_usb_device.o [1]
USBD_OTG_ConfigDeviceTxFifo
                         0x800'11d5   0x5a  Code  Gb  apm32f4xx_usb_device.o [1]
USBD_OTG_IsrHandler      0x800'10b9  0x11c  Code  Gb  apm32f4xx_usb_device.o [1]
USBD_OtherSpeedCfgDesc  0x2000'0164   0x88  Data  Gb  usbd_descriptor.o [1]
USBD_OtherSpeedConfigDescHandler
                         0x800'7675   0x18  Code  Lc  usbd_descriptor.o [1]
USBD_OutEndpointIsrHandler
                         0x800'0c6f   0xd0  Code  Lc  apm32f4xx_usb_device.o [1]
USBD_REQ_ClearFeature    0x800'3399   0x2e  Code  Lc  usbd_stdReq.o [1]
USBD_REQ_CtrlError       0x800'37df   0x1c  Code  Gb  usbd_stdReq.o [1]
USBD_REQ_GetCfg          0x800'366f   0x4c  Code  Lc  usbd_stdReq.o [1]
USBD_REQ_GetDesc         0x800'346d  0x1fc  Code  Lc  usbd_stdReq.o [1]
USBD_REQ_GetItf          0x800'37cd    0x6  Code  Lc  usbd_stdReq.o [1]
USBD_REQ_GetStatus       0x800'3351   0x48  Code  Lc  usbd_stdReq.o [1]
USBD_REQ_SetAddress      0x800'33ff   0x6e  Code  Lc  usbd_stdReq.o [1]
USBD_REQ_SetCfg          0x800'36bb  0x10c  Code  Lc  usbd_stdReq.o [1]
USBD_REQ_SetCfg::cfgIndex
                        0x2000'18b3    0x1  Data  Lc  usbd_stdReq.o [1]
USBD_REQ_SetDesc         0x800'3669    0x6  Code  Lc  usbd_stdReq.o [1]
USBD_REQ_SetFeature      0x800'33c7   0x38  Code  Lc  usbd_stdReq.o [1]
USBD_REQ_SetItf          0x800'37d3    0x6  Code  Lc  usbd_stdReq.o [1]
USBD_REQ_SyncFrame       0x800'37d9    0x6  Code  Lc  usbd_stdReq.o [1]
USBD_Reset               0x800'2ef3   0x80  Code  Gb  usbd_core.o [1]
USBD_ResetIsrHandler     0x800'0eb1  0x120  Code  Lc  apm32f4xx_usb_device.o [1]
USBD_Resume              0x800'2eb5   0x20  Code  Gb  usbd_core.o [1]
USBD_ResumeCallback      0x800'1b2d    0xc  Code  Gb  usbd_board.o [1]
USBD_ResumeIsrHandler    0x800'0e77   0x1c  Code  Lc  apm32f4xx_usb_device.o [1]
USBD_RxFifoNoEmptyIsrHandler
                         0x800'0b95   0xda  Code  Lc  apm32f4xx_usb_device.o [1]
USBD_SOFCallback         0x800'1c9d    0xc  Code  Gb  usbd_board.o [1]
USBD_SerialStrDesc      0x2000'01ec   0x1c  Data  Gb  usbd_descriptor.o [1]
USBD_SetDevAddress       0x800'18d5   0x10  Code  Gb  apm32f4xx_usb_device.o [1]
USBD_SetDevAddressCallback
                         0x800'1c89   0x14  Code  Gb  usbd_board.o [1]
USBD_SetSpeed            0x800'2837   0x18  Code  Gb  usbd_core.o [1]
USBD_SetupStage          0x800'2855  0x450  Code  Gb  usbd_core.o [1]
USBD_SetupStageCallback
                         0x800'1bbb   0x10  Code  Gb  usbd_board.o [1]
USBD_SofIsrHanlder       0x800'1037   0x14  Code  Lc  apm32f4xx_usb_device.o [1]
USBD_Start               0x800'19db   0x42  Code  Gb  apm32f4xx_usb_device.o [1]
USBD_StartCallback       0x800'1b21    0xc  Code  Gb  usbd_board.o [1]
USBD_StdDevReqHandler   0x2000'0218   0x34  Data  Gb  usbd_stdReq.o [1]
USBD_Suspend             0x800'2ed5   0x1e  Code  Gb  usbd_core.o [1]
USBD_SuspendCallback     0x800'1b39   0x38  Code  Gb  usbd_board.o [1]
USBD_SuspendIsrHandler   0x800'0e93   0x1e  Code  Lc  apm32f4xx_usb_device.o [1]
USBD_TestModeHandler     0x800'284f    0x6  Code  Gb  usbd_core.o [1]
USBD_UserDelayCallback   0x800'1cdd    0xa  Code  Gb  usbd_board.o [1]
USBH_SetupReqParse       0x800'32b5   0x28  Code  Gb  usbd_dataXfer.o [1]
USB_DevUserApplication   0x800'7729   0x74  Code  Gb  main.o [1]
USB_DevUserApplication::interval
                        0x2000'18b1    0x1  Data  Lc  main.o [1]
USB_DevUserApplication::userAppState
                        0x2000'18b0    0x1  Data  Lc  main.o [1]
USB_DevUserHandler       0x800'77e9   0x44  Code  Lc  usb_device_user.o [1]
USB_DeviceInit           0x800'782d   0x22  Code  Gb  usb_device_user.o [1]
USB_OTG_ClearGlobalIntFlag
                         0x800'1d95    0x4  Code  Gb  apm32f4xx_usb.o [1]
USB_OTG_ConfigMode       0x800'1f19   0x58  Code  Gb  apm32f4xx_usb.o [1]
USB_OTG_ConfigPHY        0x800'1d25    0xc  Code  Gb  apm32f4xx_usb.o [1]
USB_OTG_ConfigRxFifoSize
                         0x800'1d45    0xc  Code  Gb  apm32f4xx_usb.o [1]
USB_OTG_CoreReset        0x800'1e0f   0x40  Code  Gb  apm32f4xx_usb.o [1]
USB_OTG_D_ClearInEpIntStatus
                         0x800'23b7   0x1a  Code  Gb  apm32f4xx_usb.o [1]
USB_OTG_D_ClearOutEpIntStatus
                         0x800'239d   0x1a  Code  Gb  apm32f4xx_usb.o [1]
USB_OTG_D_ConfigDeviceAddress
                         0x800'22b1    0xc  Code  Gb  apm32f4xx_usb.o [1]
USB_OTG_D_ConfigDeviceSpeed
                         0x800'229b    0xc  Code  Gb  apm32f4xx_usb.o [1]
USB_OTG_D_ConfigEP       0x800'1f71  0x13c  Code  Gb  apm32f4xx_usb.o [1]
USB_OTG_D_ConfigPeriodicFrameInterval
                         0x800'228f    0xc  Code  Gb  apm32f4xx_usb.o [1]
USB_OTG_D_ConfigSoftDisconnect
                         0x800'2275   0x1a  Code  Gb  apm32f4xx_usb.o [1]
USB_OTG_D_DisableAllEpInterrupt
                         0x800'2317    0x6  Code  Gb  apm32f4xx_usb.o [1]
USB_OTG_D_DisableAllInEpInterrupt
                         0x800'230b    0x6  Code  Gb  apm32f4xx_usb.o [1]
USB_OTG_D_DisableAllOutEpInterrupt
                         0x800'2311    0x6  Code  Gb  apm32f4xx_usb.o [1]
USB_OTG_D_DisableInEpEmptyInterrupt
                         0x800'22fb   0x10  Code  Gb  apm32f4xx_usb.o [1]
USB_OTG_D_DisableInEpInterrupt
                         0x800'2339    0xa  Code  Gb  apm32f4xx_usb.o [1]
USB_OTG_D_DisableRemoteWakeupSignal
                         0x800'22bd    0xa  Code  Gb  apm32f4xx_usb.o [1]
USB_OTG_D_EnableInEp1Interrupt
                         0x800'231d    0x8  Code  Gb  apm32f4xx_usb.o [1]
USB_OTG_D_EnableInEpEmptyInterrupt
                         0x800'22ed    0xe  Code  Gb  apm32f4xx_usb.o [1]
USB_OTG_D_EnableInEpInterrupt
                         0x800'2331    0x8  Code  Gb  apm32f4xx_usb.o [1]
USB_OTG_D_EnableInEpInterruptMask
                         0x800'22db   0x12  Code  Gb  apm32f4xx_usb.o [1]
USB_OTG_D_EnableOutEp1Interrupt
                         0x800'2325    0xc  Code  Gb  apm32f4xx_usb.o [1]
USB_OTG_D_EnableOutEpInterrupt
                         0x800'2343    0x8  Code  Gb  apm32f4xx_usb.o [1]
USB_OTG_D_EnableOutEpInterruptMask
                         0x800'22c7   0x14  Code  Gb  apm32f4xx_usb.o [1]
USB_OTG_D_ReadAllInEpIntNumber
                         0x800'235b    0xc  Code  Gb  apm32f4xx_usb.o [1]
USB_OTG_D_ReadAllOutEpIntNumber
                         0x800'234b   0x10  Code  Gb  apm32f4xx_usb.o [1]
USB_OTG_D_ReadEnumSpeed
                         0x800'22a7    0xa  Code  Gb  apm32f4xx_usb.o [1]
USB_OTG_D_ReadInEpIntStatus
                         0x800'2383   0x1a  Code  Gb  apm32f4xx_usb.o [1]
USB_OTG_D_ReadOutEpIntStatus
                         0x800'2367   0x1c  Code  Gb  apm32f4xx_usb.o [1]
USB_OTG_D_ResetEP        0x800'20ad  0x1c8  Code  Gb  apm32f4xx_usb.o [1]
USB_OTG_DisableAllGlobalInterrupt
                         0x800'1d6d    0xa  Code  Gb  apm32f4xx_usb.o [1]
USB_OTG_DisableGlobalInterrupt
                         0x800'1d59    0xa  Code  Gb  apm32f4xx_usb.o [1]
USB_OTG_DisablePowerDown
                         0x800'1e59    0xa  Code  Gb  apm32f4xx_usb.o [1]
USB_OTG_EnableAllGlobalInterrupt
                         0x800'1d63    0xa  Code  Gb  apm32f4xx_usb.o [1]
USB_OTG_EnableDMA        0x800'1e63    0xa  Code  Gb  apm32f4xx_usb.o [1]
USB_OTG_EnableGlobalInterrupt
                         0x800'1d51    0x8  Code  Gb  apm32f4xx_usb.o [1]
USB_OTG_EnablePowerDown
                         0x800'1e4f    0xa  Code  Gb  apm32f4xx_usb.o [1]
USB_OTG_FIFO_ReadRxFifoPacket
                         0x800'2401   0x3a  Code  Gb  apm32f4xx_usb.o [1]
USB_OTG_FIFO_WriteFifoPacket
                         0x800'23d1   0x30  Code  Gb  apm32f4xx_usb.o [1]
USB_OTG_FlushRxFIFO      0x800'1de3   0x2c  Code  Gb  apm32f4xx_usb.o [1]
USB_OTG_FlushTxFIFO      0x800'1d99   0x4a  Code  Gb  apm32f4xx_usb.o [1]
USB_OTG_PopRxFifoStatus
                         0x800'1d21    0x4  Code  Gb  apm32f4xx_usb.o [1]
USB_OTG_ReadGlobalIntFlag
                         0x800'1d77   0x14  Code  Gb  apm32f4xx_usb.o [1]
USB_OTG_ReadInterrupts   0x800'1d8b    0xa  Code  Gb  apm32f4xx_usb.o [1]
USB_OTG_ReadMode         0x800'1d31   0x14  Code  Gb  apm32f4xx_usb.o [1]
USB_OTG_SetBurstLenght   0x800'1e6d    0xc  Code  Gb  apm32f4xx_usb.o [1]
USB_OTG_SetTurnaroundTime
                         0x800'1e79   0x94  Code  Gb  apm32f4xx_usb.o [1]
UsageFault_Handler       0x800'7941    0x2  Code  Gb  apm32f4xx_int.o [1]
_Encoding_8859_1_Mbrlen
                         0x800'244d    0x2  Code  Gb  xencoding_8859_1.o [2]
_Encoding_8859_1_Wctomb
                         0x800'243b   0x12  Code  Gb  xencoding_8859_1.o [2]
_LitobFull               0x800'470f  0x10a  Code  Lc  xprintffull.o [2]
_Locale_lconv           0x2000'024c   0x38  Data  Lc  xlocale_c.o [2]
_PrintfFull              0x800'37fd  0xcc2  Code  Gb  xprintffull.o [2]
_Prout                   0x800'7a71   0x16  Code  Gb  xprout.o [2]
_PutcharsFull            0x800'4881   0x2e  Code  Lc  xprintffull.o [2]
_PutstrFull              0x800'464f   0xc0  Code  Lc  xprintffull.o [2]
_PuttxtFull              0x800'4543  0x10c  Code  Lc  xprintffull.o [2]
__NVIC_SetPriority       0x800'256d   0x24  Code  Lc  board_delay.o [1]
__aeabi_cdcmple          0x800'4a99         Code  Gb  DblCmpLe.o [3]
__aeabi_cdrcmple         0x800'4ac9         Code  Gb  DblCmpGe.o [3]
__aeabi_d2iz             0x800'4c35         Code  Gb  DblToS32.o [3]
__aeabi_d2uiz            0x800'4fc1         Code  Gb  DblToU32.o [3]
__aeabi_ddiv             0x800'4d79         Code  Gb  DblDiv.o [3]
__aeabi_dmul             0x800'5005         Code  Gb  DblMul.o [3]
__aeabi_dsub             0x800'4c95         Code  Gb  DblSub.o [3]
__aeabi_i2d              0x800'4c71         Code  Gb  S32ToDbl.o [3]
__aeabi_ldiv0            0x800'5555         Code  Gb  I64DivZer.o [4]
__aeabi_memcpy           0x800'3059         Code  Gb  ABImemcpy.o [4]
__aeabi_memcpy4          0x800'3079         Code  Gb  ABImemcpy.o [4]
__aeabi_memcpy8          0x800'3079         Code  Gb  ABImemcpy.o [4]
__aeabi_memset           0x800'6eb9         Code  Gb  ABImemset.o [4]
__aeabi_ui2d             0x800'4fe9         Code  Gb  U32ToDbl.o [3]
__aeabi_uldivmod         0x800'51b1         Code  Gb  I64DivMod.o [4]
__cmain                  0x800'7a0d         Code  Gb  cmain.o [4]
__data_GetMemChunk       0x800'64e9   0x2c  Code  Gb  xgetmemchunk.o [2]
__data_GetMemChunk::start
                        0x2000'18ac    0x4  Data  Lc  xgetmemchunk.o [2]
__exit                   0x800'5559   0x14  Code  Gb  exit.o [5]
__iar_Fail_s             0x800'4959   0x1c  Code  Gb  xfail_s.o [2]
__iar_Mbcurmax           0x800'51a7    0xa  Code  Gb  xmbcurmax.o [2]
__iar_Memchr             0x800'49d1         Code  Gb  memchr.o [4]
__iar_Memset             0x800'6eb9         Code  Gb  ABImemset.o [4]
__iar_Memset_word        0x800'6ec1         Code  Gb  ABImemset.o [4]
__iar_Stdout            0x2000'02cc   0x48  Data  Gb  xfiles.o [2]
__iar_Strchr             0x800'4941         Code  Gb  strchr.o [4]
__iar_dadd               0x800'4ca5         Code  Gb  DblSub.o [3]
__iar_data_init3         0x800'7961   0x28  Code  Gb  data_init.o [4]
__iar_dlmalloc           0x800'55f5  0xeee  Code  Gb  dlmalloc.o [2]
__iar_dsub               0x800'53e9         Code  Gb  DblAdd.o [3]
__iar_dsubStart          0x800'53fb         Code  Gb  DblAdd.o [3]
__iar_frexp              0x800'4a35         Code  Gb  frexp.o [3]
__iar_frexpl             0x800'4a35         Code  Gb  frexp.o [3]
__iar_globLocale        0x2000'0284   0x48  Data  Lc  xlocale_c.o [2]
__iar_global_Locale      0x800'48c5    0x4  Code  Gb  xlocale_c.o [2]
__iar_init_vfp           0x800'7989         Code  Gb  fpinit_M.o [3]
__iar_ldexp64            0x800'4af9         Code  Gb  ldexp.o [3]
__iar_lz77_init_single3
                         0x800'788d   0x78  Code  Gb  lz77_init_single.o [4]
__iar_program_start      0x800'7b3d         Code  Gb  cstartup_M.o [4]
__iar_scalbln64          0x800'4af9         Code  Gb  ldexp.o [3]
__iar_scalbn64           0x800'4af9         Code  Gb  ldexp.o [3]
__iar_softfp___iar_frexp64
                         0x800'4a29         Code  Gb  frexp.o [3]
__iar_softfp_frexp       0x800'4a29         Code  Gb  frexp.o [3]
__iar_softfp_frexpl      0x800'4a29         Code  Gb  frexp.o [3]
__iar_zero_init3         0x800'1ce7   0x3a  Code  Gb  zero_init3.o [4]
__low_level_init         0x800'7a2b    0x4  Code  Gb  low_level_init.o [2]
__vector_table           0x800'0000         Data  Gb  startup_apm32f417xx.o [1]
_call_main               0x800'7a19         Code  Gb  cmain.o [4]
_exit                    0x800'7a35         Code  Gb  cexit.o [4]
_gLocale_mblen           0x800'492d    0x4  Code  Gb  xlocale_c.o [2]
_gLocale_mblenInt        0x800'48f1   0x2c  Code  Gb  xlocale_c.o [2]
_gLocale_wctomb          0x800'4931    0x4  Code  Gb  xlocale_c.o [2]
_gLocale_wctombInt       0x800'4929    0x4  Code  Gb  xlocale_c.o [2]
_gm_                    0x2000'1654  0x1d8  Data  Lc  dlmalloc.o [2]
_main                    0x800'7a27         Code  Gb  cmain.o [4]
abort                    0x800'53e1    0x6  Code  Gb  abort.o [2]
cdcRxBuffer             0x2000'0314  0x800  Data  Gb  usbd_composite_cdc_vcp.o [1]
cdcTxBuffer             0x2000'0f8c  0x400  Data  Gb  usbd_composite_cdc_vcp.o [1]
delayCount              0x2000'18a4    0x4  Data  Gb  board_delay.o [1]
exit                     0x800'7a2f    0x4  Code  Gb  exit.o [2]
fputc                    0x800'779d   0x22  Code  Gb  main.o [1]
gCDCVCP                 0x2000'1894   0x10  Data  Gb  usbd_composite_cdc_vcp.o [1]
gUsbDevAppStatus        0x2000'18b2    0x1  Data  Gb  usb_device_user.o [1]
gUsbDeviceFS            0x2000'138c  0x2c8  Data  Gb  usb_device_user.o [1]
init_mparams             0x800'5587   0x2c  Code  Lc  dlmalloc.o [2]
init_top                 0x800'55b3   0x34  Code  Lc  dlmalloc.o [2]
ldexp                    0x800'4af9         Code  Gb  ldexp.o [3]
ldexpl                   0x800'4af9         Code  Gb  ldexp.o [3]
localeconv               0x800'4935    0x4  Code  Gb  xlocale_c.o [2]
logCallback             0x2000'0020    0x4  Data  Lc  log_printf.o [1]
main                     0x800'76cd   0x5c  Code  Gb  main.o [1]
memchr                   0x800'49d1         Code  Gb  memchr.o [4]
mparams                 0x2000'187c   0x18  Data  Lc  dlmalloc.o [2]
obuf                    0x2000'182c   0x50  Data  Lc  xfiles.o [2]
printf                   0x800'6f21   0x28  Code  Gb  printf.o [2]
putchar                  0x800'7a89    0xc  Code  Gb  putchar.o [2]
scalbln                  0x800'4af9         Code  Gb  ldexp.o [3]
scalblnl                 0x800'4af9         Code  Gb  ldexp.o [3]
scalbn                   0x800'4af9         Code  Gb  ldexp.o [3]
scalbnl                  0x800'4af9         Code  Gb  ldexp.o [3]
scale                    0x800'4819   0x46  Code  Lc  xprintffull.o [2]
sec_hand                0x2000'18a8    0x4  Data  Lc  xfail_s.o [2]
segment_holding          0x800'556d   0x1a  Code  Lc  dlmalloc.o [2]
strchr                   0x800'4941         Code  Gb  strchr.o [4]
strlen                   0x800'4999         Code  Gb  strlen.o [4]
tag                     0x2000'0024    0x4  Data  Lc  main.o [1]
usbDeviceHandler        0x2000'0b14  0x478  Data  Gb  usbd_board.o [1]
vprintf                  0x800'79ed   0x20  Code  Gb  vprintf.o [2]


[1] = E:\workspace\project\APM32F4xx\SDK\APM32F4xx_SDK\Examples\Board_APM32F407_Mini\USB_OTG\Device_Examples\OTGD_Composite_CDC\Project\IAR\APM32F417\Obj
[2] = dl7M_tlf.a
[3] = m7M_tls.a
[4] = rt7M_tl.a
[5] = shb_l.a

  31'559 bytes of readonly  code memory
     828 bytes of readonly  data memory
   9'396 bytes of readwrite data memory

Errors: none
Warnings: none
