###############################################################################
#
# IAR ELF Linker V8.50.4.261/W32 for ARM                  16/Apr/2026  13:05:40
# Copyright 2007-2020 IAR Systems AB.
#
#    Output file  =
#        E:\workspace\project\APM32F4xx\SDK\APM32F4xx_SDK\Examples\Board_APM32F407_Mini\USB_OTG\Device_Examples\OTGD_Composite_WINUSB\Project\IAR\APM32F417\Exe\OTGD_Composite_WINUSB.out
#    Map file     =
#        E:\workspace\project\APM32F4xx\SDK\APM32F4xx_SDK\Examples\Board_APM32F407_Mini\USB_OTG\Device_Examples\OTGD_Composite_WINUSB\Project\IAR\APM32F417\List\OTGD_Composite_WINUSB.map
#    Command line =
#        -f C:\Users\APEX17~2\AppData\Local\Temp\EW15B6.tmp
#        (E:\workspace\project\APM32F4xx\SDK\APM32F4xx_SDK\Examples\Board_APM32F407_Mini\USB_OTG\Device_Examples\OTGD_Composite_WINUSB\Project\IAR\APM32F417\Obj\apm32f4xx_adc.o
#        E:\workspace\project\APM32F4xx\SDK\APM32F4xx_SDK\Examples\Board_APM32F407_Mini\USB_OTG\Device_Examples\OTGD_Composite_WINUSB\Project\IAR\APM32F417\Obj\apm32f4xx_can.o
#        E:\workspace\project\APM32F4xx\SDK\APM32F4xx_SDK\Examples\Board_APM32F407_Mini\USB_OTG\Device_Examples\OTGD_Composite_WINUSB\Project\IAR\APM32F417\Obj\apm32f4xx_crc.o
#        E:\workspace\project\APM32F4xx\SDK\APM32F4xx_SDK\Examples\Board_APM32F407_Mini\USB_OTG\Device_Examples\OTGD_Composite_WINUSB\Project\IAR\APM32F417\Obj\apm32f4xx_cryp.o
#        E:\workspace\project\APM32F4xx\SDK\APM32F4xx_SDK\Examples\Board_APM32F407_Mini\USB_OTG\Device_Examples\OTGD_Composite_WINUSB\Project\IAR\APM32F417\Obj\apm32f4xx_cryp_aes.o
#        E:\workspace\project\APM32F4xx\SDK\APM32F4xx_SDK\Examples\Board_APM32F407_Mini\USB_OTG\Device_Examples\OTGD_Composite_WINUSB\Project\IAR\APM32F417\Obj\apm32f4xx_cryp_des.o
#        E:\workspace\project\APM32F4xx\SDK\APM32F4xx_SDK\Examples\Board_APM32F407_Mini\USB_OTG\Device_Examples\OTGD_Composite_WINUSB\Project\IAR\APM32F417\Obj\apm32f4xx_cryp_tdes.o
#        E:\workspace\project\APM32F4xx\SDK\APM32F4xx_SDK\Examples\Board_APM32F407_Mini\USB_OTG\Device_Examples\OTGD_Composite_WINUSB\Project\IAR\APM32F417\Obj\apm32f4xx_dac.o
#        E:\workspace\project\APM32F4xx\SDK\APM32F4xx_SDK\Examples\Board_APM32F407_Mini\USB_OTG\Device_Examples\OTGD_Composite_WINUSB\Project\IAR\APM32F417\Obj\apm32f4xx_dbgmcu.o
#        E:\workspace\project\APM32F4xx\SDK\APM32F4xx_SDK\Examples\Board_APM32F407_Mini\USB_OTG\Device_Examples\OTGD_Composite_WINUSB\Project\IAR\APM32F417\Obj\apm32f4xx_dci.o
#        E:\workspace\project\APM32F4xx\SDK\APM32F4xx_SDK\Examples\Board_APM32F407_Mini\USB_OTG\Device_Examples\OTGD_Composite_WINUSB\Project\IAR\APM32F417\Obj\apm32f4xx_dma.o
#        E:\workspace\project\APM32F4xx\SDK\APM32F4xx_SDK\Examples\Board_APM32F407_Mini\USB_OTG\Device_Examples\OTGD_Composite_WINUSB\Project\IAR\APM32F417\Obj\apm32f4xx_dmc.o
#        E:\workspace\project\APM32F4xx\SDK\APM32F4xx_SDK\Examples\Board_APM32F407_Mini\USB_OTG\Device_Examples\OTGD_Composite_WINUSB\Project\IAR\APM32F417\Obj\apm32f4xx_eint.o
#        E:\workspace\project\APM32F4xx\SDK\APM32F4xx_SDK\Examples\Board_APM32F407_Mini\USB_OTG\Device_Examples\OTGD_Composite_WINUSB\Project\IAR\APM32F417\Obj\apm32f4xx_eth.o
#        E:\workspace\project\APM32F4xx\SDK\APM32F4xx_SDK\Examples\Board_APM32F407_Mini\USB_OTG\Device_Examples\OTGD_Composite_WINUSB\Project\IAR\APM32F417\Obj\apm32f4xx_fmc.o
#        E:\workspace\project\APM32F4xx\SDK\APM32F4xx_SDK\Examples\Board_APM32F407_Mini\USB_OTG\Device_Examples\OTGD_Composite_WINUSB\Project\IAR\APM32F417\Obj\apm32f4xx_gpio.o
#        E:\workspace\project\APM32F4xx\SDK\APM32F4xx_SDK\Examples\Board_APM32F407_Mini\USB_OTG\Device_Examples\OTGD_Composite_WINUSB\Project\IAR\APM32F417\Obj\apm32f4xx_hash.o
#        E:\workspace\project\APM32F4xx\SDK\APM32F4xx_SDK\Examples\Board_APM32F407_Mini\USB_OTG\Device_Examples\OTGD_Composite_WINUSB\Project\IAR\APM32F417\Obj\apm32f4xx_hash_md5.o
#        E:\workspace\project\APM32F4xx\SDK\APM32F4xx_SDK\Examples\Board_APM32F407_Mini\USB_OTG\Device_Examples\OTGD_Composite_WINUSB\Project\IAR\APM32F417\Obj\apm32f4xx_hash_sha1.o
#        E:\workspace\project\APM32F4xx\SDK\APM32F4xx_SDK\Examples\Board_APM32F407_Mini\USB_OTG\Device_Examples\OTGD_Composite_WINUSB\Project\IAR\APM32F417\Obj\apm32f4xx_i2c.o
#        E:\workspace\project\APM32F4xx\SDK\APM32F4xx_SDK\Examples\Board_APM32F407_Mini\USB_OTG\Device_Examples\OTGD_Composite_WINUSB\Project\IAR\APM32F417\Obj\apm32f4xx_int.o
#        E:\workspace\project\APM32F4xx\SDK\APM32F4xx_SDK\Examples\Board_APM32F407_Mini\USB_OTG\Device_Examples\OTGD_Composite_WINUSB\Project\IAR\APM32F417\Obj\apm32f4xx_iwdt.o
#        E:\workspace\project\APM32F4xx\SDK\APM32F4xx_SDK\Examples\Board_APM32F407_Mini\USB_OTG\Device_Examples\OTGD_Composite_WINUSB\Project\IAR\APM32F417\Obj\apm32f4xx_misc.o
#        E:\workspace\project\APM32F4xx\SDK\APM32F4xx_SDK\Examples\Board_APM32F407_Mini\USB_OTG\Device_Examples\OTGD_Composite_WINUSB\Project\IAR\APM32F417\Obj\apm32f4xx_pmu.o
#        E:\workspace\project\APM32F4xx\SDK\APM32F4xx_SDK\Examples\Board_APM32F407_Mini\USB_OTG\Device_Examples\OTGD_Composite_WINUSB\Project\IAR\APM32F417\Obj\apm32f4xx_qspi.o
#        E:\workspace\project\APM32F4xx\SDK\APM32F4xx_SDK\Examples\Board_APM32F407_Mini\USB_OTG\Device_Examples\OTGD_Composite_WINUSB\Project\IAR\APM32F417\Obj\apm32f4xx_rcm.o
#        E:\workspace\project\APM32F4xx\SDK\APM32F4xx_SDK\Examples\Board_APM32F407_Mini\USB_OTG\Device_Examples\OTGD_Composite_WINUSB\Project\IAR\APM32F417\Obj\apm32f4xx_rng.o
#        E:\workspace\project\APM32F4xx\SDK\APM32F4xx_SDK\Examples\Board_APM32F407_Mini\USB_OTG\Device_Examples\OTGD_Composite_WINUSB\Project\IAR\APM32F417\Obj\apm32f4xx_rtc.o
#        E:\workspace\project\APM32F4xx\SDK\APM32F4xx_SDK\Examples\Board_APM32F407_Mini\USB_OTG\Device_Examples\OTGD_Composite_WINUSB\Project\IAR\APM32F417\Obj\apm32f4xx_sdio.o
#        E:\workspace\project\APM32F4xx\SDK\APM32F4xx_SDK\Examples\Board_APM32F407_Mini\USB_OTG\Device_Examples\OTGD_Composite_WINUSB\Project\IAR\APM32F417\Obj\apm32f4xx_smc.o
#        E:\workspace\project\APM32F4xx\SDK\APM32F4xx_SDK\Examples\Board_APM32F407_Mini\USB_OTG\Device_Examples\OTGD_Composite_WINUSB\Project\IAR\APM32F417\Obj\apm32f4xx_spi.o
#        E:\workspace\project\APM32F4xx\SDK\APM32F4xx_SDK\Examples\Board_APM32F407_Mini\USB_OTG\Device_Examples\OTGD_Composite_WINUSB\Project\IAR\APM32F417\Obj\apm32f4xx_syscfg.o
#        E:\workspace\project\APM32F4xx\SDK\APM32F4xx_SDK\Examples\Board_APM32F407_Mini\USB_OTG\Device_Examples\OTGD_Composite_WINUSB\Project\IAR\APM32F417\Obj\apm32f4xx_tmr.o
#        E:\workspace\project\APM32F4xx\SDK\APM32F4xx_SDK\Examples\Board_APM32F407_Mini\USB_OTG\Device_Examples\OTGD_Composite_WINUSB\Project\IAR\APM32F417\Obj\apm32f4xx_usart.o
#        E:\workspace\project\APM32F4xx\SDK\APM32F4xx_SDK\Examples\Board_APM32F407_Mini\USB_OTG\Device_Examples\OTGD_Composite_WINUSB\Project\IAR\APM32F417\Obj\apm32f4xx_usb.o
#        E:\workspace\project\APM32F4xx\SDK\APM32F4xx_SDK\Examples\Board_APM32F407_Mini\USB_OTG\Device_Examples\OTGD_Composite_WINUSB\Project\IAR\APM32F417\Obj\apm32f4xx_usb_device.o
#        E:\workspace\project\APM32F4xx\SDK\APM32F4xx_SDK\Examples\Board_APM32F407_Mini\USB_OTG\Device_Examples\OTGD_Composite_WINUSB\Project\IAR\APM32F417\Obj\apm32f4xx_usb_host.o
#        E:\workspace\project\APM32F4xx\SDK\APM32F4xx_SDK\Examples\Board_APM32F407_Mini\USB_OTG\Device_Examples\OTGD_Composite_WINUSB\Project\IAR\APM32F417\Obj\apm32f4xx_wwdt.o
#        E:\workspace\project\APM32F4xx\SDK\APM32F4xx_SDK\Examples\Board_APM32F407_Mini\USB_OTG\Device_Examples\OTGD_Composite_WINUSB\Project\IAR\APM32F417\Obj\Board.o
#        E:\workspace\project\APM32F4xx\SDK\APM32F4xx_SDK\Examples\Board_APM32F407_Mini\USB_OTG\Device_Examples\OTGD_Composite_WINUSB\Project\IAR\APM32F417\Obj\board_delay.o
#        E:\workspace\project\APM32F4xx\SDK\APM32F4xx_SDK\Examples\Board_APM32F407_Mini\USB_OTG\Device_Examples\OTGD_Composite_WINUSB\Project\IAR\APM32F417\Obj\log_printf.o
#        E:\workspace\project\APM32F4xx\SDK\APM32F4xx_SDK\Examples\Board_APM32F407_Mini\USB_OTG\Device_Examples\OTGD_Composite_WINUSB\Project\IAR\APM32F417\Obj\main.o
#        E:\workspace\project\APM32F4xx\SDK\APM32F4xx_SDK\Examples\Board_APM32F407_Mini\USB_OTG\Device_Examples\OTGD_Composite_WINUSB\Project\IAR\APM32F417\Obj\startup_apm32f417xx.o
#        E:\workspace\project\APM32F4xx\SDK\APM32F4xx_SDK\Examples\Board_APM32F407_Mini\USB_OTG\Device_Examples\OTGD_Composite_WINUSB\Project\IAR\APM32F417\Obj\system_apm32f4xx.o
#        E:\workspace\project\APM32F4xx\SDK\APM32F4xx_SDK\Examples\Board_APM32F407_Mini\USB_OTG\Device_Examples\OTGD_Composite_WINUSB\Project\IAR\APM32F417\Obj\usb_device_user.o
#        E:\workspace\project\APM32F4xx\SDK\APM32F4xx_SDK\Examples\Board_APM32F407_Mini\USB_OTG\Device_Examples\OTGD_Composite_WINUSB\Project\IAR\APM32F417\Obj\usbd_board.o
#        E:\workspace\project\APM32F4xx\SDK\APM32F4xx_SDK\Examples\Board_APM32F407_Mini\USB_OTG\Device_Examples\OTGD_Composite_WINUSB\Project\IAR\APM32F417\Obj\usbd_composite.o
#        E:\workspace\project\APM32F4xx\SDK\APM32F4xx_SDK\Examples\Board_APM32F407_Mini\USB_OTG\Device_Examples\OTGD_Composite_WINUSB\Project\IAR\APM32F417\Obj\usbd_composite_winusb_itf.o
#        E:\workspace\project\APM32F4xx\SDK\APM32F4xx_SDK\Examples\Board_APM32F407_Mini\USB_OTG\Device_Examples\OTGD_Composite_WINUSB\Project\IAR\APM32F417\Obj\usbd_core.o
#        E:\workspace\project\APM32F4xx\SDK\APM32F4xx_SDK\Examples\Board_APM32F407_Mini\USB_OTG\Device_Examples\OTGD_Composite_WINUSB\Project\IAR\APM32F417\Obj\usbd_dataXfer.o
#        E:\workspace\project\APM32F4xx\SDK\APM32F4xx_SDK\Examples\Board_APM32F407_Mini\USB_OTG\Device_Examples\OTGD_Composite_WINUSB\Project\IAR\APM32F417\Obj\usbd_descriptor.o
#        E:\workspace\project\APM32F4xx\SDK\APM32F4xx_SDK\Examples\Board_APM32F407_Mini\USB_OTG\Device_Examples\OTGD_Composite_WINUSB\Project\IAR\APM32F417\Obj\usbd_stdReq.o
#        --redirect _Printf=_PrintfFull --redirect _Scanf=_ScanfFull
#        --no_out_extension -o
#        E:\workspace\project\APM32F4xx\SDK\APM32F4xx_SDK\Examples\Board_APM32F407_Mini\USB_OTG\Device_Examples\OTGD_Composite_WINUSB\Project\IAR\APM32F417\Exe\OTGD_Composite_WINUSB.out
#        --map
#        E:\workspace\project\APM32F4xx\SDK\APM32F4xx_SDK\Examples\Board_APM32F407_Mini\USB_OTG\Device_Examples\OTGD_Composite_WINUSB\Project\IAR\APM32F417\List\OTGD_Composite_WINUSB.map
#        --config "C:\Program Files (x86)\IAR Systems\Embedded Workbench
#        8.4\arm\config\linker\Geehy\APM32f417xG.icf" --semihosting --entry
#        __iar_program_start --vfe --text_out locale)
#
###############################################################################

*******************************************************************************
*** RUNTIME MODEL ATTRIBUTES
***

CppFlavor       = *
__Heap_Handler  = DLMalloc
__SystemLibrary = DLib
__dlib_version  = 6


*******************************************************************************
*** HEAP SELECTION
***

The advanced heap was selected because the application calls memory
allocation functions outside of system library functions, and there
are calls to deallocation functions in the application.


*******************************************************************************
*** PLACEMENT SUMMARY
***

"A0":  place at address 0x800'0000 { ro section .intvec };
"P1":  place in [from 0x800'0000 to 0x80f'ffff] { ro };
define block CSTACK with size = 1K, alignment = 8 { };
define block PROC_STACK with size = 0, alignment = 8 { };
define block HEAP with size = 2K, alignment = 8 { };
"P2":  place in [from 0x2000'0000 to 0x2001'ffff] {
          rw, block CSTACK, block PROC_STACK, block HEAP };
initialize by copy { rw };

No sections matched the following patterns:

  section .textrw  in "P3"


  Section            Kind         Address    Size  Object
  -------            ----         -------    ----  ------
"A0":                                       0x194
  .intvec            ro code   0x800'0000   0x194  startup_apm32f417xx.o [1]
                             - 0x800'0194   0x194

"P1":                                      0x7a78
  .text              ro code   0x800'0194  0x1888  apm32f4xx_usb_device.o [1]
  .text              ro code   0x800'1a1c   0x2be  usbd_board.o [1]
  .text              ro code   0x800'1cda    0x3a  zero_init3.o [4]
  .text              ro code   0x800'1d14   0x71a  apm32f4xx_usb.o [1]
  .text              ro code   0x800'242e    0x1e  xencoding_8859_1.o [2]
  .text              ro code   0x800'244c   0x114  apm32f4xx_rcm.o [1]
  .text              ro code   0x800'2560    0xcc  board_delay.o [1]
  .text              ro code   0x800'262c   0x120  apm32f4xx_gpio.o [1]
  .text              ro code   0x800'274c    0xa8  apm32f4xx_misc.o [1]
  .text              ro code   0x800'27f4   0x856  usbd_core.o [1]
  .rodata            const     0x800'304a     0x2  Board.o [1]
  .text              ro code   0x800'304c    0xa6  ABImemcpy.o [4]
  .rodata            const     0x800'30f2     0x2  Board.o [1]
  .text              ro code   0x800'30f4   0x1b4  system_apm32f4xx.o [1]
  .text              ro code   0x800'32a8    0x9c  usbd_dataXfer.o [1]
  .text              ro code   0x800'3344   0x4aa  usbd_stdReq.o [1]
  .rodata            const     0x800'37ee     0x2  Board.o [1]
  .text              ro code   0x800'37f0  0x10c6  xprintffull.o [2]
  .rodata            const     0x800'48b6     0x2  Board.o [1]
  .text              ro code   0x800'48b8    0x7c  xlocale_c.o [2]
  .text              ro code   0x800'4934    0x16  strchr.o [4]
  .rodata            const     0x800'494a     0x2  Board.o [1]
  .text              ro code   0x800'494c    0x40  xfail_s.o [2]
  .text              ro code   0x800'498c    0x36  strlen.o [4]
  .rodata            const     0x800'49c2     0x2  Board.o [1]
  .text              ro code   0x800'49c4    0x58  memchr.o [4]
  .text              ro code   0x800'4a1c    0x70  frexp.o [3]
  .text              ro code   0x800'4a8c    0x2e  DblCmpLe.o [3]
  .rodata            const     0x800'4aba     0x2  xlocale_c.o [2]
  .text              ro code   0x800'4abc    0x2e  DblCmpGe.o [3]
  .rodata            const     0x800'4aea     0x2  xlocale_c.o [2]
  .text              ro code   0x800'4aec   0x13a  ldexp.o [3]
  .rodata            const     0x800'4c26     0x1  xlocale_c.o [2]
  .text              ro code   0x800'4c28    0x3a  DblToS32.o [3]
  .text              ro code   0x800'4c64    0x22  S32ToDbl.o [3]
  .text              ro code   0x800'4c88    0xe2  DblSub.o [3]
  .text              ro code   0x800'4d6c   0x246  DblDiv.o [3]
  .text              ro code   0x800'4fb4    0x28  DblToU32.o [3]
  .text              ro code   0x800'4fdc    0x1a  U32ToDbl.o [3]
  .text              ro code   0x800'4ff8   0x1a2  DblMul.o [3]
  .text              ro code   0x800'519a     0xa  xmbcurmax.o [2]
  .text              ro code   0x800'51a4   0x230  I64DivMod.o [4]
  .text              ro code   0x800'53d4     0x6  abort.o [2]
  .text              ro code   0x800'53dc   0x16a  DblAdd.o [3]
  .text              ro code   0x800'5548     0x2  I64DivZer.o [4]
  .text              ro code   0x800'554c    0x14  exit.o [5]
  .text              ro code   0x800'5560   0xf7c  dlmalloc.o [2]
  .text              ro code   0x800'64dc    0x2c  xgetmemchunk.o [2]
  .text              ro code   0x800'6508   0x7fc  usbd_composite.o [1]
  .text              ro code   0x800'6d04    0x66  ABImemset.o [4]
  .text              ro code   0x800'6d6c    0x28  printf.o [2]
  .text              ro code   0x800'6d94   0x1dc  Board.o [1]
  .text              ro code   0x800'6f70    0x84  apm32f4xx_syscfg.o [1]
  .text              ro code   0x800'6ff4    0x88  apm32f4xx_eint.o [1]
  .text              ro code   0x800'707c   0x140  apm32f4xx_usart.o [1]
  .text              ro code   0x800'71bc   0x1bc  usbd_descriptor.o [1]
  .text              ro code   0x800'7378   0x11c  main.o [1]
  .text              ro code   0x800'7494    0x6c  usb_device_user.o [1]
  .text              ro code   0x800'7500    0x18  log_printf.o [1]
  .text              ro code   0x800'7518    0xdc  usbd_composite_winusb_itf.o [1]
  .text              ro code   0x800'75f4    0x78  lz77_init_single.o [4]
  .rodata            const     0x800'766c    0x34  main.o [1]
  .text              ro code   0x800'76a0    0x28  apm32f4xx_int.o [1]
  .text              ro code   0x800'76c8    0x28  data_init.o [4]
  .text              ro code   0x800'76f0    0x22  fpinit_M.o [3]
  .iar.init_table    const     0x800'7714    0x20  - Linker created -
  .text              ro code   0x800'7734    0x20  vprintf.o [2]
  .text              ro code   0x800'7754    0x1e  cmain.o [4]
  .text              ro code   0x800'7772     0x4  low_level_init.o [2]
  .text              ro code   0x800'7776     0x4  exit.o [2]
  .text              ro code   0x800'777c     0xa  cexit.o [4]
  .rodata            const     0x800'7788    0x18  usbd_composite.o [1]
  .rodata            const     0x800'77a0    0x18  usbd_composite.o [1]
  .rodata            const     0x800'77b8    0x18  usbd_descriptor.o [1]
  .text              ro code   0x800'77d0    0x16  xprout.o [2]
  .text              ro code   0x800'77e8     0xc  putchar.o [2]
  .rodata            const     0x800'77f4    0x14  usbd_composite_winusb_itf.o [1]
  .rodata            const     0x800'7808    0x14  usbd_descriptor.o [1]
  .rodata            const     0x800'781c    0x14  usbd_descriptor.o [1]
  .rodata            const     0x800'7830    0x10  apm32f4xx_rcm.o [1]
  .rodata            const     0x800'7840    0x10  usbd_composite.o [1]
  .rodata            const     0x800'7850    0x10  usbd_composite.o [1]
  .rodata            const     0x800'7860    0x10  usbd_descriptor.o [1]
  .text              ro code   0x800'7870    0x10  startup_apm32f417xx.o [1]
  .text              ro code   0x800'7880     0xc  cstartup_M.o [4]
  .rodata            const     0x800'788c     0x8  apm32f4xx_rcm.o [1]
  .rodata            const     0x800'7894     0x8  Board.o [1]
  .rodata            const     0x800'789c     0x8  Board.o [1]
  .rodata            const     0x800'78a4     0x8  Board.o [1]
  .rodata            const     0x800'78ac     0x8  Board.o [1]
  .rodata            const     0x800'78b4     0x8  Board.o [1]
  .rodata            const     0x800'78bc     0x8  main.o [1]
  .rodata            const     0x800'78c4     0x8  usbd_descriptor.o [1]
  .rodata            const     0x800'78cc     0x4  Board.o [1]
  .rodata            const     0x800'78d0     0x4  Board.o [1]
  .rodata            const     0x800'78d4     0x4  Board.o [1]
  .text              ro code   0x800'78d8     0x4  startup_apm32f417xx.o [1]
  .text              ro code   0x800'78dc     0x4  startup_apm32f417xx.o [1]
  .text              ro code   0x800'78e0     0x4  startup_apm32f417xx.o [1]
  .text              ro code   0x800'78e4     0x4  startup_apm32f417xx.o [1]
  .text              ro code   0x800'78e8     0x4  startup_apm32f417xx.o [1]
  .text              ro code   0x800'78ec     0x4  startup_apm32f417xx.o [1]
  .text              ro code   0x800'78f0     0x4  startup_apm32f417xx.o [1]
  .text              ro code   0x800'78f4     0x4  startup_apm32f417xx.o [1]
  .text              ro code   0x800'78f8     0x4  startup_apm32f417xx.o [1]
  .text              ro code   0x800'78fc     0x4  startup_apm32f417xx.o [1]
  .text              ro code   0x800'7900     0x4  startup_apm32f417xx.o [1]
  .text              ro code   0x800'7904     0x4  startup_apm32f417xx.o [1]
  .text              ro code   0x800'7908     0x4  startup_apm32f417xx.o [1]
  .text              ro code   0x800'790c     0x4  startup_apm32f417xx.o [1]
  .text              ro code   0x800'7910     0x4  startup_apm32f417xx.o [1]
  .text              ro code   0x800'7914     0x4  startup_apm32f417xx.o [1]
  .text              ro code   0x800'7918     0x4  startup_apm32f417xx.o [1]
  .text              ro code   0x800'791c     0x4  startup_apm32f417xx.o [1]
  .text              ro code   0x800'7920     0x4  startup_apm32f417xx.o [1]
  .text              ro code   0x800'7924     0x4  startup_apm32f417xx.o [1]
  .text              ro code   0x800'7928     0x4  startup_apm32f417xx.o [1]
  .text              ro code   0x800'792c     0x4  startup_apm32f417xx.o [1]
  .text              ro code   0x800'7930     0x4  startup_apm32f417xx.o [1]
  .text              ro code   0x800'7934     0x4  startup_apm32f417xx.o [1]
  .text              ro code   0x800'7938     0x4  startup_apm32f417xx.o [1]
  .text              ro code   0x800'793c     0x4  startup_apm32f417xx.o [1]
  .text              ro code   0x800'7940     0x4  startup_apm32f417xx.o [1]
  .text              ro code   0x800'7944     0x4  startup_apm32f417xx.o [1]
  .text              ro code   0x800'7948     0x4  startup_apm32f417xx.o [1]
  .text              ro code   0x800'794c     0x4  startup_apm32f417xx.o [1]
  .text              ro code   0x800'7950     0x4  startup_apm32f417xx.o [1]
  .text              ro code   0x800'7954     0x4  startup_apm32f417xx.o [1]
  .text              ro code   0x800'7958     0x4  startup_apm32f417xx.o [1]
  .text              ro code   0x800'795c     0x4  startup_apm32f417xx.o [1]
  .text              ro code   0x800'7960     0x4  startup_apm32f417xx.o [1]
  .text              ro code   0x800'7964     0x4  startup_apm32f417xx.o [1]
  .text              ro code   0x800'7968     0x4  startup_apm32f417xx.o [1]
  .text              ro code   0x800'796c     0x4  startup_apm32f417xx.o [1]
  .text              ro code   0x800'7970     0x4  startup_apm32f417xx.o [1]
  .text              ro code   0x800'7974     0x4  startup_apm32f417xx.o [1]
  .text              ro code   0x800'7978     0x4  startup_apm32f417xx.o [1]
  .text              ro code   0x800'797c     0x4  startup_apm32f417xx.o [1]
  .text              ro code   0x800'7980     0x4  startup_apm32f417xx.o [1]
  .text              ro code   0x800'7984     0x4  startup_apm32f417xx.o [1]
  .text              ro code   0x800'7988     0x4  startup_apm32f417xx.o [1]
  .text              ro code   0x800'798c     0x4  startup_apm32f417xx.o [1]
  .text              ro code   0x800'7990     0x4  startup_apm32f417xx.o [1]
  .text              ro code   0x800'7994     0x4  startup_apm32f417xx.o [1]
  .text              ro code   0x800'7998     0x4  startup_apm32f417xx.o [1]
  .text              ro code   0x800'799c     0x4  startup_apm32f417xx.o [1]
  .text              ro code   0x800'79a0     0x4  startup_apm32f417xx.o [1]
  .text              ro code   0x800'79a4     0x4  startup_apm32f417xx.o [1]
  .text              ro code   0x800'79a8     0x4  startup_apm32f417xx.o [1]
  .text              ro code   0x800'79ac     0x4  startup_apm32f417xx.o [1]
  .text              ro code   0x800'79b0     0x4  startup_apm32f417xx.o [1]
  .text              ro code   0x800'79b4     0x4  startup_apm32f417xx.o [1]
  .text              ro code   0x800'79b8     0x4  startup_apm32f417xx.o [1]
  .text              ro code   0x800'79bc     0x4  startup_apm32f417xx.o [1]
  .text              ro code   0x800'79c0     0x4  startup_apm32f417xx.o [1]
  .text              ro code   0x800'79c4     0x4  startup_apm32f417xx.o [1]
  .text              ro code   0x800'79c8     0x4  startup_apm32f417xx.o [1]
  .text              ro code   0x800'79cc     0x4  startup_apm32f417xx.o [1]
  .text              ro code   0x800'79d0     0x4  startup_apm32f417xx.o [1]
  .text              ro code   0x800'79d4     0x4  startup_apm32f417xx.o [1]
  .text              ro code   0x800'79d8     0x4  startup_apm32f417xx.o [1]
  .text              ro code   0x800'79dc     0x4  startup_apm32f417xx.o [1]
  .text              ro code   0x800'79e0     0x4  startup_apm32f417xx.o [1]
  .text              ro code   0x800'79e4     0x4  startup_apm32f417xx.o [1]
  .text              ro code   0x800'79e8     0x4  startup_apm32f417xx.o [1]
  .text              ro code   0x800'79ec     0x4  startup_apm32f417xx.o [1]
  .text              ro code   0x800'79f0     0x4  startup_apm32f417xx.o [1]
  .text              ro code   0x800'79f4     0x4  startup_apm32f417xx.o [1]
  .text              ro code   0x800'79f8     0x4  startup_apm32f417xx.o [1]
  .text              ro code   0x800'79fc     0x4  startup_apm32f417xx.o [1]
  .text              ro code   0x800'7a00     0x4  startup_apm32f417xx.o [1]
  .text              ro code   0x800'7a04     0x4  startup_apm32f417xx.o [1]
  .text              ro code   0x800'7a08     0x4  startup_apm32f417xx.o [1]
  .text              ro code   0x800'7a0c     0x4  startup_apm32f417xx.o [1]
  .text              ro code   0x800'7a10     0x4  startup_apm32f417xx.o [1]
  .text              ro code   0x800'7a14     0x4  startup_apm32f417xx.o [1]
  .text              ro code   0x800'7a18     0x4  startup_apm32f417xx.o [1]
  .text              ro code   0x800'7a1c     0x4  startup_apm32f417xx.o [1]
  .text              ro code   0x800'7a20     0x4  startup_apm32f417xx.o [1]
  .text              ro code   0x800'7a24     0x4  startup_apm32f417xx.o [1]
  .rodata            const     0x800'7a28     0x0  zero_init3.o [4]
  .rodata            const     0x800'7a28     0x0  lz77_init_single.o [4]
  Initializer bytes  const     0x800'7a28   0x1e4  <for P2-1>
                             - 0x800'7c0c  0x7a78

"P2", part 1 of 3:                          0x36c
  P2-1                        0x2000'0000   0x36c  <Init block>
    .data            inited   0x2000'0000     0x8  Board.o [1]
    .data            inited   0x2000'0008     0x8  Board.o [1]
    .data            inited   0x2000'0010     0x8  Board.o [1]
    .data            inited   0x2000'0018     0x8  Board.o [1]
    .data            inited   0x2000'0020     0x4  log_printf.o [1]
    .data            inited   0x2000'0024     0x4  main.o [1]
    .data            inited   0x2000'0028     0x4  system_apm32f4xx.o [1]
    .data            inited   0x2000'002c    0x10  system_apm32f4xx.o [1]
    .data            inited   0x2000'003c    0x40  usbd_composite.o [1]
    .data            inited   0x2000'007c    0x90  usbd_composite.o [1]
    .data            inited   0x2000'010c    0x30  usbd_composite.o [1]
    .data            inited   0x2000'013c    0x1c  usbd_composite_winusb_itf.o [1]
    .data            inited   0x2000'0158    0x30  usbd_descriptor.o [1]
    .data            inited   0x2000'0188    0x14  usbd_descriptor.o [1]
    .data            inited   0x2000'019c    0x14  usbd_descriptor.o [1]
    .data            inited   0x2000'01b0    0x48  usbd_descriptor.o [1]
    .data            inited   0x2000'01f8    0x48  usbd_descriptor.o [1]
    .data            inited   0x2000'0240    0x1c  usbd_descriptor.o [1]
    .data            inited   0x2000'025c     0x4  usbd_descriptor.o [1]
    .data            inited   0x2000'0260     0xc  usbd_descriptor.o [1]
    .data            inited   0x2000'026c    0x34  usbd_stdReq.o [1]
    .data            inited   0x2000'02a0    0x38  xlocale_c.o [2]
    .data            inited   0x2000'02d8    0x48  xlocale_c.o [2]
    .data            inited   0x2000'0320    0x48  xfiles.o [2]
    .data            inited   0x2000'0368     0x2  usbd_board.o [1]
    .data            inited   0x2000'036a     0x2  usbd_board.o [1]
                            - 0x2000'036c   0x36c

"P2", part 2 of 3:                         0x15a0
  .bss               zero     0x2000'036c   0x800  usbd_composite_winusb_itf.o [1]
  .bss               zero     0x2000'0b6c   0x478  usbd_board.o [1]
  .bss               zero     0x2000'0fe4   0x400  usbd_composite_winusb_itf.o [1]
  .bss               zero     0x2000'13e4   0x2c8  usb_device_user.o [1]
  .bss               zero     0x2000'16ac   0x1d8  dlmalloc.o [2]
  .bss               zero     0x2000'1884    0x50  xfiles.o [2]
  .bss               zero     0x2000'18d4    0x18  dlmalloc.o [2]
  .bss               zero     0x2000'18ec    0x10  usbd_composite_winusb_itf.o [1]
  .bss               zero     0x2000'18fc     0x4  board_delay.o [1]
  .bss               zero     0x2000'1900     0x4  xfail_s.o [2]
  .bss               zero     0x2000'1904     0x4  xgetmemchunk.o [2]
  .bss               zero     0x2000'1908     0x1  main.o [1]
  .bss               zero     0x2000'1909     0x1  main.o [1]
  .bss               zero     0x2000'190a     0x1  usb_device_user.o [1]
  .bss               zero     0x2000'190b     0x1  usbd_stdReq.o [1]
                            - 0x2000'190c  0x15a0

"P2", part 3 of 3:                          0xc00
  CSTACK                      0x2000'1910   0x400  <Block>
    CSTACK           uninit   0x2000'1910   0x400  <Block tail>
  HEAP                        0x2000'1d10   0x800  <Block>
    HEAP             uninit   0x2000'1d10   0x800  <Block tail>
                            - 0x2000'2510   0xc00

Unused ranges:

         From           To      Size
         ----           --      ----
   0x800'7c0c   0x80f'ffff  0xf'83f4
  0x2000'190c  0x2000'190f       0x4
  0x2000'2510  0x2001'ffff  0x1'daf0


*******************************************************************************
*** INIT TABLE
***

          Address      Size
          -------      ----
Zero (__iar_zero_init3)
    1 destination range, total size 0x15a0:
          0x2000'036c  0x15a0

Copy/lz77 (__iar_lz77_init_single3)
    1 source range, total size 0x1e4 (55% of destination):
           0x800'7a28   0x1e4
    1 destination range, total size 0x36c:
          0x2000'0000   0x36c



*******************************************************************************
*** MODULE SUMMARY
***

    Module                       ro code  ro data  rw data
    ------                       -------  -------  -------
command line/config:
    ------------------------------------------------------
    Total:

E:\workspace\project\APM32F4xx\SDK\APM32F4xx_SDK\Examples\Board_APM32F407_Mini\USB_OTG\Device_Examples\OTGD_Composite_WINUSB\Project\IAR\APM32F417\Obj: [1]
    Board.o                          476       81       32
    apm32f4xx_eint.o                 136
    apm32f4xx_gpio.o                 288
    apm32f4xx_int.o                   40
    apm32f4xx_misc.o                 168
    apm32f4xx_rcm.o                  276       24
    apm32f4xx_syscfg.o               132
    apm32f4xx_usart.o                320
    apm32f4xx_usb.o                1'818
    apm32f4xx_usb_device.o         6'280
    board_delay.o                    204                 4
    log_printf.o                      24        2        4
    main.o                           284       63        6
    startup_apm32f417xx.o            756
    system_apm32f4xx.o               436       11       20
    usb_device_user.o                108               713
    usbd_board.o                     702        3    1'148
    usbd_composite.o               2'044      221      256
    usbd_composite_winusb_itf.o      220       36    3'116
    usbd_core.o                    2'134
    usbd_dataXfer.o                  156
    usbd_descriptor.o                444      240      276
    usbd_stdReq.o                  1'194       29       53
    ------------------------------------------------------
    Total:                        18'640      710    5'628

dl7M_tlf.a: [2]
    abort.o                            6
    dlmalloc.o                     3'964               496
    exit.o                             4
    low_level_init.o                   4
    printf.o                          40
    putchar.o                         12
    vprintf.o                         32
    xencoding_8859_1.o                30
    xfail_s.o                         64                 4
    xfiles.o                                   39      152
    xgetmemchunk.o                    44                 4
    xlocale_c.o                      124       76      128
    xmbcurmax.o                       10
    xprintffull.o                  4'294
    xprout.o                          22
    ------------------------------------------------------
    Total:                         8'650      115      784

m7M_tls.a: [3]
    DblAdd.o                         362
    DblCmpGe.o                        46
    DblCmpLe.o                        46
    DblDiv.o                         582
    DblMul.o                         418
    DblSub.o                         226
    DblToS32.o                        58
    DblToU32.o                        40
    S32ToDbl.o                        34
    U32ToDbl.o                        26
    fpinit_M.o                        34
    frexp.o                          112
    ldexp.o                          314
    ------------------------------------------------------
    Total:                         2'298

rt7M_tl.a: [4]
    ABImemcpy.o                      166
    ABImemset.o                      102
    I64DivMod.o                      560
    I64DivZer.o                        2
    cexit.o                           10
    cmain.o                           30
    cstartup_M.o                      12
    data_init.o                       40
    lz77_init_single.o               120
    memchr.o                          88
    strchr.o                          22
    strlen.o                          54
    zero_init3.o                      58
    ------------------------------------------------------
    Total:                         1'264

shb_l.a: [5]
    exit.o                            20
    ------------------------------------------------------
    Total:                            20

    Gaps                              23        4
    Linker created                             32    3'072
----------------------------------------------------------
    Grand Total:                  30'895      861    9'484


*******************************************************************************
*** ENTRY LIST
***

Entry                       Address   Size  Type      Object
-----                       -------   ----  ----      ------
.iar.init_table$$Base    0x800'7714          --   Gb  - Linker created -
.iar.init_table$$Limit   0x800'7734          --   Gb  - Linker created -
?main                    0x800'7755         Code  Gb  cmain.o [4]
AHBPrescTable           0x2000'002c   0x10  Data  Gb  system_apm32f4xx.o [1]
BOARD_COMInit            0x800'6e33   0xf6  Code  Gb  Board.o [1]
BOARD_DelayConfig        0x800'25b3   0x1e  Code  Gb  board_delay.o [1]
BOARD_DelayIRQHandler    0x800'2603    0xa  Code  Gb  board_delay.o [1]
BOARD_DelayMs            0x800'25d7   0x2c  Code  Gb  board_delay.o [1]
BOARD_PBInit             0x800'6d95   0x9e  Code  Gb  Board.o [1]
BOARD_ReadTick           0x800'25d1    0x6  Code  Gb  board_delay.o [1]
BUTTON_CLK               0x800'7894    0x8  Data  Gb  Board.o [1]
BUTTON_EINT_LINE         0x800'789c    0x8  Data  Gb  Board.o [1]
BUTTON_IRQn              0x800'37ee    0x2  Data  Gb  Board.o [1]
BUTTON_PIN               0x800'78cc    0x4  Data  Gb  Board.o [1]
BUTTON_PIN_SOURCE        0x800'30f2    0x2  Data  Gb  Board.o [1]
BUTTON_PORT             0x2000'0000    0x8  Data  Gb  Board.o [1]
BUTTON_PORT_SOURCE       0x800'304a    0x2  Data  Gb  Board.o [1]
BusFault_Handler         0x800'76a7    0x2  Code  Gb  apm32f4xx_int.o [1]
COM_GPIO_AF              0x800'49c2    0x2  Data  Gb  Board.o [1]
COM_RX_PIN               0x800'78d4    0x4  Data  Gb  Board.o [1]
COM_RX_PIN_SOURCE        0x800'494a    0x2  Data  Gb  Board.o [1]
COM_RX_PORT             0x2000'0018    0x8  Data  Gb  Board.o [1]
COM_RX_PORT_CLK          0x800'78b4    0x8  Data  Gb  Board.o [1]
COM_TX_PIN               0x800'78d0    0x4  Data  Gb  Board.o [1]
COM_TX_PIN_SOURCE        0x800'48b6    0x2  Data  Gb  Board.o [1]
COM_TX_PORT             0x2000'0010    0x8  Data  Gb  Board.o [1]
COM_TX_PORT_CLK          0x800'78ac    0x8  Data  Gb  Board.o [1]
COM_USART               0x2000'0008    0x8  Data  Gb  Board.o [1]
COM_USART_CLK            0x800'78a4    0x8  Data  Gb  Board.o [1]
CSTACK$$Base            0x2000'1910          --   Gb  - Linker created -
CSTACK$$Limit           0x2000'1d10          --   Gb  - Linker created -
CacheMore                0x800'48bd   0x28  Code  Lc  xlocale_c.o [2]
DebugMon_Handler         0x800'76ad    0x2  Code  Gb  apm32f4xx_int.o [1]
EINT_Config              0x800'6ff5   0x78  Code  Gb  apm32f4xx_eint.o [1]
GPIO_Config              0x800'262d   0xa8  Code  Gb  apm32f4xx_gpio.o [1]
GPIO_ConfigPinAF         0x800'26ed   0x60  Code  Gb  apm32f4xx_gpio.o [1]
GPIO_ConfigStructInit    0x800'26d5   0x18  Code  Gb  apm32f4xx_gpio.o [1]
HEAP$$Base              0x2000'1d10          --   Gb  - Linker created -
HEAP$$Limit             0x2000'2510          --   Gb  - Linker created -
HardFault_Handler        0x800'76a3    0x2  Code  Gb  apm32f4xx_int.o [1]
LOG_Print                0x800'7501   0x10  Code  Gb  log_printf.o [1]
MemManage_Handler        0x800'76a5    0x2  Code  Gb  apm32f4xx_int.o [1]
NMI_Handler              0x800'76a1    0x2  Code  Gb  apm32f4xx_int.o [1]
NVIC_ConfigPriorityGroup
                         0x800'274d    0xc  Code  Gb  apm32f4xx_misc.o [1]
NVIC_EnableIRQRequest    0x800'2759   0x8c  Code  Gb  apm32f4xx_misc.o [1]
OTG_FS_IRQHandler        0x800'76b9    0xa  Code  Gb  apm32f4xx_int.o [1]
PendSV_Handler           0x800'76af    0x2  Code  Gb  apm32f4xx_int.o [1]
RCM_EnableAHB1PeriphClock
                         0x800'2511    0xa  Code  Gb  apm32f4xx_rcm.o [1]
RCM_EnableAHB2PeriphClock
                         0x800'251b    0xa  Code  Gb  apm32f4xx_rcm.o [1]
RCM_EnableAPB1PeriphClock
                         0x800'2525    0xa  Code  Gb  apm32f4xx_rcm.o [1]
RCM_EnableAPB2PeriphClock
                         0x800'252f    0xa  Code  Gb  apm32f4xx_rcm.o [1]
RCM_ReadHCLKFreq         0x800'24ad   0x22  Code  Gb  apm32f4xx_rcm.o [1]
RCM_ReadPCLKFreq         0x800'24cf   0x42  Code  Gb  apm32f4xx_rcm.o [1]
RCM_ReadSYSCLKFreq       0x800'244d   0x60  Code  Gb  apm32f4xx_rcm.o [1]
Region$$Table$$Base      0x800'7714          --   Gb  - Linker created -
Region$$Table$$Limit     0x800'7734          --   Gb  - Linker created -
SVC_Handler              0x800'76ab    0x2  Code  Gb  apm32f4xx_int.o [1]
SYSCFG_ConfigEINTLine    0x800'6f71   0x74  Code  Gb  apm32f4xx_syscfg.o [1]
SysTick_Config           0x800'2585   0x2e  Code  Lc  board_delay.o [1]
SysTick_Handler          0x800'76b1    0x8  Code  Gb  apm32f4xx_int.o [1]
SystemClockConfig        0x800'31b7   0xb0  Code  Gb  system_apm32f4xx.o [1]
SystemCoreClock         0x2000'0028    0x4  Data  Gb  system_apm32f4xx.o [1]
SystemCoreClockUpdate    0x800'3135   0x82  Code  Gb  system_apm32f4xx.o [1]
SystemInit               0x800'30f5   0x40  Code  Gb  system_apm32f4xx.o [1]
USART_Config             0x800'707d   0xf0  Code  Gb  apm32f4xx_usart.o [1]
USART_ConfigStructInit   0x800'7179   0x1c  Code  Gb  apm32f4xx_usart.o [1]
USART_Enable             0x800'7195    0xa  Code  Gb  apm32f4xx_usart.o [1]
USART_ReadStatusFlag     0x800'71ab   0x12  Code  Gb  apm32f4xx_usart.o [1]
USART_TxData             0x800'719f    0xc  Code  Gb  apm32f4xx_usart.o [1]
USBD_COMPOSITE_CLASS    0x2000'010c   0x30  Data  Gb  usbd_composite.o [1]
USBD_Composite_ClassDeInitHandler
                         0x800'6805   0x8e  Code  Lc  usbd_composite.o [1]
USBD_Composite_ClassInitHandler
                         0x800'65c9  0x21a  Code  Lc  usbd_composite.o [1]
USBD_Composite_DataInHandler
                         0x800'69db  0x114  Code  Lc  usbd_composite.o [1]
USBD_Composite_DataOutHandler
                         0x800'6aef   0x90  Code  Lc  usbd_composite.o [1]
USBD_Composite_Init      0x800'6539   0x90  Code  Gb  usbd_composite.o [1]
USBD_Composite_RegisterWINUSBItf
                         0x800'6b7f   0x3c  Code  Gb  usbd_composite.o [1]
USBD_Composite_SOFHandler
                         0x800'6893    0x6  Code  Lc  usbd_composite.o [1]
USBD_Composite_SetupHandler
                         0x800'6899  0x142  Code  Lc  usbd_composite.o [1]
USBD_Composite_WINUSB_ConfigRxBuffer
                         0x800'6bef   0x2a  Code  Gb  usbd_composite.o [1]
USBD_Composite_WINUSB_ConfigTxBuffer
                         0x800'6bbb   0x34  Code  Gb  usbd_composite.o [1]
USBD_Composite_WINUSB_ReadInterval
                         0x800'6cf5   0x10  Code  Gb  usbd_composite.o [1]
USBD_Composite_WINUSB_RxPacket
                         0x800'6c97   0x5e  Code  Gb  usbd_composite.o [1]
USBD_Composite_WINUSB_TxPacket
                         0x800'6c19   0x7e  Code  Gb  usbd_composite.o [1]
USBD_Composite_WinUsbFeatureDescHandler
                         0x800'6509   0x18  Code  Lc  usbd_composite.o [1]
USBD_Composite_WinUsbPropertyDescHandler
                         0x800'6521   0x18  Code  Lc  usbd_composite.o [1]
USBD_Config              0x800'122f  0x46a  Code  Gb  apm32f4xx_usb_device.o [1]
USBD_ConfigDesc         0x2000'01b0   0x48  Data  Gb  usbd_descriptor.o [1]
USBD_Connect             0x800'3003   0x12  Code  Gb  usbd_core.o [1]
USBD_ConnectCallback     0x800'1cb9    0xc  Code  Gb  usbd_board.o [1]
USBD_CtrlReceiveData     0x800'32d1   0x14  Code  Gb  usbd_dataXfer.o [1]
USBD_CtrlReceiveStatus   0x800'32fd   0x18  Code  Gb  usbd_dataXfer.o [1]
USBD_CtrlSendData        0x800'3315   0x1c  Code  Gb  usbd_dataXfer.o [1]
USBD_CtrlSendNextData    0x800'3331   0x14  Code  Gb  usbd_dataXfer.o [1]
USBD_CtrlSendStatus      0x800'32e5   0x18  Code  Gb  usbd_dataXfer.o [1]
USBD_DESC_Ascii2Unicode
                         0x800'71bd   0x90  Code  Lc  usbd_descriptor.o [1]
USBD_DESC_FS            0x2000'0158   0x30  Data  Gb  usbd_descriptor.o [1]
USBD_DataInStage         0x800'2da1  0x108  Code  Gb  usbd_core.o [1]
USBD_DataInStageCallback
                         0x800'1bd9   0x18  Code  Gb  usbd_board.o [1]
USBD_DataOutStage        0x800'2ca1  0x100  Code  Gb  usbd_core.o [1]
USBD_DataOutStageCallback
                         0x800'1bbf   0x1a  Code  Gb  usbd_board.o [1]
USBD_DevQualifierDesc   0x2000'0260    0xc  Data  Gb  usbd_descriptor.o [1]
USBD_DevQualifierDescHandler
                         0x800'7335   0x18  Code  Lc  usbd_descriptor.o [1]
USBD_DeviceDesc         0x2000'0188   0x14  Data  Gb  usbd_descriptor.o [1]
USBD_Disconnect          0x800'3015   0x36  Code  Gb  usbd_core.o [1]
USBD_DisconnectCallback
                         0x800'1cc5    0xc  Code  Gb  usbd_board.o [1]
USBD_EP0_OutHandler      0x800'0195   0x6e  Code  Gb  apm32f4xx_usb_device.o [1]
USBD_EP0_XferStart       0x800'07ef  0x29e  Code  Gb  apm32f4xx_usb_device.o [1]
USBD_EP_ClearStall       0x800'17f7   0xde  Code  Gb  apm32f4xx_usb_device.o [1]
USBD_EP_ClearStallCallback
                         0x800'1c05   0x14  Code  Gb  usbd_board.o [1]
USBD_EP_Close            0x800'177b   0x54  Code  Gb  apm32f4xx_usb_device.o [1]
USBD_EP_CloseCallback    0x800'1c47    0xe  Code  Gb  usbd_board.o [1]
USBD_EP_Open             0x800'16b1   0xca  Code  Gb  apm32f4xx_usb_device.o [1]
USBD_EP_OpenCallback     0x800'1c35   0x12  Code  Gb  usbd_board.o [1]
USBD_EP_OutSetupHandler
                         0x800'02e7    0x8  Code  Lc  apm32f4xx_usb_device.o [1]
USBD_EP_OutXferHandler   0x800'0203   0xe4  Code  Lc  apm32f4xx_usb_device.o [1]
USBD_EP_PushDataEmptyTxFifo
                         0x800'02ef   0xaa  Code  Gb  apm32f4xx_usb_device.o [1]
USBD_EP_ReadRxDataLen    0x800'0399   0x10  Code  Gb  apm32f4xx_usb_device.o [1]
USBD_EP_ReadRxDataLenCallback
                         0x800'1c27    0xe  Code  Gb  usbd_board.o [1]
USBD_EP_ReadStallStatus
                         0x800'17cf   0x28  Code  Gb  apm32f4xx_usb_device.o [1]
USBD_EP_ReadStallStatusCallback
                         0x800'1c19    0xe  Code  Gb  usbd_board.o [1]
USBD_EP_Receive          0x800'0a8d   0x8a  Code  Gb  apm32f4xx_usb_device.o [1]
USBD_EP_ReceiveCallback
                         0x800'1c55   0x14  Code  Gb  usbd_board.o [1]
USBD_EP_Stall            0x800'18e5   0xf6  Code  Gb  apm32f4xx_usb_device.o [1]
USBD_EP_StallCallback    0x800'1bf1   0x14  Code  Gb  usbd_board.o [1]
USBD_EP_Transfer         0x800'0b17   0x7e  Code  Gb  apm32f4xx_usb_device.o [1]
USBD_EP_TransferCallback
                         0x800'1c69   0x14  Code  Gb  usbd_board.o [1]
USBD_EP_XferStart        0x800'03a9  0x446  Code  Gb  apm32f4xx_usb_device.o [1]
USBD_EnumDoneCallback    0x800'1b81   0x2e  Code  Gb  usbd_board.o [1]
USBD_EnumDoneIsrHandler
                         0x800'0fd1   0x66  Code  Lc  apm32f4xx_usb_device.o [1]
USBD_FS_ConfigDescHandler
                         0x800'7265   0x18  Code  Lc  usbd_descriptor.o [1]
USBD_FS_ConfigStrDescHandler
                         0x800'727d   0x16  Code  Lc  usbd_descriptor.o [1]
USBD_FS_DeviceDescHandler
                         0x800'724d   0x18  Code  Lc  usbd_descriptor.o [1]
USBD_FS_InterfaceStrDescHandler
                         0x800'7293   0x16  Code  Lc  usbd_descriptor.o [1]
USBD_FS_LangIdStrDescHandler
                         0x800'72c1   0x18  Code  Lc  usbd_descriptor.o [1]
USBD_FS_ManufacturerStrDescHandler
                         0x800'72d9   0x16  Code  Lc  usbd_descriptor.o [1]
USBD_FS_ProductStrDescHandler
                         0x800'72ef   0x16  Code  Lc  usbd_descriptor.o [1]
USBD_FS_SerialStrDescHandler
                         0x800'7305   0x18  Code  Lc  usbd_descriptor.o [1]
USBD_FS_WINUSB_ItfCtrl   0x800'7553    0x6  Code  Lc  usbd_composite_winusb_itf.o [1]
USBD_FS_WINUSB_ItfDeInit
                         0x800'754d    0x6  Code  Lc  usbd_composite_winusb_itf.o [1]
USBD_FS_WINUSB_ItfInit   0x800'7519   0x34  Code  Lc  usbd_composite_winusb_itf.o [1]
USBD_FS_WINUSB_ItfReceive
                         0x800'75a7   0x3c  Code  Lc  usbd_composite_winusb_itf.o [1]
USBD_FS_WINUSB_ItfSend   0x800'7559   0x48  Code  Gb  usbd_composite_winusb_itf.o [1]
USBD_FS_WINUSB_ItfSendEnd
                         0x800'75a1    0x6  Code  Lc  usbd_composite_winusb_itf.o [1]
USBD_FS_WinUsbOsStrDescHandler
                         0x800'72a9   0x18  Code  Lc  usbd_descriptor.o [1]
USBD_HandleSOF           0x800'2f67   0x24  Code  Gb  usbd_core.o [1]
USBD_HardwareInit        0x800'1a1d   0xfa  Code  Gb  usbd_board.o [1]
USBD_InEndpointIsrHandler
                         0x800'0d3f  0x138  Code  Lc  apm32f4xx_usb_device.o [1]
USBD_Init                0x800'27f5   0x36  Code  Gb  usbd_core.o [1]
USBD_IsoInInComplete     0x800'2f8b   0x3c  Code  Gb  usbd_core.o [1]
USBD_IsoInInCompleteCallback
                         0x800'1c9d    0xe  Code  Gb  usbd_board.o [1]
USBD_IsoInInCompleteIsrHanlder
                         0x800'104b   0x1a  Code  Lc  apm32f4xx_usb_device.o [1]
USBD_IsoOutInComplete    0x800'2fc7   0x3c  Code  Gb  usbd_core.o [1]
USBD_IsoOutInCompleteCallback
                         0x800'1cab    0xe  Code  Gb  usbd_board.o [1]
USBD_IsoOutInCompleteIsrHanlder
                         0x800'1065   0x1a  Code  Lc  apm32f4xx_usb_device.o [1]
USBD_LandIDStrDesc      0x2000'025c    0x4  Data  Gb  usbd_descriptor.o [1]
USBD_NewSessionIsrHandler
                         0x800'107f   0x16  Code  Lc  apm32f4xx_usb_device.o [1]
USBD_OTGIsrHandler       0x800'1095   0x24  Code  Lc  apm32f4xx_usb_device.o [1]
USBD_OTG_ConfigDeviceTxFifo
                         0x800'11d5   0x5a  Code  Gb  apm32f4xx_usb_device.o [1]
USBD_OTG_IsrHandler      0x800'10b9  0x11c  Code  Gb  apm32f4xx_usb_device.o [1]
USBD_OtherSpeedCfgDesc  0x2000'01f8   0x48  Data  Gb  usbd_descriptor.o [1]
USBD_OtherSpeedConfigDescHandler
                         0x800'731d   0x18  Code  Lc  usbd_descriptor.o [1]
USBD_OutEndpointIsrHandler
                         0x800'0c6f   0xd0  Code  Lc  apm32f4xx_usb_device.o [1]
USBD_REQ_ClearFeature    0x800'338d   0x2e  Code  Lc  usbd_stdReq.o [1]
USBD_REQ_CtrlError       0x800'37d3   0x1c  Code  Gb  usbd_stdReq.o [1]
USBD_REQ_GetCfg          0x800'3663   0x4c  Code  Lc  usbd_stdReq.o [1]
USBD_REQ_GetDesc         0x800'3461  0x1fc  Code  Lc  usbd_stdReq.o [1]
USBD_REQ_GetItf          0x800'37c1    0x6  Code  Lc  usbd_stdReq.o [1]
USBD_REQ_GetStatus       0x800'3345   0x48  Code  Lc  usbd_stdReq.o [1]
USBD_REQ_SetAddress      0x800'33f3   0x6e  Code  Lc  usbd_stdReq.o [1]
USBD_REQ_SetCfg          0x800'36af  0x10c  Code  Lc  usbd_stdReq.o [1]
USBD_REQ_SetCfg::cfgIndex
                        0x2000'190b    0x1  Data  Lc  usbd_stdReq.o [1]
USBD_REQ_SetDesc         0x800'365d    0x6  Code  Lc  usbd_stdReq.o [1]
USBD_REQ_SetFeature      0x800'33bb   0x38  Code  Lc  usbd_stdReq.o [1]
USBD_REQ_SetItf          0x800'37c7    0x6  Code  Lc  usbd_stdReq.o [1]
USBD_REQ_SyncFrame       0x800'37cd    0x6  Code  Lc  usbd_stdReq.o [1]
USBD_Reset               0x800'2ee7   0x80  Code  Gb  usbd_core.o [1]
USBD_ResetIsrHandler     0x800'0eb1  0x120  Code  Lc  apm32f4xx_usb_device.o [1]
USBD_Resume              0x800'2ea9   0x20  Code  Gb  usbd_core.o [1]
USBD_ResumeCallback      0x800'1b23    0xc  Code  Gb  usbd_board.o [1]
USBD_ResumeIsrHandler    0x800'0e77   0x1c  Code  Lc  apm32f4xx_usb_device.o [1]
USBD_RxFifoNoEmptyIsrHandler
                         0x800'0b95   0xda  Code  Lc  apm32f4xx_usb_device.o [1]
USBD_SOFCallback         0x800'1c91    0xc  Code  Gb  usbd_board.o [1]
USBD_SerialStrDesc      0x2000'0240   0x1c  Data  Gb  usbd_descriptor.o [1]
USBD_SetDevAddress       0x800'18d5   0x10  Code  Gb  apm32f4xx_usb_device.o [1]
USBD_SetDevAddressCallback
                         0x800'1c7d   0x14  Code  Gb  usbd_board.o [1]
USBD_SetSpeed            0x800'282b   0x18  Code  Gb  usbd_core.o [1]
USBD_SetupStage          0x800'2849  0x450  Code  Gb  usbd_core.o [1]
USBD_SetupStageCallback
                         0x800'1baf   0x10  Code  Gb  usbd_board.o [1]
USBD_SofIsrHanlder       0x800'1037   0x14  Code  Lc  apm32f4xx_usb_device.o [1]
USBD_Start               0x800'19db   0x42  Code  Gb  apm32f4xx_usb_device.o [1]
USBD_StartCallback       0x800'1b17    0xc  Code  Gb  usbd_board.o [1]
USBD_StdDevReqHandler   0x2000'026c   0x34  Data  Gb  usbd_stdReq.o [1]
USBD_Suspend             0x800'2ec9   0x1e  Code  Gb  usbd_core.o [1]
USBD_SuspendCallback     0x800'1b2f   0x38  Code  Gb  usbd_board.o [1]
USBD_SuspendIsrHandler   0x800'0e93   0x1e  Code  Lc  apm32f4xx_usb_device.o [1]
USBD_TestModeHandler     0x800'2843    0x6  Code  Gb  usbd_core.o [1]
USBD_UserDelayCallback   0x800'1cd1    0xa  Code  Gb  usbd_board.o [1]
USBD_WINUSB_INTERFACE_FS
                        0x2000'013c   0x1c  Data  Gb  usbd_composite_winusb_itf.o [1]
USBD_WINUSB_IN_EP_ADDR  0x2000'0368    0x2  Data  Gb  usbd_board.o [1]
USBD_WINUSB_OUT_EP_ADDR
                        0x2000'036a    0x2  Data  Gb  usbd_board.o [1]
USBD_WinUsbOsFeatureDesc
                        0x2000'003c   0x40  Data  Gb  usbd_composite.o [1]
USBD_WinUsbOsPropertyDesc
                        0x2000'007c   0x90  Data  Gb  usbd_composite.o [1]
USBD_WinUsbOsString     0x2000'019c   0x14  Data  Gb  usbd_descriptor.o [1]
USBH_SetupReqParse       0x800'32a9   0x28  Code  Gb  usbd_dataXfer.o [1]
USB_DevUserApplication   0x800'73d5   0x74  Code  Gb  main.o [1]
USB_DevUserApplication::interval
                        0x2000'1909    0x1  Data  Lc  main.o [1]
USB_DevUserApplication::userAppState
                        0x2000'1908    0x1  Data  Lc  main.o [1]
USB_DevUserHandler       0x800'7495   0x30  Code  Lc  usb_device_user.o [1]
USB_DeviceInit           0x800'74c5   0x22  Code  Gb  usb_device_user.o [1]
USB_OTG_ClearGlobalIntFlag
                         0x800'1d89    0x4  Code  Gb  apm32f4xx_usb.o [1]
USB_OTG_ConfigMode       0x800'1f0d   0x58  Code  Gb  apm32f4xx_usb.o [1]
USB_OTG_ConfigPHY        0x800'1d19    0xc  Code  Gb  apm32f4xx_usb.o [1]
USB_OTG_ConfigRxFifoSize
                         0x800'1d39    0xc  Code  Gb  apm32f4xx_usb.o [1]
USB_OTG_CoreReset        0x800'1e03   0x40  Code  Gb  apm32f4xx_usb.o [1]
USB_OTG_D_ClearInEpIntStatus
                         0x800'23ab   0x1a  Code  Gb  apm32f4xx_usb.o [1]
USB_OTG_D_ClearOutEpIntStatus
                         0x800'2391   0x1a  Code  Gb  apm32f4xx_usb.o [1]
USB_OTG_D_ConfigDeviceAddress
                         0x800'22a5    0xc  Code  Gb  apm32f4xx_usb.o [1]
USB_OTG_D_ConfigDeviceSpeed
                         0x800'228f    0xc  Code  Gb  apm32f4xx_usb.o [1]
USB_OTG_D_ConfigEP       0x800'1f65  0x13c  Code  Gb  apm32f4xx_usb.o [1]
USB_OTG_D_ConfigPeriodicFrameInterval
                         0x800'2283    0xc  Code  Gb  apm32f4xx_usb.o [1]
USB_OTG_D_ConfigSoftDisconnect
                         0x800'2269   0x1a  Code  Gb  apm32f4xx_usb.o [1]
USB_OTG_D_DisableAllEpInterrupt
                         0x800'230b    0x6  Code  Gb  apm32f4xx_usb.o [1]
USB_OTG_D_DisableAllInEpInterrupt
                         0x800'22ff    0x6  Code  Gb  apm32f4xx_usb.o [1]
USB_OTG_D_DisableAllOutEpInterrupt
                         0x800'2305    0x6  Code  Gb  apm32f4xx_usb.o [1]
USB_OTG_D_DisableInEpEmptyInterrupt
                         0x800'22ef   0x10  Code  Gb  apm32f4xx_usb.o [1]
USB_OTG_D_DisableInEpInterrupt
                         0x800'232d    0xa  Code  Gb  apm32f4xx_usb.o [1]
USB_OTG_D_DisableRemoteWakeupSignal
                         0x800'22b1    0xa  Code  Gb  apm32f4xx_usb.o [1]
USB_OTG_D_EnableInEp1Interrupt
                         0x800'2311    0x8  Code  Gb  apm32f4xx_usb.o [1]
USB_OTG_D_EnableInEpEmptyInterrupt
                         0x800'22e1    0xe  Code  Gb  apm32f4xx_usb.o [1]
USB_OTG_D_EnableInEpInterrupt
                         0x800'2325    0x8  Code  Gb  apm32f4xx_usb.o [1]
USB_OTG_D_EnableInEpInterruptMask
                         0x800'22cf   0x12  Code  Gb  apm32f4xx_usb.o [1]
USB_OTG_D_EnableOutEp1Interrupt
                         0x800'2319    0xc  Code  Gb  apm32f4xx_usb.o [1]
USB_OTG_D_EnableOutEpInterrupt
                         0x800'2337    0x8  Code  Gb  apm32f4xx_usb.o [1]
USB_OTG_D_EnableOutEpInterruptMask
                         0x800'22bb   0x14  Code  Gb  apm32f4xx_usb.o [1]
USB_OTG_D_ReadAllInEpIntNumber
                         0x800'234f    0xc  Code  Gb  apm32f4xx_usb.o [1]
USB_OTG_D_ReadAllOutEpIntNumber
                         0x800'233f   0x10  Code  Gb  apm32f4xx_usb.o [1]
USB_OTG_D_ReadEnumSpeed
                         0x800'229b    0xa  Code  Gb  apm32f4xx_usb.o [1]
USB_OTG_D_ReadInEpIntStatus
                         0x800'2377   0x1a  Code  Gb  apm32f4xx_usb.o [1]
USB_OTG_D_ReadOutEpIntStatus
                         0x800'235b   0x1c  Code  Gb  apm32f4xx_usb.o [1]
USB_OTG_D_ResetEP        0x800'20a1  0x1c8  Code  Gb  apm32f4xx_usb.o [1]
USB_OTG_DisableAllGlobalInterrupt
                         0x800'1d61    0xa  Code  Gb  apm32f4xx_usb.o [1]
USB_OTG_DisableGlobalInterrupt
                         0x800'1d4d    0xa  Code  Gb  apm32f4xx_usb.o [1]
USB_OTG_DisablePowerDown
                         0x800'1e4d    0xa  Code  Gb  apm32f4xx_usb.o [1]
USB_OTG_EnableAllGlobalInterrupt
                         0x800'1d57    0xa  Code  Gb  apm32f4xx_usb.o [1]
USB_OTG_EnableDMA        0x800'1e57    0xa  Code  Gb  apm32f4xx_usb.o [1]
USB_OTG_EnableGlobalInterrupt
                         0x800'1d45    0x8  Code  Gb  apm32f4xx_usb.o [1]
USB_OTG_EnablePowerDown
                         0x800'1e43    0xa  Code  Gb  apm32f4xx_usb.o [1]
USB_OTG_FIFO_ReadRxFifoPacket
                         0x800'23f5   0x3a  Code  Gb  apm32f4xx_usb.o [1]
USB_OTG_FIFO_WriteFifoPacket
                         0x800'23c5   0x30  Code  Gb  apm32f4xx_usb.o [1]
USB_OTG_FlushRxFIFO      0x800'1dd7   0x2c  Code  Gb  apm32f4xx_usb.o [1]
USB_OTG_FlushTxFIFO      0x800'1d8d   0x4a  Code  Gb  apm32f4xx_usb.o [1]
USB_OTG_PopRxFifoStatus
                         0x800'1d15    0x4  Code  Gb  apm32f4xx_usb.o [1]
USB_OTG_ReadGlobalIntFlag
                         0x800'1d6b   0x14  Code  Gb  apm32f4xx_usb.o [1]
USB_OTG_ReadInterrupts   0x800'1d7f    0xa  Code  Gb  apm32f4xx_usb.o [1]
USB_OTG_ReadMode         0x800'1d25   0x14  Code  Gb  apm32f4xx_usb.o [1]
USB_OTG_SetBurstLenght   0x800'1e61    0xc  Code  Gb  apm32f4xx_usb.o [1]
USB_OTG_SetTurnaroundTime
                         0x800'1e6d   0x94  Code  Gb  apm32f4xx_usb.o [1]
UsageFault_Handler       0x800'76a9    0x2  Code  Gb  apm32f4xx_int.o [1]
_Encoding_8859_1_Mbrlen
                         0x800'2441    0x2  Code  Gb  xencoding_8859_1.o [2]
_Encoding_8859_1_Wctomb
                         0x800'242f   0x12  Code  Gb  xencoding_8859_1.o [2]
_LitobFull               0x800'4703  0x10a  Code  Lc  xprintffull.o [2]
_Locale_lconv           0x2000'02a0   0x38  Data  Lc  xlocale_c.o [2]
_PrintfFull              0x800'37f1  0xcc2  Code  Gb  xprintffull.o [2]
_Prout                   0x800'77d1   0x16  Code  Gb  xprout.o [2]
_PutcharsFull            0x800'4875   0x2e  Code  Lc  xprintffull.o [2]
_PutstrFull              0x800'4643   0xc0  Code  Lc  xprintffull.o [2]
_PuttxtFull              0x800'4537  0x10c  Code  Lc  xprintffull.o [2]
__NVIC_SetPriority       0x800'2561   0x24  Code  Lc  board_delay.o [1]
__aeabi_cdcmple          0x800'4a8d         Code  Gb  DblCmpLe.o [3]
__aeabi_cdrcmple         0x800'4abd         Code  Gb  DblCmpGe.o [3]
__aeabi_d2iz             0x800'4c29         Code  Gb  DblToS32.o [3]
__aeabi_d2uiz            0x800'4fb5         Code  Gb  DblToU32.o [3]
__aeabi_ddiv             0x800'4d6d         Code  Gb  DblDiv.o [3]
__aeabi_dmul             0x800'4ff9         Code  Gb  DblMul.o [3]
__aeabi_dsub             0x800'4c89         Code  Gb  DblSub.o [3]
__aeabi_i2d              0x800'4c65         Code  Gb  S32ToDbl.o [3]
__aeabi_ldiv0            0x800'5549         Code  Gb  I64DivZer.o [4]
__aeabi_memcpy           0x800'304d         Code  Gb  ABImemcpy.o [4]
__aeabi_memcpy4          0x800'306d         Code  Gb  ABImemcpy.o [4]
__aeabi_memcpy8          0x800'306d         Code  Gb  ABImemcpy.o [4]
__aeabi_memset           0x800'6d05         Code  Gb  ABImemset.o [4]
__aeabi_ui2d             0x800'4fdd         Code  Gb  U32ToDbl.o [3]
__aeabi_uldivmod         0x800'51a5         Code  Gb  I64DivMod.o [4]
__cmain                  0x800'7755         Code  Gb  cmain.o [4]
__data_GetMemChunk       0x800'64dd   0x2c  Code  Gb  xgetmemchunk.o [2]
__data_GetMemChunk::start
                        0x2000'1904    0x4  Data  Lc  xgetmemchunk.o [2]
__exit                   0x800'554d   0x14  Code  Gb  exit.o [5]
__iar_Fail_s             0x800'494d   0x1c  Code  Gb  xfail_s.o [2]
__iar_Mbcurmax           0x800'519b    0xa  Code  Gb  xmbcurmax.o [2]
__iar_Memchr             0x800'49c5         Code  Gb  memchr.o [4]
__iar_Memset             0x800'6d05         Code  Gb  ABImemset.o [4]
__iar_Memset_word        0x800'6d0d         Code  Gb  ABImemset.o [4]
__iar_Stdout            0x2000'0320   0x48  Data  Gb  xfiles.o [2]
__iar_Strchr             0x800'4935         Code  Gb  strchr.o [4]
__iar_dadd               0x800'4c99         Code  Gb  DblSub.o [3]
__iar_data_init3         0x800'76c9   0x28  Code  Gb  data_init.o [4]
__iar_dlmalloc           0x800'55e9  0xeee  Code  Gb  dlmalloc.o [2]
__iar_dsub               0x800'53dd         Code  Gb  DblAdd.o [3]
__iar_dsubStart          0x800'53ef         Code  Gb  DblAdd.o [3]
__iar_frexp              0x800'4a29         Code  Gb  frexp.o [3]
__iar_frexpl             0x800'4a29         Code  Gb  frexp.o [3]
__iar_globLocale        0x2000'02d8   0x48  Data  Lc  xlocale_c.o [2]
__iar_global_Locale      0x800'48b9    0x4  Code  Gb  xlocale_c.o [2]
__iar_init_vfp           0x800'76f1         Code  Gb  fpinit_M.o [3]
__iar_ldexp64            0x800'4aed         Code  Gb  ldexp.o [3]
__iar_lz77_init_single3
                         0x800'75f5   0x78  Code  Gb  lz77_init_single.o [4]
__iar_program_start      0x800'7881         Code  Gb  cstartup_M.o [4]
__iar_scalbln64          0x800'4aed         Code  Gb  ldexp.o [3]
__iar_scalbn64           0x800'4aed         Code  Gb  ldexp.o [3]
__iar_softfp___iar_frexp64
                         0x800'4a1d         Code  Gb  frexp.o [3]
__iar_softfp_frexp       0x800'4a1d         Code  Gb  frexp.o [3]
__iar_softfp_frexpl      0x800'4a1d         Code  Gb  frexp.o [3]
__iar_zero_init3         0x800'1cdb   0x3a  Code  Gb  zero_init3.o [4]
__low_level_init         0x800'7773    0x4  Code  Gb  low_level_init.o [2]
__vector_table           0x800'0000         Data  Gb  startup_apm32f417xx.o [1]
_call_main               0x800'7761         Code  Gb  cmain.o [4]
_exit                    0x800'777d         Code  Gb  cexit.o [4]
_gLocale_mblen           0x800'4921    0x4  Code  Gb  xlocale_c.o [2]
_gLocale_mblenInt        0x800'48e5   0x2c  Code  Gb  xlocale_c.o [2]
_gLocale_wctomb          0x800'4925    0x4  Code  Gb  xlocale_c.o [2]
_gLocale_wctombInt       0x800'491d    0x4  Code  Gb  xlocale_c.o [2]
_gm_                    0x2000'16ac  0x1d8  Data  Lc  dlmalloc.o [2]
_main                    0x800'776f         Code  Gb  cmain.o [4]
abort                    0x800'53d5    0x6  Code  Gb  abort.o [2]
delayCount              0x2000'18fc    0x4  Data  Gb  board_delay.o [1]
exit                     0x800'7777    0x4  Code  Gb  exit.o [2]
fputc                    0x800'7449   0x22  Code  Gb  main.o [1]
gUsbDevAppStatus        0x2000'190a    0x1  Data  Gb  usb_device_user.o [1]
gUsbDeviceFS            0x2000'13e4  0x2c8  Data  Gb  usb_device_user.o [1]
gWinusbItf              0x2000'18ec   0x10  Data  Gb  usbd_composite_winusb_itf.o [1]
init_mparams             0x800'557b   0x2c  Code  Lc  dlmalloc.o [2]
init_top                 0x800'55a7   0x34  Code  Lc  dlmalloc.o [2]
ldexp                    0x800'4aed         Code  Gb  ldexp.o [3]
ldexpl                   0x800'4aed         Code  Gb  ldexp.o [3]
localeconv               0x800'4929    0x4  Code  Gb  xlocale_c.o [2]
logCallback             0x2000'0020    0x4  Data  Lc  log_printf.o [1]
main                     0x800'7379   0x5c  Code  Gb  main.o [1]
memchr                   0x800'49c5         Code  Gb  memchr.o [4]
mparams                 0x2000'18d4   0x18  Data  Lc  dlmalloc.o [2]
obuf                    0x2000'1884   0x50  Data  Lc  xfiles.o [2]
printf                   0x800'6d6d   0x28  Code  Gb  printf.o [2]
putchar                  0x800'77e9    0xc  Code  Gb  putchar.o [2]
scalbln                  0x800'4aed         Code  Gb  ldexp.o [3]
scalblnl                 0x800'4aed         Code  Gb  ldexp.o [3]
scalbn                   0x800'4aed         Code  Gb  ldexp.o [3]
scalbnl                  0x800'4aed         Code  Gb  ldexp.o [3]
scale                    0x800'480d   0x46  Code  Lc  xprintffull.o [2]
sec_hand                0x2000'1900    0x4  Data  Lc  xfail_s.o [2]
segment_holding          0x800'5561   0x1a  Code  Lc  dlmalloc.o [2]
strchr                   0x800'4935         Code  Gb  strchr.o [4]
strlen                   0x800'498d         Code  Gb  strlen.o [4]
tag                     0x2000'0024    0x4  Data  Lc  main.o [1]
usbDeviceHandler        0x2000'0b6c  0x478  Data  Gb  usbd_board.o [1]
vprintf                  0x800'7735   0x20  Code  Gb  vprintf.o [2]
winusbRxBuffer          0x2000'036c  0x800  Data  Gb  usbd_composite_winusb_itf.o [1]
winusbTxBuffer          0x2000'0fe4  0x400  Data  Gb  usbd_composite_winusb_itf.o [1]


[1] = E:\workspace\project\APM32F4xx\SDK\APM32F4xx_SDK\Examples\Board_APM32F407_Mini\USB_OTG\Device_Examples\OTGD_Composite_WINUSB\Project\IAR\APM32F417\Obj
[2] = dl7M_tlf.a
[3] = m7M_tls.a
[4] = rt7M_tl.a
[5] = shb_l.a

  30'895 bytes of readonly  code memory
     861 bytes of readonly  data memory
   9'484 bytes of readwrite data memory

Errors: none
Warnings: none
