<!doctype html public "-//w3c//dtd html 4.0 transitional//en">
<html><head>
<title>Static Call Graph - [.\Out\APM32F407\I2C_EEPROM.axf]</title></head>
<body><HR>
<H1>Static Call Graph for image .\Out\APM32F407\I2C_EEPROM.axf</H1><HR>
<BR><P>#&#060CALLGRAPH&#062# ARM Linker, 5060960: Last Updated: Thu Apr 16 15:01:10 2026
<BR><P>
<H3>Maximum Stack Usage =        144 bytes + Unknown(Cycles, Untraceable Function Pointers)</H3><H3>
Call chain for Maximum Stack Depth:</H3>
main &rArr; UsartInit &rArr; BOARD_COMInit &rArr; USART_Config &rArr; RCM_ReadPCLKFreq &rArr; RCM_ReadHCLKFreq &rArr; RCM_ReadSYSCLKFreq
<P>
<H3>
Mutually Recursive functions
</H3> <LI><a href="#[1c]">ADC_IRQHandler</a>&nbsp;&nbsp;&nbsp;&rArr;&nbsp;&nbsp;&nbsp;<a href="#[1c]">ADC_IRQHandler</a><BR>
</UL>
<P>
<H3>
Function Pointers
</H3><UL>
 <LI><a href="#[1c]">ADC_IRQHandler</a> from startup_apm32f407xx.o(.text) referenced from startup_apm32f407xx.o(RESET)
 <LI><a href="#[5d]">BN_IRQHandler</a> from startup_apm32f407xx.o(.text) referenced from startup_apm32f407xx.o(RESET)
 <LI><a href="#[4]">BusFault_Handler</a> from apm32f4xx_int.o(i.BusFault_Handler) referenced from startup_apm32f407xx.o(RESET)
 <LI><a href="#[1e]">CAN1_RX0_IRQHandler</a> from startup_apm32f407xx.o(.text) referenced from startup_apm32f407xx.o(RESET)
 <LI><a href="#[1f]">CAN1_RX1_IRQHandler</a> from startup_apm32f407xx.o(.text) referenced from startup_apm32f407xx.o(RESET)
 <LI><a href="#[20]">CAN1_SCE_IRQHandler</a> from startup_apm32f407xx.o(.text) referenced from startup_apm32f407xx.o(RESET)
 <LI><a href="#[1d]">CAN1_TX_IRQHandler</a> from startup_apm32f407xx.o(.text) referenced from startup_apm32f407xx.o(RESET)
 <LI><a href="#[4a]">CAN2_RX0_IRQHandler</a> from startup_apm32f407xx.o(.text) referenced from startup_apm32f407xx.o(RESET)
 <LI><a href="#[4b]">CAN2_RX1_IRQHandler</a> from startup_apm32f407xx.o(.text) referenced from startup_apm32f407xx.o(RESET)
 <LI><a href="#[4c]">CAN2_SCE_IRQHandler</a> from startup_apm32f407xx.o(.text) referenced from startup_apm32f407xx.o(RESET)
 <LI><a href="#[49]">CAN2_TX_IRQHandler</a> from startup_apm32f407xx.o(.text) referenced from startup_apm32f407xx.o(RESET)
 <LI><a href="#[58]">DCI_IRQHandler</a> from startup_apm32f407xx.o(.text) referenced from startup_apm32f407xx.o(RESET)
 <LI><a href="#[15]">DMA1_STR0_IRQHandler</a> from startup_apm32f407xx.o(.text) referenced from startup_apm32f407xx.o(RESET)
 <LI><a href="#[16]">DMA1_STR1_IRQHandler</a> from startup_apm32f407xx.o(.text) referenced from startup_apm32f407xx.o(RESET)
 <LI><a href="#[17]">DMA1_STR2_IRQHandler</a> from startup_apm32f407xx.o(.text) referenced from startup_apm32f407xx.o(RESET)
 <LI><a href="#[18]">DMA1_STR3_IRQHandler</a> from startup_apm32f407xx.o(.text) referenced from startup_apm32f407xx.o(RESET)
 <LI><a href="#[19]">DMA1_STR4_IRQHandler</a> from startup_apm32f407xx.o(.text) referenced from startup_apm32f407xx.o(RESET)
 <LI><a href="#[1a]">DMA1_STR5_IRQHandler</a> from startup_apm32f407xx.o(.text) referenced from startup_apm32f407xx.o(RESET)
 <LI><a href="#[1b]">DMA1_STR6_IRQHandler</a> from startup_apm32f407xx.o(.text) referenced from startup_apm32f407xx.o(RESET)
 <LI><a href="#[39]">DMA1_STR7_IRQHandler</a> from startup_apm32f407xx.o(.text) referenced from startup_apm32f407xx.o(RESET)
 <LI><a href="#[42]">DMA2_STR0_IRQHandler</a> from startup_apm32f407xx.o(.text) referenced from startup_apm32f407xx.o(RESET)
 <LI><a href="#[43]">DMA2_STR1_IRQHandler</a> from startup_apm32f407xx.o(.text) referenced from startup_apm32f407xx.o(RESET)
 <LI><a href="#[44]">DMA2_STR2_IRQHandler</a> from startup_apm32f407xx.o(.text) referenced from startup_apm32f407xx.o(RESET)
 <LI><a href="#[45]">DMA2_STR3_IRQHandler</a> from startup_apm32f407xx.o(.text) referenced from startup_apm32f407xx.o(RESET)
 <LI><a href="#[46]">DMA2_STR4_IRQHandler</a> from startup_apm32f407xx.o(.text) referenced from startup_apm32f407xx.o(RESET)
 <LI><a href="#[4e]">DMA2_STR5_IRQHandler</a> from startup_apm32f407xx.o(.text) referenced from startup_apm32f407xx.o(RESET)
 <LI><a href="#[4f]">DMA2_STR6_IRQHandler</a> from startup_apm32f407xx.o(.text) referenced from startup_apm32f407xx.o(RESET)
 <LI><a href="#[50]">DMA2_STR7_IRQHandler</a> from startup_apm32f407xx.o(.text) referenced from startup_apm32f407xx.o(RESET)
 <LI><a href="#[7]">DebugMon_Handler</a> from apm32f4xx_int.o(i.DebugMon_Handler) referenced from startup_apm32f407xx.o(RESET)
 <LI><a href="#[10]">EINT0_IRQHandler</a> from startup_apm32f407xx.o(.text) referenced from startup_apm32f407xx.o(RESET)
 <LI><a href="#[32]">EINT15_10_IRQHandler</a> from startup_apm32f407xx.o(.text) referenced from startup_apm32f407xx.o(RESET)
 <LI><a href="#[11]">EINT1_IRQHandler</a> from apm32f4xx_int.o(i.EINT1_IRQHandler) referenced from startup_apm32f407xx.o(RESET)
 <LI><a href="#[12]">EINT2_IRQHandler</a> from startup_apm32f407xx.o(.text) referenced from startup_apm32f407xx.o(RESET)
 <LI><a href="#[13]">EINT3_IRQHandler</a> from startup_apm32f407xx.o(.text) referenced from startup_apm32f407xx.o(RESET)
 <LI><a href="#[14]">EINT4_IRQHandler</a> from startup_apm32f407xx.o(.text) referenced from startup_apm32f407xx.o(RESET)
 <LI><a href="#[21]">EINT9_5_IRQHandler</a> from startup_apm32f407xx.o(.text) referenced from startup_apm32f407xx.o(RESET)
 <LI><a href="#[3a]">EMMC_IRQHandler</a> from startup_apm32f407xx.o(.text) referenced from startup_apm32f407xx.o(RESET)
 <LI><a href="#[47]">ETH_IRQHandler</a> from startup_apm32f407xx.o(.text) referenced from startup_apm32f407xx.o(RESET)
 <LI><a href="#[48]">ETH_WKUP_IRQHandler</a> from startup_apm32f407xx.o(.text) referenced from startup_apm32f407xx.o(RESET)
 <LI><a href="#[e]">FLASH_IRQHandler</a> from startup_apm32f407xx.o(.text) referenced from startup_apm32f407xx.o(RESET)
 <LI><a href="#[5a]">FPU_IRQHandler</a> from startup_apm32f407xx.o(.text) referenced from startup_apm32f407xx.o(RESET)
 <LI><a href="#[59]">HASH_RNG_IRQHandler</a> from startup_apm32f407xx.o(.text) referenced from startup_apm32f407xx.o(RESET)
 <LI><a href="#[2]">HardFault_Handler</a> from apm32f4xx_int.o(i.HardFault_Handler) referenced from startup_apm32f407xx.o(RESET)
 <LI><a href="#[2a]">I2C1_ER_IRQHandler</a> from startup_apm32f407xx.o(.text) referenced from startup_apm32f407xx.o(RESET)
 <LI><a href="#[29]">I2C1_EV_IRQHandler</a> from apm32f4xx_int.o(i.I2C1_EV_IRQHandler) referenced from startup_apm32f407xx.o(RESET)
 <LI><a href="#[2c]">I2C2_ER_IRQHandler</a> from startup_apm32f407xx.o(.text) referenced from startup_apm32f407xx.o(RESET)
 <LI><a href="#[2b]">I2C2_EV_IRQHandler</a> from startup_apm32f407xx.o(.text) referenced from startup_apm32f407xx.o(RESET)
 <LI><a href="#[53]">I2C3_ER_IRQHandler</a> from startup_apm32f407xx.o(.text) referenced from startup_apm32f407xx.o(RESET)
 <LI><a href="#[52]">I2C3_EV_IRQHandler</a> from startup_apm32f407xx.o(.text) referenced from startup_apm32f407xx.o(RESET)
 <LI><a href="#[3]">MemManage_Handler</a> from apm32f4xx_int.o(i.MemManage_Handler) referenced from startup_apm32f407xx.o(RESET)
 <LI><a href="#[1]">NMI_Handler</a> from apm32f4xx_int.o(i.NMI_Handler) referenced from startup_apm32f407xx.o(RESET)
 <LI><a href="#[4d]">OTG_FS_IRQHandler</a> from startup_apm32f407xx.o(.text) referenced from startup_apm32f407xx.o(RESET)
 <LI><a href="#[34]">OTG_FS_WKUP_IRQHandler</a> from startup_apm32f407xx.o(.text) referenced from startup_apm32f407xx.o(RESET)
 <LI><a href="#[55]">OTG_HS1_EP1_IN_IRQHandler</a> from startup_apm32f407xx.o(.text) referenced from startup_apm32f407xx.o(RESET)
 <LI><a href="#[54]">OTG_HS1_EP1_OUT_IRQHandler</a> from startup_apm32f407xx.o(.text) referenced from startup_apm32f407xx.o(RESET)
 <LI><a href="#[57]">OTG_HS1_IRQHandler</a> from startup_apm32f407xx.o(.text) referenced from startup_apm32f407xx.o(RESET)
 <LI><a href="#[56]">OTG_HS1_WKUP_IRQHandler</a> from startup_apm32f407xx.o(.text) referenced from startup_apm32f407xx.o(RESET)
 <LI><a href="#[b]">PVD_IRQHandler</a> from startup_apm32f407xx.o(.text) referenced from startup_apm32f407xx.o(RESET)
 <LI><a href="#[8]">PendSV_Handler</a> from apm32f4xx_int.o(i.PendSV_Handler) referenced from startup_apm32f407xx.o(RESET)
 <LI><a href="#[f]">RCM_IRQHandler</a> from startup_apm32f407xx.o(.text) referenced from startup_apm32f407xx.o(RESET)
 <LI><a href="#[33]">RTC_Alarm_IRQHandler</a> from startup_apm32f407xx.o(.text) referenced from startup_apm32f407xx.o(RESET)
 <LI><a href="#[d]">RTC_WKUP_IRQHandler</a> from startup_apm32f407xx.o(.text) referenced from startup_apm32f407xx.o(RESET)
 <LI><a href="#[0]">Reset_Handler</a> from startup_apm32f407xx.o(.text) referenced from startup_apm32f407xx.o(RESET)
 <LI><a href="#[3b]">SDIO_IRQHandler</a> from startup_apm32f407xx.o(.text) referenced from startup_apm32f407xx.o(RESET)
 <LI><a href="#[5b]">SM3_IRQHandler</a> from startup_apm32f407xx.o(.text) referenced from startup_apm32f407xx.o(RESET)
 <LI><a href="#[5c]">SM4_IRQHandler</a> from startup_apm32f407xx.o(.text) referenced from startup_apm32f407xx.o(RESET)
 <LI><a href="#[2d]">SPI1_IRQHandler</a> from startup_apm32f407xx.o(.text) referenced from startup_apm32f407xx.o(RESET)
 <LI><a href="#[2e]">SPI2_IRQHandler</a> from startup_apm32f407xx.o(.text) referenced from startup_apm32f407xx.o(RESET)
 <LI><a href="#[3d]">SPI3_IRQHandler</a> from startup_apm32f407xx.o(.text) referenced from startup_apm32f407xx.o(RESET)
 <LI><a href="#[6]">SVC_Handler</a> from apm32f4xx_int.o(i.SVC_Handler) referenced from startup_apm32f407xx.o(RESET)
 <LI><a href="#[9]">SysTick_Handler</a> from apm32f4xx_int.o(i.SysTick_Handler) referenced from startup_apm32f407xx.o(RESET)
 <LI><a href="#[5f]">SystemInit</a> from system_apm32f4xx.o(i.SystemInit) referenced from startup_apm32f407xx.o(.text)
 <LI><a href="#[c]">TAMP_STAMP_IRQHandler</a> from startup_apm32f407xx.o(.text) referenced from startup_apm32f407xx.o(RESET)
 <LI><a href="#[22]">TMR1_BRK_TMR9_IRQHandler</a> from startup_apm32f407xx.o(.text) referenced from startup_apm32f407xx.o(RESET)
 <LI><a href="#[25]">TMR1_CC_IRQHandler</a> from startup_apm32f407xx.o(.text) referenced from startup_apm32f407xx.o(RESET)
 <LI><a href="#[24]">TMR1_TRG_COM_TMR11_IRQHandler</a> from startup_apm32f407xx.o(.text) referenced from startup_apm32f407xx.o(RESET)
 <LI><a href="#[23]">TMR1_UP_TMR10_IRQHandler</a> from startup_apm32f407xx.o(.text) referenced from startup_apm32f407xx.o(RESET)
 <LI><a href="#[26]">TMR2_IRQHandler</a> from startup_apm32f407xx.o(.text) referenced from startup_apm32f407xx.o(RESET)
 <LI><a href="#[27]">TMR3_IRQHandler</a> from startup_apm32f407xx.o(.text) referenced from startup_apm32f407xx.o(RESET)
 <LI><a href="#[28]">TMR4_IRQHandler</a> from startup_apm32f407xx.o(.text) referenced from startup_apm32f407xx.o(RESET)
 <LI><a href="#[3c]">TMR5_IRQHandler</a> from startup_apm32f407xx.o(.text) referenced from startup_apm32f407xx.o(RESET)
 <LI><a href="#[40]">TMR6_DAC_IRQHandler</a> from startup_apm32f407xx.o(.text) referenced from startup_apm32f407xx.o(RESET)
 <LI><a href="#[41]">TMR7_IRQHandler</a> from startup_apm32f407xx.o(.text) referenced from startup_apm32f407xx.o(RESET)
 <LI><a href="#[35]">TMR8_BRK_TMR12_IRQHandler</a> from startup_apm32f407xx.o(.text) referenced from startup_apm32f407xx.o(RESET)
 <LI><a href="#[38]">TMR8_CC_IRQHandler</a> from startup_apm32f407xx.o(.text) referenced from startup_apm32f407xx.o(RESET)
 <LI><a href="#[37]">TMR8_TRG_COM_TMR14_IRQHandler</a> from startup_apm32f407xx.o(.text) referenced from startup_apm32f407xx.o(RESET)
 <LI><a href="#[36]">TMR8_UP_TMR13_IRQHandler</a> from startup_apm32f407xx.o(.text) referenced from startup_apm32f407xx.o(RESET)
 <LI><a href="#[3e]">UART4_IRQHandler</a> from startup_apm32f407xx.o(.text) referenced from startup_apm32f407xx.o(RESET)
 <LI><a href="#[3f]">UART5_IRQHandler</a> from startup_apm32f407xx.o(.text) referenced from startup_apm32f407xx.o(RESET)
 <LI><a href="#[2f]">USART1_IRQHandler</a> from startup_apm32f407xx.o(.text) referenced from startup_apm32f407xx.o(RESET)
 <LI><a href="#[30]">USART2_IRQHandler</a> from startup_apm32f407xx.o(.text) referenced from startup_apm32f407xx.o(RESET)
 <LI><a href="#[31]">USART3_IRQHandler</a> from startup_apm32f407xx.o(.text) referenced from startup_apm32f407xx.o(RESET)
 <LI><a href="#[51]">USART6_IRQHandler</a> from startup_apm32f407xx.o(.text) referenced from startup_apm32f407xx.o(RESET)
 <LI><a href="#[5]">UsageFault_Handler</a> from apm32f4xx_int.o(i.UsageFault_Handler) referenced from startup_apm32f407xx.o(RESET)
 <LI><a href="#[a]">WWDT_IRQHandler</a> from startup_apm32f407xx.o(.text) referenced from startup_apm32f407xx.o(RESET)
 <LI><a href="#[60]">__main</a> from entry.o(.ARM.Collect$$$$00000000) referenced from startup_apm32f407xx.o(.text)
 <LI><a href="#[61]">fputc</a> from main.o(i.fputc) referenced from printf1.o(i.__0printf$1)
 <LI><a href="#[5e]">main</a> from main.o(i.main) referenced from entry9a.o(.ARM.Collect$$$$0000000B)
</UL>
<P>
<H3>
Global Symbols
</H3>
<P><STRONG><a name="[60]"></a>__main</STRONG> (Thumb, 0 bytes, Stack size unknown bytes, entry.o(.ARM.Collect$$$$00000000))
<BR>[Address Reference Count : 1]<UL><LI> startup_apm32f407xx.o(.text)
</UL>
<P><STRONG><a name="[9f]"></a>_main_stk</STRONG> (Thumb, 0 bytes, Stack size unknown bytes, entry2.o(.ARM.Collect$$$$00000001))

<P><STRONG><a name="[62]"></a>_main_scatterload</STRONG> (Thumb, 0 bytes, Stack size unknown bytes, entry5.o(.ARM.Collect$$$$00000004))
<BR><BR>[Calls]<UL><LI><a href="#[63]">&gt;&gt;</a>&nbsp;&nbsp;&nbsp;__scatterload
</UL>

<P><STRONG><a name="[64]"></a>__main_after_scatterload</STRONG> (Thumb, 0 bytes, Stack size unknown bytes, entry5.o(.ARM.Collect$$$$00000004))
<BR><BR>[Called By]<UL><LI><a href="#[63]">&gt;&gt;</a>&nbsp;&nbsp;&nbsp;__scatterload
</UL>

<P><STRONG><a name="[a0]"></a>_main_clock</STRONG> (Thumb, 0 bytes, Stack size unknown bytes, entry7b.o(.ARM.Collect$$$$00000008))

<P><STRONG><a name="[a1]"></a>_main_cpp_init</STRONG> (Thumb, 0 bytes, Stack size unknown bytes, entry8b.o(.ARM.Collect$$$$0000000A))

<P><STRONG><a name="[a2]"></a>_main_init</STRONG> (Thumb, 0 bytes, Stack size unknown bytes, entry9a.o(.ARM.Collect$$$$0000000B))

<P><STRONG><a name="[a3]"></a>__rt_lib_shutdown_fini</STRONG> (Thumb, 0 bytes, Stack size unknown bytes, entry12b.o(.ARM.Collect$$$$0000000E))

<P><STRONG><a name="[a4]"></a>__rt_final_cpp</STRONG> (Thumb, 0 bytes, Stack size unknown bytes, entry10a.o(.ARM.Collect$$$$0000000F))

<P><STRONG><a name="[a5]"></a>__rt_final_exit</STRONG> (Thumb, 0 bytes, Stack size unknown bytes, entry11a.o(.ARM.Collect$$$$00000011))

<P><STRONG><a name="[0]"></a>Reset_Handler</STRONG> (Thumb, 8 bytes, Stack size 0 bytes, startup_apm32f407xx.o(.text))
<BR>[Address Reference Count : 1]<UL><LI> startup_apm32f407xx.o(RESET)
</UL>
<P><STRONG><a name="[1c]"></a>ADC_IRQHandler</STRONG> (Thumb, 0 bytes, Stack size 0 bytes, startup_apm32f407xx.o(.text))
<BR><BR>[Calls]<UL><LI><a href="#[1c]">&gt;&gt;</a>&nbsp;&nbsp;&nbsp;ADC_IRQHandler
</UL>
<BR>[Called By]<UL><LI><a href="#[1c]">&gt;&gt;</a>&nbsp;&nbsp;&nbsp;ADC_IRQHandler
</UL>
<BR>[Address Reference Count : 1]<UL><LI> startup_apm32f407xx.o(RESET)
</UL>
<P><STRONG><a name="[5d]"></a>BN_IRQHandler</STRONG> (Thumb, 0 bytes, Stack size 0 bytes, startup_apm32f407xx.o(.text))
<BR>[Address Reference Count : 1]<UL><LI> startup_apm32f407xx.o(RESET)
</UL>
<P><STRONG><a name="[1e]"></a>CAN1_RX0_IRQHandler</STRONG> (Thumb, 0 bytes, Stack size 0 bytes, startup_apm32f407xx.o(.text))
<BR>[Address Reference Count : 1]<UL><LI> startup_apm32f407xx.o(RESET)
</UL>
<P><STRONG><a name="[1f]"></a>CAN1_RX1_IRQHandler</STRONG> (Thumb, 0 bytes, Stack size 0 bytes, startup_apm32f407xx.o(.text))
<BR>[Address Reference Count : 1]<UL><LI> startup_apm32f407xx.o(RESET)
</UL>
<P><STRONG><a name="[20]"></a>CAN1_SCE_IRQHandler</STRONG> (Thumb, 0 bytes, Stack size 0 bytes, startup_apm32f407xx.o(.text))
<BR>[Address Reference Count : 1]<UL><LI> startup_apm32f407xx.o(RESET)
</UL>
<P><STRONG><a name="[1d]"></a>CAN1_TX_IRQHandler</STRONG> (Thumb, 0 bytes, Stack size 0 bytes, startup_apm32f407xx.o(.text))
<BR>[Address Reference Count : 1]<UL><LI> startup_apm32f407xx.o(RESET)
</UL>
<P><STRONG><a name="[4a]"></a>CAN2_RX0_IRQHandler</STRONG> (Thumb, 0 bytes, Stack size 0 bytes, startup_apm32f407xx.o(.text))
<BR>[Address Reference Count : 1]<UL><LI> startup_apm32f407xx.o(RESET)
</UL>
<P><STRONG><a name="[4b]"></a>CAN2_RX1_IRQHandler</STRONG> (Thumb, 0 bytes, Stack size 0 bytes, startup_apm32f407xx.o(.text))
<BR>[Address Reference Count : 1]<UL><LI> startup_apm32f407xx.o(RESET)
</UL>
<P><STRONG><a name="[4c]"></a>CAN2_SCE_IRQHandler</STRONG> (Thumb, 0 bytes, Stack size 0 bytes, startup_apm32f407xx.o(.text))
<BR>[Address Reference Count : 1]<UL><LI> startup_apm32f407xx.o(RESET)
</UL>
<P><STRONG><a name="[49]"></a>CAN2_TX_IRQHandler</STRONG> (Thumb, 0 bytes, Stack size 0 bytes, startup_apm32f407xx.o(.text))
<BR>[Address Reference Count : 1]<UL><LI> startup_apm32f407xx.o(RESET)
</UL>
<P><STRONG><a name="[58]"></a>DCI_IRQHandler</STRONG> (Thumb, 0 bytes, Stack size 0 bytes, startup_apm32f407xx.o(.text))
<BR>[Address Reference Count : 1]<UL><LI> startup_apm32f407xx.o(RESET)
</UL>
<P><STRONG><a name="[15]"></a>DMA1_STR0_IRQHandler</STRONG> (Thumb, 0 bytes, Stack size 0 bytes, startup_apm32f407xx.o(.text))
<BR>[Address Reference Count : 1]<UL><LI> startup_apm32f407xx.o(RESET)
</UL>
<P><STRONG><a name="[16]"></a>DMA1_STR1_IRQHandler</STRONG> (Thumb, 0 bytes, Stack size 0 bytes, startup_apm32f407xx.o(.text))
<BR>[Address Reference Count : 1]<UL><LI> startup_apm32f407xx.o(RESET)
</UL>
<P><STRONG><a name="[17]"></a>DMA1_STR2_IRQHandler</STRONG> (Thumb, 0 bytes, Stack size 0 bytes, startup_apm32f407xx.o(.text))
<BR>[Address Reference Count : 1]<UL><LI> startup_apm32f407xx.o(RESET)
</UL>
<P><STRONG><a name="[18]"></a>DMA1_STR3_IRQHandler</STRONG> (Thumb, 0 bytes, Stack size 0 bytes, startup_apm32f407xx.o(.text))
<BR>[Address Reference Count : 1]<UL><LI> startup_apm32f407xx.o(RESET)
</UL>
<P><STRONG><a name="[19]"></a>DMA1_STR4_IRQHandler</STRONG> (Thumb, 0 bytes, Stack size 0 bytes, startup_apm32f407xx.o(.text))
<BR>[Address Reference Count : 1]<UL><LI> startup_apm32f407xx.o(RESET)
</UL>
<P><STRONG><a name="[1a]"></a>DMA1_STR5_IRQHandler</STRONG> (Thumb, 0 bytes, Stack size 0 bytes, startup_apm32f407xx.o(.text))
<BR>[Address Reference Count : 1]<UL><LI> startup_apm32f407xx.o(RESET)
</UL>
<P><STRONG><a name="[1b]"></a>DMA1_STR6_IRQHandler</STRONG> (Thumb, 0 bytes, Stack size 0 bytes, startup_apm32f407xx.o(.text))
<BR>[Address Reference Count : 1]<UL><LI> startup_apm32f407xx.o(RESET)
</UL>
<P><STRONG><a name="[39]"></a>DMA1_STR7_IRQHandler</STRONG> (Thumb, 0 bytes, Stack size 0 bytes, startup_apm32f407xx.o(.text))
<BR>[Address Reference Count : 1]<UL><LI> startup_apm32f407xx.o(RESET)
</UL>
<P><STRONG><a name="[42]"></a>DMA2_STR0_IRQHandler</STRONG> (Thumb, 0 bytes, Stack size 0 bytes, startup_apm32f407xx.o(.text))
<BR>[Address Reference Count : 1]<UL><LI> startup_apm32f407xx.o(RESET)
</UL>
<P><STRONG><a name="[43]"></a>DMA2_STR1_IRQHandler</STRONG> (Thumb, 0 bytes, Stack size 0 bytes, startup_apm32f407xx.o(.text))
<BR>[Address Reference Count : 1]<UL><LI> startup_apm32f407xx.o(RESET)
</UL>
<P><STRONG><a name="[44]"></a>DMA2_STR2_IRQHandler</STRONG> (Thumb, 0 bytes, Stack size 0 bytes, startup_apm32f407xx.o(.text))
<BR>[Address Reference Count : 1]<UL><LI> startup_apm32f407xx.o(RESET)
</UL>
<P><STRONG><a name="[45]"></a>DMA2_STR3_IRQHandler</STRONG> (Thumb, 0 bytes, Stack size 0 bytes, startup_apm32f407xx.o(.text))
<BR>[Address Reference Count : 1]<UL><LI> startup_apm32f407xx.o(RESET)
</UL>
<P><STRONG><a name="[46]"></a>DMA2_STR4_IRQHandler</STRONG> (Thumb, 0 bytes, Stack size 0 bytes, startup_apm32f407xx.o(.text))
<BR>[Address Reference Count : 1]<UL><LI> startup_apm32f407xx.o(RESET)
</UL>
<P><STRONG><a name="[4e]"></a>DMA2_STR5_IRQHandler</STRONG> (Thumb, 0 bytes, Stack size 0 bytes, startup_apm32f407xx.o(.text))
<BR>[Address Reference Count : 1]<UL><LI> startup_apm32f407xx.o(RESET)
</UL>
<P><STRONG><a name="[4f]"></a>DMA2_STR6_IRQHandler</STRONG> (Thumb, 0 bytes, Stack size 0 bytes, startup_apm32f407xx.o(.text))
<BR>[Address Reference Count : 1]<UL><LI> startup_apm32f407xx.o(RESET)
</UL>
<P><STRONG><a name="[50]"></a>DMA2_STR7_IRQHandler</STRONG> (Thumb, 0 bytes, Stack size 0 bytes, startup_apm32f407xx.o(.text))
<BR>[Address Reference Count : 1]<UL><LI> startup_apm32f407xx.o(RESET)
</UL>
<P><STRONG><a name="[10]"></a>EINT0_IRQHandler</STRONG> (Thumb, 0 bytes, Stack size 0 bytes, startup_apm32f407xx.o(.text))
<BR>[Address Reference Count : 1]<UL><LI> startup_apm32f407xx.o(RESET)
</UL>
<P><STRONG><a name="[32]"></a>EINT15_10_IRQHandler</STRONG> (Thumb, 0 bytes, Stack size 0 bytes, startup_apm32f407xx.o(.text))
<BR>[Address Reference Count : 1]<UL><LI> startup_apm32f407xx.o(RESET)
</UL>
<P><STRONG><a name="[12]"></a>EINT2_IRQHandler</STRONG> (Thumb, 0 bytes, Stack size 0 bytes, startup_apm32f407xx.o(.text))
<BR>[Address Reference Count : 1]<UL><LI> startup_apm32f407xx.o(RESET)
</UL>
<P><STRONG><a name="[13]"></a>EINT3_IRQHandler</STRONG> (Thumb, 0 bytes, Stack size 0 bytes, startup_apm32f407xx.o(.text))
<BR>[Address Reference Count : 1]<UL><LI> startup_apm32f407xx.o(RESET)
</UL>
<P><STRONG><a name="[14]"></a>EINT4_IRQHandler</STRONG> (Thumb, 0 bytes, Stack size 0 bytes, startup_apm32f407xx.o(.text))
<BR>[Address Reference Count : 1]<UL><LI> startup_apm32f407xx.o(RESET)
</UL>
<P><STRONG><a name="[21]"></a>EINT9_5_IRQHandler</STRONG> (Thumb, 0 bytes, Stack size 0 bytes, startup_apm32f407xx.o(.text))
<BR>[Address Reference Count : 1]<UL><LI> startup_apm32f407xx.o(RESET)
</UL>
<P><STRONG><a name="[3a]"></a>EMMC_IRQHandler</STRONG> (Thumb, 0 bytes, Stack size 0 bytes, startup_apm32f407xx.o(.text))
<BR>[Address Reference Count : 1]<UL><LI> startup_apm32f407xx.o(RESET)
</UL>
<P><STRONG><a name="[47]"></a>ETH_IRQHandler</STRONG> (Thumb, 0 bytes, Stack size 0 bytes, startup_apm32f407xx.o(.text))
<BR>[Address Reference Count : 1]<UL><LI> startup_apm32f407xx.o(RESET)
</UL>
<P><STRONG><a name="[48]"></a>ETH_WKUP_IRQHandler</STRONG> (Thumb, 0 bytes, Stack size 0 bytes, startup_apm32f407xx.o(.text))
<BR>[Address Reference Count : 1]<UL><LI> startup_apm32f407xx.o(RESET)
</UL>
<P><STRONG><a name="[e]"></a>FLASH_IRQHandler</STRONG> (Thumb, 0 bytes, Stack size 0 bytes, startup_apm32f407xx.o(.text))
<BR>[Address Reference Count : 1]<UL><LI> startup_apm32f407xx.o(RESET)
</UL>
<P><STRONG><a name="[5a]"></a>FPU_IRQHandler</STRONG> (Thumb, 0 bytes, Stack size 0 bytes, startup_apm32f407xx.o(.text))
<BR>[Address Reference Count : 1]<UL><LI> startup_apm32f407xx.o(RESET)
</UL>
<P><STRONG><a name="[59]"></a>HASH_RNG_IRQHandler</STRONG> (Thumb, 0 bytes, Stack size 0 bytes, startup_apm32f407xx.o(.text))
<BR>[Address Reference Count : 1]<UL><LI> startup_apm32f407xx.o(RESET)
</UL>
<P><STRONG><a name="[2a]"></a>I2C1_ER_IRQHandler</STRONG> (Thumb, 0 bytes, Stack size 0 bytes, startup_apm32f407xx.o(.text))
<BR>[Address Reference Count : 1]<UL><LI> startup_apm32f407xx.o(RESET)
</UL>
<P><STRONG><a name="[2c]"></a>I2C2_ER_IRQHandler</STRONG> (Thumb, 0 bytes, Stack size 0 bytes, startup_apm32f407xx.o(.text))
<BR>[Address Reference Count : 1]<UL><LI> startup_apm32f407xx.o(RESET)
</UL>
<P><STRONG><a name="[2b]"></a>I2C2_EV_IRQHandler</STRONG> (Thumb, 0 bytes, Stack size 0 bytes, startup_apm32f407xx.o(.text))
<BR>[Address Reference Count : 1]<UL><LI> startup_apm32f407xx.o(RESET)
</UL>
<P><STRONG><a name="[53]"></a>I2C3_ER_IRQHandler</STRONG> (Thumb, 0 bytes, Stack size 0 bytes, startup_apm32f407xx.o(.text))
<BR>[Address Reference Count : 1]<UL><LI> startup_apm32f407xx.o(RESET)
</UL>
<P><STRONG><a name="[52]"></a>I2C3_EV_IRQHandler</STRONG> (Thumb, 0 bytes, Stack size 0 bytes, startup_apm32f407xx.o(.text))
<BR>[Address Reference Count : 1]<UL><LI> startup_apm32f407xx.o(RESET)
</UL>
<P><STRONG><a name="[4d]"></a>OTG_FS_IRQHandler</STRONG> (Thumb, 0 bytes, Stack size 0 bytes, startup_apm32f407xx.o(.text))
<BR>[Address Reference Count : 1]<UL><LI> startup_apm32f407xx.o(RESET)
</UL>
<P><STRONG><a name="[34]"></a>OTG_FS_WKUP_IRQHandler</STRONG> (Thumb, 0 bytes, Stack size 0 bytes, startup_apm32f407xx.o(.text))
<BR>[Address Reference Count : 1]<UL><LI> startup_apm32f407xx.o(RESET)
</UL>
<P><STRONG><a name="[55]"></a>OTG_HS1_EP1_IN_IRQHandler</STRONG> (Thumb, 0 bytes, Stack size 0 bytes, startup_apm32f407xx.o(.text))
<BR>[Address Reference Count : 1]<UL><LI> startup_apm32f407xx.o(RESET)
</UL>
<P><STRONG><a name="[54]"></a>OTG_HS1_EP1_OUT_IRQHandler</STRONG> (Thumb, 0 bytes, Stack size 0 bytes, startup_apm32f407xx.o(.text))
<BR>[Address Reference Count : 1]<UL><LI> startup_apm32f407xx.o(RESET)
</UL>
<P><STRONG><a name="[57]"></a>OTG_HS1_IRQHandler</STRONG> (Thumb, 0 bytes, Stack size 0 bytes, startup_apm32f407xx.o(.text))
<BR>[Address Reference Count : 1]<UL><LI> startup_apm32f407xx.o(RESET)
</UL>
<P><STRONG><a name="[56]"></a>OTG_HS1_WKUP_IRQHandler</STRONG> (Thumb, 0 bytes, Stack size 0 bytes, startup_apm32f407xx.o(.text))
<BR>[Address Reference Count : 1]<UL><LI> startup_apm32f407xx.o(RESET)
</UL>
<P><STRONG><a name="[b]"></a>PVD_IRQHandler</STRONG> (Thumb, 0 bytes, Stack size 0 bytes, startup_apm32f407xx.o(.text))
<BR>[Address Reference Count : 1]<UL><LI> startup_apm32f407xx.o(RESET)
</UL>
<P><STRONG><a name="[f]"></a>RCM_IRQHandler</STRONG> (Thumb, 0 bytes, Stack size 0 bytes, startup_apm32f407xx.o(.text))
<BR>[Address Reference Count : 1]<UL><LI> startup_apm32f407xx.o(RESET)
</UL>
<P><STRONG><a name="[33]"></a>RTC_Alarm_IRQHandler</STRONG> (Thumb, 0 bytes, Stack size 0 bytes, startup_apm32f407xx.o(.text))
<BR>[Address Reference Count : 1]<UL><LI> startup_apm32f407xx.o(RESET)
</UL>
<P><STRONG><a name="[d]"></a>RTC_WKUP_IRQHandler</STRONG> (Thumb, 0 bytes, Stack size 0 bytes, startup_apm32f407xx.o(.text))
<BR>[Address Reference Count : 1]<UL><LI> startup_apm32f407xx.o(RESET)
</UL>
<P><STRONG><a name="[3b]"></a>SDIO_IRQHandler</STRONG> (Thumb, 0 bytes, Stack size 0 bytes, startup_apm32f407xx.o(.text))
<BR>[Address Reference Count : 1]<UL><LI> startup_apm32f407xx.o(RESET)
</UL>
<P><STRONG><a name="[5b]"></a>SM3_IRQHandler</STRONG> (Thumb, 0 bytes, Stack size 0 bytes, startup_apm32f407xx.o(.text))
<BR>[Address Reference Count : 1]<UL><LI> startup_apm32f407xx.o(RESET)
</UL>
<P><STRONG><a name="[5c]"></a>SM4_IRQHandler</STRONG> (Thumb, 0 bytes, Stack size 0 bytes, startup_apm32f407xx.o(.text))
<BR>[Address Reference Count : 1]<UL><LI> startup_apm32f407xx.o(RESET)
</UL>
<P><STRONG><a name="[2d]"></a>SPI1_IRQHandler</STRONG> (Thumb, 0 bytes, Stack size 0 bytes, startup_apm32f407xx.o(.text))
<BR>[Address Reference Count : 1]<UL><LI> startup_apm32f407xx.o(RESET)
</UL>
<P><STRONG><a name="[2e]"></a>SPI2_IRQHandler</STRONG> (Thumb, 0 bytes, Stack size 0 bytes, startup_apm32f407xx.o(.text))
<BR>[Address Reference Count : 1]<UL><LI> startup_apm32f407xx.o(RESET)
</UL>
<P><STRONG><a name="[3d]"></a>SPI3_IRQHandler</STRONG> (Thumb, 0 bytes, Stack size 0 bytes, startup_apm32f407xx.o(.text))
<BR>[Address Reference Count : 1]<UL><LI> startup_apm32f407xx.o(RESET)
</UL>
<P><STRONG><a name="[c]"></a>TAMP_STAMP_IRQHandler</STRONG> (Thumb, 0 bytes, Stack size 0 bytes, startup_apm32f407xx.o(.text))
<BR>[Address Reference Count : 1]<UL><LI> startup_apm32f407xx.o(RESET)
</UL>
<P><STRONG><a name="[22]"></a>TMR1_BRK_TMR9_IRQHandler</STRONG> (Thumb, 0 bytes, Stack size 0 bytes, startup_apm32f407xx.o(.text))
<BR>[Address Reference Count : 1]<UL><LI> startup_apm32f407xx.o(RESET)
</UL>
<P><STRONG><a name="[25]"></a>TMR1_CC_IRQHandler</STRONG> (Thumb, 0 bytes, Stack size 0 bytes, startup_apm32f407xx.o(.text))
<BR>[Address Reference Count : 1]<UL><LI> startup_apm32f407xx.o(RESET)
</UL>
<P><STRONG><a name="[24]"></a>TMR1_TRG_COM_TMR11_IRQHandler</STRONG> (Thumb, 0 bytes, Stack size 0 bytes, startup_apm32f407xx.o(.text))
<BR>[Address Reference Count : 1]<UL><LI> startup_apm32f407xx.o(RESET)
</UL>
<P><STRONG><a name="[23]"></a>TMR1_UP_TMR10_IRQHandler</STRONG> (Thumb, 0 bytes, Stack size 0 bytes, startup_apm32f407xx.o(.text))
<BR>[Address Reference Count : 1]<UL><LI> startup_apm32f407xx.o(RESET)
</UL>
<P><STRONG><a name="[26]"></a>TMR2_IRQHandler</STRONG> (Thumb, 0 bytes, Stack size 0 bytes, startup_apm32f407xx.o(.text))
<BR>[Address Reference Count : 1]<UL><LI> startup_apm32f407xx.o(RESET)
</UL>
<P><STRONG><a name="[27]"></a>TMR3_IRQHandler</STRONG> (Thumb, 0 bytes, Stack size 0 bytes, startup_apm32f407xx.o(.text))
<BR>[Address Reference Count : 1]<UL><LI> startup_apm32f407xx.o(RESET)
</UL>
<P><STRONG><a name="[28]"></a>TMR4_IRQHandler</STRONG> (Thumb, 0 bytes, Stack size 0 bytes, startup_apm32f407xx.o(.text))
<BR>[Address Reference Count : 1]<UL><LI> startup_apm32f407xx.o(RESET)
</UL>
<P><STRONG><a name="[3c]"></a>TMR5_IRQHandler</STRONG> (Thumb, 0 bytes, Stack size 0 bytes, startup_apm32f407xx.o(.text))
<BR>[Address Reference Count : 1]<UL><LI> startup_apm32f407xx.o(RESET)
</UL>
<P><STRONG><a name="[40]"></a>TMR6_DAC_IRQHandler</STRONG> (Thumb, 0 bytes, Stack size 0 bytes, startup_apm32f407xx.o(.text))
<BR>[Address Reference Count : 1]<UL><LI> startup_apm32f407xx.o(RESET)
</UL>
<P><STRONG><a name="[41]"></a>TMR7_IRQHandler</STRONG> (Thumb, 0 bytes, Stack size 0 bytes, startup_apm32f407xx.o(.text))
<BR>[Address Reference Count : 1]<UL><LI> startup_apm32f407xx.o(RESET)
</UL>
<P><STRONG><a name="[35]"></a>TMR8_BRK_TMR12_IRQHandler</STRONG> (Thumb, 0 bytes, Stack size 0 bytes, startup_apm32f407xx.o(.text))
<BR>[Address Reference Count : 1]<UL><LI> startup_apm32f407xx.o(RESET)
</UL>
<P><STRONG><a name="[38]"></a>TMR8_CC_IRQHandler</STRONG> (Thumb, 0 bytes, Stack size 0 bytes, startup_apm32f407xx.o(.text))
<BR>[Address Reference Count : 1]<UL><LI> startup_apm32f407xx.o(RESET)
</UL>
<P><STRONG><a name="[37]"></a>TMR8_TRG_COM_TMR14_IRQHandler</STRONG> (Thumb, 0 bytes, Stack size 0 bytes, startup_apm32f407xx.o(.text))
<BR>[Address Reference Count : 1]<UL><LI> startup_apm32f407xx.o(RESET)
</UL>
<P><STRONG><a name="[36]"></a>TMR8_UP_TMR13_IRQHandler</STRONG> (Thumb, 0 bytes, Stack size 0 bytes, startup_apm32f407xx.o(.text))
<BR>[Address Reference Count : 1]<UL><LI> startup_apm32f407xx.o(RESET)
</UL>
<P><STRONG><a name="[3e]"></a>UART4_IRQHandler</STRONG> (Thumb, 0 bytes, Stack size 0 bytes, startup_apm32f407xx.o(.text))
<BR>[Address Reference Count : 1]<UL><LI> startup_apm32f407xx.o(RESET)
</UL>
<P><STRONG><a name="[3f]"></a>UART5_IRQHandler</STRONG> (Thumb, 0 bytes, Stack size 0 bytes, startup_apm32f407xx.o(.text))
<BR>[Address Reference Count : 1]<UL><LI> startup_apm32f407xx.o(RESET)
</UL>
<P><STRONG><a name="[2f]"></a>USART1_IRQHandler</STRONG> (Thumb, 0 bytes, Stack size 0 bytes, startup_apm32f407xx.o(.text))
<BR>[Address Reference Count : 1]<UL><LI> startup_apm32f407xx.o(RESET)
</UL>
<P><STRONG><a name="[30]"></a>USART2_IRQHandler</STRONG> (Thumb, 0 bytes, Stack size 0 bytes, startup_apm32f407xx.o(.text))
<BR>[Address Reference Count : 1]<UL><LI> startup_apm32f407xx.o(RESET)
</UL>
<P><STRONG><a name="[31]"></a>USART3_IRQHandler</STRONG> (Thumb, 0 bytes, Stack size 0 bytes, startup_apm32f407xx.o(.text))
<BR>[Address Reference Count : 1]<UL><LI> startup_apm32f407xx.o(RESET)
</UL>
<P><STRONG><a name="[51]"></a>USART6_IRQHandler</STRONG> (Thumb, 0 bytes, Stack size 0 bytes, startup_apm32f407xx.o(.text))
<BR>[Address Reference Count : 1]<UL><LI> startup_apm32f407xx.o(RESET)
</UL>
<P><STRONG><a name="[a]"></a>WWDT_IRQHandler</STRONG> (Thumb, 0 bytes, Stack size 0 bytes, startup_apm32f407xx.o(.text))
<BR>[Address Reference Count : 1]<UL><LI> startup_apm32f407xx.o(RESET)
</UL>
<P><STRONG><a name="[a6]"></a>__aeabi_uidiv</STRONG> (Thumb, 0 bytes, Stack size 12 bytes, uidiv.o(.text), UNUSED)

<P><STRONG><a name="[9c]"></a>__aeabi_uidivmod</STRONG> (Thumb, 44 bytes, Stack size 12 bytes, uidiv.o(.text), UNUSED)
<BR><BR>[Called By]<UL><LI><a href="#[9b]">&gt;&gt;</a>&nbsp;&nbsp;&nbsp;_printf_core
</UL>

<P><STRONG><a name="[63]"></a>__scatterload</STRONG> (Thumb, 28 bytes, Stack size 0 bytes, init.o(.text))
<BR><BR>[Calls]<UL><LI><a href="#[64]">&gt;&gt;</a>&nbsp;&nbsp;&nbsp;__main_after_scatterload
</UL>
<BR>[Called By]<UL><LI><a href="#[62]">&gt;&gt;</a>&nbsp;&nbsp;&nbsp;_main_scatterload
</UL>

<P><STRONG><a name="[a7]"></a>__scatterload_rt2</STRONG> (Thumb, 0 bytes, Stack size 0 bytes, init.o(.text), UNUSED)

<P><STRONG><a name="[65]"></a>BOARD_COMInit</STRONG> (Thumb, 178 bytes, Stack size 24 bytes, board.o(i.BOARD_COMInit))
<BR><BR>[Stack]<UL><LI>Max Depth = 128<LI>Call Chain = BOARD_COMInit &rArr; USART_Config &rArr; RCM_ReadPCLKFreq &rArr; RCM_ReadHCLKFreq &rArr; RCM_ReadSYSCLKFreq
</UL>
<BR>[Calls]<UL><LI><a href="#[66]">&gt;&gt;</a>&nbsp;&nbsp;&nbsp;GPIO_ConfigStructInit
<LI><a href="#[6a]">&gt;&gt;</a>&nbsp;&nbsp;&nbsp;GPIO_ConfigPinAF
<LI><a href="#[6b]">&gt;&gt;</a>&nbsp;&nbsp;&nbsp;GPIO_Config
<LI><a href="#[68]">&gt;&gt;</a>&nbsp;&nbsp;&nbsp;RCM_EnableAPB2PeriphClock
<LI><a href="#[69]">&gt;&gt;</a>&nbsp;&nbsp;&nbsp;RCM_EnableAPB1PeriphClock
<LI><a href="#[67]">&gt;&gt;</a>&nbsp;&nbsp;&nbsp;RCM_EnableAHB1PeriphClock
<LI><a href="#[6d]">&gt;&gt;</a>&nbsp;&nbsp;&nbsp;USART_Enable
<LI><a href="#[6c]">&gt;&gt;</a>&nbsp;&nbsp;&nbsp;USART_Config
</UL>
<BR>[Called By]<UL><LI><a href="#[98]">&gt;&gt;</a>&nbsp;&nbsp;&nbsp;UsartInit
</UL>

<P><STRONG><a name="[6e]"></a>BOARD_LEDInit</STRONG> (Thumb, 70 bytes, Stack size 16 bytes, board.o(i.BOARD_LEDInit))
<BR><BR>[Stack]<UL><LI>Max Depth = 36<LI>Call Chain = BOARD_LEDInit &rArr; GPIO_Config
</UL>
<BR>[Calls]<UL><LI><a href="#[66]">&gt;&gt;</a>&nbsp;&nbsp;&nbsp;GPIO_ConfigStructInit
<LI><a href="#[6b]">&gt;&gt;</a>&nbsp;&nbsp;&nbsp;GPIO_Config
<LI><a href="#[67]">&gt;&gt;</a>&nbsp;&nbsp;&nbsp;RCM_EnableAHB1PeriphClock
</UL>
<BR>[Called By]<UL><LI><a href="#[5e]">&gt;&gt;</a>&nbsp;&nbsp;&nbsp;main
</UL>

<P><STRONG><a name="[7c]"></a>BOARD_LEDOn</STRONG> (Thumb, 26 bytes, Stack size 0 bytes, board.o(i.BOARD_LEDOn))
<BR><BR>[Called By]<UL><LI><a href="#[7a]">&gt;&gt;</a>&nbsp;&nbsp;&nbsp;I2C1_Isr
</UL>

<P><STRONG><a name="[9d]"></a>BOARD_LEDToggle</STRONG> (Thumb, 26 bytes, Stack size 0 bytes, board.o(i.BOARD_LEDToggle))
<BR><BR>[Called By]<UL><LI><a href="#[5e]">&gt;&gt;</a>&nbsp;&nbsp;&nbsp;main
</UL>

<P><STRONG><a name="[6f]"></a>BOARD_PBGetState</STRONG> (Thumb, 22 bytes, Stack size 8 bytes, board.o(i.BOARD_PBGetState))
<BR><BR>[Stack]<UL><LI>Max Depth = 8<LI>Call Chain = BOARD_PBGetState
</UL>
<BR>[Calls]<UL><LI><a href="#[70]">&gt;&gt;</a>&nbsp;&nbsp;&nbsp;GPIO_ReadInputBit
</UL>
<BR>[Called By]<UL><LI><a href="#[90]">&gt;&gt;</a>&nbsp;&nbsp;&nbsp;ModeSelect
</UL>

<P><STRONG><a name="[71]"></a>BOARD_PBInit</STRONG> (Thumb, 124 bytes, Stack size 32 bytes, board.o(i.BOARD_PBInit))
<BR><BR>[Stack]<UL><LI>Max Depth = 60<LI>Call Chain = BOARD_PBInit &rArr; NVIC_EnableIRQRequest
</UL>
<BR>[Calls]<UL><LI><a href="#[74]">&gt;&gt;</a>&nbsp;&nbsp;&nbsp;NVIC_EnableIRQRequest
<LI><a href="#[66]">&gt;&gt;</a>&nbsp;&nbsp;&nbsp;GPIO_ConfigStructInit
<LI><a href="#[6b]">&gt;&gt;</a>&nbsp;&nbsp;&nbsp;GPIO_Config
<LI><a href="#[73]">&gt;&gt;</a>&nbsp;&nbsp;&nbsp;EINT_Config
<LI><a href="#[68]">&gt;&gt;</a>&nbsp;&nbsp;&nbsp;RCM_EnableAPB2PeriphClock
<LI><a href="#[67]">&gt;&gt;</a>&nbsp;&nbsp;&nbsp;RCM_EnableAHB1PeriphClock
<LI><a href="#[72]">&gt;&gt;</a>&nbsp;&nbsp;&nbsp;SYSCFG_ConfigEINTLine
</UL>
<BR>[Called By]<UL><LI><a href="#[5e]">&gt;&gt;</a>&nbsp;&nbsp;&nbsp;main
</UL>

<P><STRONG><a name="[4]"></a>BusFault_Handler</STRONG> (Thumb, 4 bytes, Stack size 0 bytes, apm32f4xx_int.o(i.BusFault_Handler))
<BR>[Address Reference Count : 1]<UL><LI> startup_apm32f407xx.o(RESET)
</UL>
<P><STRONG><a name="[7]"></a>DebugMon_Handler</STRONG> (Thumb, 2 bytes, Stack size 0 bytes, apm32f4xx_int.o(i.DebugMon_Handler))
<BR>[Address Reference Count : 1]<UL><LI> startup_apm32f407xx.o(RESET)
</UL>
<P><STRONG><a name="[9e]"></a>Delay</STRONG> (Thumb, 20 bytes, Stack size 8 bytes, main.o(i.Delay))
<BR><BR>[Stack]<UL><LI>Max Depth = 8<LI>Call Chain = Delay
</UL>
<BR>[Called By]<UL><LI><a href="#[5e]">&gt;&gt;</a>&nbsp;&nbsp;&nbsp;main
</UL>

<P><STRONG><a name="[11]"></a>EINT1_IRQHandler</STRONG> (Thumb, 2 bytes, Stack size 0 bytes, apm32f4xx_int.o(i.EINT1_IRQHandler))
<BR>[Address Reference Count : 1]<UL><LI> startup_apm32f407xx.o(RESET)
</UL>
<P><STRONG><a name="[73]"></a>EINT_Config</STRONG> (Thumb, 142 bytes, Stack size 0 bytes, apm32f4xx_eint.o(i.EINT_Config))
<BR><BR>[Called By]<UL><LI><a href="#[71]">&gt;&gt;</a>&nbsp;&nbsp;&nbsp;BOARD_PBInit
</UL>

<P><STRONG><a name="[6b]"></a>GPIO_Config</STRONG> (Thumb, 144 bytes, Stack size 20 bytes, apm32f4xx_gpio.o(i.GPIO_Config))
<BR><BR>[Stack]<UL><LI>Max Depth = 20<LI>Call Chain = GPIO_Config
</UL>
<BR>[Called By]<UL><LI><a href="#[84]">&gt;&gt;</a>&nbsp;&nbsp;&nbsp;I2CInit
<LI><a href="#[71]">&gt;&gt;</a>&nbsp;&nbsp;&nbsp;BOARD_PBInit
<LI><a href="#[6e]">&gt;&gt;</a>&nbsp;&nbsp;&nbsp;BOARD_LEDInit
<LI><a href="#[65]">&gt;&gt;</a>&nbsp;&nbsp;&nbsp;BOARD_COMInit
</UL>

<P><STRONG><a name="[6a]"></a>GPIO_ConfigPinAF</STRONG> (Thumb, 74 bytes, Stack size 20 bytes, apm32f4xx_gpio.o(i.GPIO_ConfigPinAF))
<BR><BR>[Stack]<UL><LI>Max Depth = 20<LI>Call Chain = GPIO_ConfigPinAF
</UL>
<BR>[Called By]<UL><LI><a href="#[84]">&gt;&gt;</a>&nbsp;&nbsp;&nbsp;I2CInit
<LI><a href="#[65]">&gt;&gt;</a>&nbsp;&nbsp;&nbsp;BOARD_COMInit
</UL>

<P><STRONG><a name="[66]"></a>GPIO_ConfigStructInit</STRONG> (Thumb, 18 bytes, Stack size 0 bytes, apm32f4xx_gpio.o(i.GPIO_ConfigStructInit))
<BR><BR>[Called By]<UL><LI><a href="#[71]">&gt;&gt;</a>&nbsp;&nbsp;&nbsp;BOARD_PBInit
<LI><a href="#[6e]">&gt;&gt;</a>&nbsp;&nbsp;&nbsp;BOARD_LEDInit
<LI><a href="#[65]">&gt;&gt;</a>&nbsp;&nbsp;&nbsp;BOARD_COMInit
</UL>

<P><STRONG><a name="[70]"></a>GPIO_ReadInputBit</STRONG> (Thumb, 20 bytes, Stack size 0 bytes, apm32f4xx_gpio.o(i.GPIO_ReadInputBit))
<BR><BR>[Called By]<UL><LI><a href="#[6f]">&gt;&gt;</a>&nbsp;&nbsp;&nbsp;BOARD_PBGetState
</UL>

<P><STRONG><a name="[2]"></a>HardFault_Handler</STRONG> (Thumb, 4 bytes, Stack size 0 bytes, apm32f4xx_int.o(i.HardFault_Handler))
<BR>[Address Reference Count : 1]<UL><LI> startup_apm32f407xx.o(RESET)
</UL>
<P><STRONG><a name="[75]"></a>I2C1Write</STRONG> (Thumb, 110 bytes, Stack size 16 bytes, main.o(i.I2C1Write))
<BR><BR>[Stack]<UL><LI>Max Depth = 48<LI>Call Chain = I2C1Write &rArr; I2C_TIMEOUT_UserCallback &rArr; __2printf
</UL>
<BR>[Calls]<UL><LI><a href="#[76]">&gt;&gt;</a>&nbsp;&nbsp;&nbsp;I2C_TxData
<LI><a href="#[77]">&gt;&gt;</a>&nbsp;&nbsp;&nbsp;I2C_ReadEventStatus
<LI><a href="#[79]">&gt;&gt;</a>&nbsp;&nbsp;&nbsp;I2C_EnableGenerateStop
<LI><a href="#[78]">&gt;&gt;</a>&nbsp;&nbsp;&nbsp;I2C_TIMEOUT_UserCallback
</UL>
<BR>[Called By]<UL><LI><a href="#[7a]">&gt;&gt;</a>&nbsp;&nbsp;&nbsp;I2C1_Isr
</UL>

<P><STRONG><a name="[29]"></a>I2C1_EV_IRQHandler</STRONG> (Thumb, 8 bytes, Stack size 8 bytes, apm32f4xx_int.o(i.I2C1_EV_IRQHandler))
<BR><BR>[Stack]<UL><LI>Max Depth = 64<LI>Call Chain = I2C1_EV_IRQHandler &rArr; I2C1_Isr &rArr; I2C1Write &rArr; I2C_TIMEOUT_UserCallback &rArr; __2printf
</UL>
<BR>[Calls]<UL><LI><a href="#[7a]">&gt;&gt;</a>&nbsp;&nbsp;&nbsp;I2C1_Isr
</UL>
<BR>[Address Reference Count : 1]<UL><LI> startup_apm32f407xx.o(RESET)
</UL>
<P><STRONG><a name="[7a]"></a>I2C1_Isr</STRONG> (Thumb, 156 bytes, Stack size 8 bytes, main.o(i.I2C1_Isr))
<BR><BR>[Stack]<UL><LI>Max Depth = 56<LI>Call Chain = I2C1_Isr &rArr; I2C1Write &rArr; I2C_TIMEOUT_UserCallback &rArr; __2printf
</UL>
<BR>[Calls]<UL><LI><a href="#[76]">&gt;&gt;</a>&nbsp;&nbsp;&nbsp;I2C_TxData
<LI><a href="#[7f]">&gt;&gt;</a>&nbsp;&nbsp;&nbsp;I2C_RxData
<LI><a href="#[7b]">&gt;&gt;</a>&nbsp;&nbsp;&nbsp;I2C_ReadStatusFlag
<LI><a href="#[7d]">&gt;&gt;</a>&nbsp;&nbsp;&nbsp;I2C_ReadIntFlag
<LI><a href="#[79]">&gt;&gt;</a>&nbsp;&nbsp;&nbsp;I2C_EnableGenerateStop
<LI><a href="#[81]">&gt;&gt;</a>&nbsp;&nbsp;&nbsp;I2C_Enable
<LI><a href="#[82]">&gt;&gt;</a>&nbsp;&nbsp;&nbsp;I2C_DisableInterrupt
<LI><a href="#[7e]">&gt;&gt;</a>&nbsp;&nbsp;&nbsp;I2C_ClearIntFlag
<LI><a href="#[80]">&gt;&gt;</a>&nbsp;&nbsp;&nbsp;USART_Write
<LI><a href="#[75]">&gt;&gt;</a>&nbsp;&nbsp;&nbsp;I2C1Write
<LI><a href="#[7c]">&gt;&gt;</a>&nbsp;&nbsp;&nbsp;BOARD_LEDOn
</UL>
<BR>[Called By]<UL><LI><a href="#[29]">&gt;&gt;</a>&nbsp;&nbsp;&nbsp;I2C1_EV_IRQHandler
</UL>

<P><STRONG><a name="[83]"></a>I2C1_RX_AddressSend</STRONG> (Thumb, 264 bytes, Stack size 8 bytes, main.o(i.I2C1_RX_AddressSend))
<BR><BR>[Stack]<UL><LI>Max Depth = 144<LI>Call Chain = I2C1_RX_AddressSend &rArr; I2CInit &rArr; I2C_Config &rArr; RCM_ReadPCLKFreq &rArr; RCM_ReadHCLKFreq &rArr; RCM_ReadSYSCLKFreq
</UL>
<BR>[Calls]<UL><LI><a href="#[76]">&gt;&gt;</a>&nbsp;&nbsp;&nbsp;I2C_TxData
<LI><a href="#[86]">&gt;&gt;</a>&nbsp;&nbsp;&nbsp;I2C_Tx7BitAddress
<LI><a href="#[7b]">&gt;&gt;</a>&nbsp;&nbsp;&nbsp;I2C_ReadStatusFlag
<LI><a href="#[77]">&gt;&gt;</a>&nbsp;&nbsp;&nbsp;I2C_ReadEventStatus
<LI><a href="#[87]">&gt;&gt;</a>&nbsp;&nbsp;&nbsp;I2C_EnableInterrupt
<LI><a href="#[85]">&gt;&gt;</a>&nbsp;&nbsp;&nbsp;I2C_EnableGenerateStart
<LI><a href="#[82]">&gt;&gt;</a>&nbsp;&nbsp;&nbsp;I2C_DisableInterrupt
<LI><a href="#[78]">&gt;&gt;</a>&nbsp;&nbsp;&nbsp;I2C_TIMEOUT_UserCallback
<LI><a href="#[84]">&gt;&gt;</a>&nbsp;&nbsp;&nbsp;I2CInit
</UL>
<BR>[Called By]<UL><LI><a href="#[5e]">&gt;&gt;</a>&nbsp;&nbsp;&nbsp;main
</UL>

<P><STRONG><a name="[88]"></a>I2C1_TX_AddressSend</STRONG> (Thumb, 160 bytes, Stack size 8 bytes, main.o(i.I2C1_TX_AddressSend))
<BR><BR>[Stack]<UL><LI>Max Depth = 144<LI>Call Chain = I2C1_TX_AddressSend &rArr; I2CInit &rArr; I2C_Config &rArr; RCM_ReadPCLKFreq &rArr; RCM_ReadHCLKFreq &rArr; RCM_ReadSYSCLKFreq
</UL>
<BR>[Calls]<UL><LI><a href="#[86]">&gt;&gt;</a>&nbsp;&nbsp;&nbsp;I2C_Tx7BitAddress
<LI><a href="#[7b]">&gt;&gt;</a>&nbsp;&nbsp;&nbsp;I2C_ReadStatusFlag
<LI><a href="#[77]">&gt;&gt;</a>&nbsp;&nbsp;&nbsp;I2C_ReadEventStatus
<LI><a href="#[87]">&gt;&gt;</a>&nbsp;&nbsp;&nbsp;I2C_EnableInterrupt
<LI><a href="#[85]">&gt;&gt;</a>&nbsp;&nbsp;&nbsp;I2C_EnableGenerateStart
<LI><a href="#[82]">&gt;&gt;</a>&nbsp;&nbsp;&nbsp;I2C_DisableInterrupt
<LI><a href="#[78]">&gt;&gt;</a>&nbsp;&nbsp;&nbsp;I2C_TIMEOUT_UserCallback
<LI><a href="#[84]">&gt;&gt;</a>&nbsp;&nbsp;&nbsp;I2CInit
</UL>
<BR>[Called By]<UL><LI><a href="#[5e]">&gt;&gt;</a>&nbsp;&nbsp;&nbsp;main
</UL>

<P><STRONG><a name="[84]"></a>I2CInit</STRONG> (Thumb, 172 bytes, Stack size 32 bytes, main.o(i.I2CInit))
<BR><BR>[Stack]<UL><LI>Max Depth = 136<LI>Call Chain = I2CInit &rArr; I2C_Config &rArr; RCM_ReadPCLKFreq &rArr; RCM_ReadHCLKFreq &rArr; RCM_ReadSYSCLKFreq
</UL>
<BR>[Calls]<UL><LI><a href="#[74]">&gt;&gt;</a>&nbsp;&nbsp;&nbsp;NVIC_EnableIRQRequest
<LI><a href="#[89]">&gt;&gt;</a>&nbsp;&nbsp;&nbsp;I2C_Reset
<LI><a href="#[87]">&gt;&gt;</a>&nbsp;&nbsp;&nbsp;I2C_EnableInterrupt
<LI><a href="#[81]">&gt;&gt;</a>&nbsp;&nbsp;&nbsp;I2C_Enable
<LI><a href="#[8b]">&gt;&gt;</a>&nbsp;&nbsp;&nbsp;I2C_DisableDualAddress
<LI><a href="#[8a]">&gt;&gt;</a>&nbsp;&nbsp;&nbsp;I2C_Config
<LI><a href="#[6a]">&gt;&gt;</a>&nbsp;&nbsp;&nbsp;GPIO_ConfigPinAF
<LI><a href="#[6b]">&gt;&gt;</a>&nbsp;&nbsp;&nbsp;GPIO_Config
<LI><a href="#[69]">&gt;&gt;</a>&nbsp;&nbsp;&nbsp;RCM_EnableAPB1PeriphClock
<LI><a href="#[67]">&gt;&gt;</a>&nbsp;&nbsp;&nbsp;RCM_EnableAHB1PeriphClock
</UL>
<BR>[Called By]<UL><LI><a href="#[5e]">&gt;&gt;</a>&nbsp;&nbsp;&nbsp;main
<LI><a href="#[88]">&gt;&gt;</a>&nbsp;&nbsp;&nbsp;I2C1_TX_AddressSend
<LI><a href="#[83]">&gt;&gt;</a>&nbsp;&nbsp;&nbsp;I2C1_RX_AddressSend
</UL>

<P><STRONG><a name="[7e]"></a>I2C_ClearIntFlag</STRONG> (Thumb, 8 bytes, Stack size 0 bytes, apm32f4xx_i2c.o(i.I2C_ClearIntFlag))
<BR><BR>[Called By]<UL><LI><a href="#[7a]">&gt;&gt;</a>&nbsp;&nbsp;&nbsp;I2C1_Isr
</UL>

<P><STRONG><a name="[8a]"></a>I2C_Config</STRONG> (Thumb, 244 bytes, Stack size 32 bytes, apm32f4xx_i2c.o(i.I2C_Config))
<BR><BR>[Stack]<UL><LI>Max Depth = 104<LI>Call Chain = I2C_Config &rArr; RCM_ReadPCLKFreq &rArr; RCM_ReadHCLKFreq &rArr; RCM_ReadSYSCLKFreq
</UL>
<BR>[Calls]<UL><LI><a href="#[8c]">&gt;&gt;</a>&nbsp;&nbsp;&nbsp;RCM_ReadPCLKFreq
</UL>
<BR>[Called By]<UL><LI><a href="#[84]">&gt;&gt;</a>&nbsp;&nbsp;&nbsp;I2CInit
</UL>

<P><STRONG><a name="[8b]"></a>I2C_DisableDualAddress</STRONG> (Thumb, 10 bytes, Stack size 0 bytes, apm32f4xx_i2c.o(i.I2C_DisableDualAddress))
<BR><BR>[Called By]<UL><LI><a href="#[84]">&gt;&gt;</a>&nbsp;&nbsp;&nbsp;I2CInit
</UL>

<P><STRONG><a name="[82]"></a>I2C_DisableInterrupt</STRONG> (Thumb, 8 bytes, Stack size 0 bytes, apm32f4xx_i2c.o(i.I2C_DisableInterrupt))
<BR><BR>[Called By]<UL><LI><a href="#[88]">&gt;&gt;</a>&nbsp;&nbsp;&nbsp;I2C1_TX_AddressSend
<LI><a href="#[83]">&gt;&gt;</a>&nbsp;&nbsp;&nbsp;I2C1_RX_AddressSend
<LI><a href="#[7a]">&gt;&gt;</a>&nbsp;&nbsp;&nbsp;I2C1_Isr
</UL>

<P><STRONG><a name="[81]"></a>I2C_Enable</STRONG> (Thumb, 12 bytes, Stack size 0 bytes, apm32f4xx_i2c.o(i.I2C_Enable))
<BR><BR>[Called By]<UL><LI><a href="#[84]">&gt;&gt;</a>&nbsp;&nbsp;&nbsp;I2CInit
<LI><a href="#[7a]">&gt;&gt;</a>&nbsp;&nbsp;&nbsp;I2C1_Isr
</UL>

<P><STRONG><a name="[85]"></a>I2C_EnableGenerateStart</STRONG> (Thumb, 14 bytes, Stack size 0 bytes, apm32f4xx_i2c.o(i.I2C_EnableGenerateStart))
<BR><BR>[Called By]<UL><LI><a href="#[88]">&gt;&gt;</a>&nbsp;&nbsp;&nbsp;I2C1_TX_AddressSend
<LI><a href="#[83]">&gt;&gt;</a>&nbsp;&nbsp;&nbsp;I2C1_RX_AddressSend
</UL>

<P><STRONG><a name="[79]"></a>I2C_EnableGenerateStop</STRONG> (Thumb, 14 bytes, Stack size 0 bytes, apm32f4xx_i2c.o(i.I2C_EnableGenerateStop))
<BR><BR>[Called By]<UL><LI><a href="#[75]">&gt;&gt;</a>&nbsp;&nbsp;&nbsp;I2C1Write
<LI><a href="#[7a]">&gt;&gt;</a>&nbsp;&nbsp;&nbsp;I2C1_Isr
</UL>

<P><STRONG><a name="[87]"></a>I2C_EnableInterrupt</STRONG> (Thumb, 8 bytes, Stack size 0 bytes, apm32f4xx_i2c.o(i.I2C_EnableInterrupt))
<BR><BR>[Called By]<UL><LI><a href="#[84]">&gt;&gt;</a>&nbsp;&nbsp;&nbsp;I2CInit
<LI><a href="#[88]">&gt;&gt;</a>&nbsp;&nbsp;&nbsp;I2C1_TX_AddressSend
<LI><a href="#[83]">&gt;&gt;</a>&nbsp;&nbsp;&nbsp;I2C1_RX_AddressSend
</UL>

<P><STRONG><a name="[77]"></a>I2C_ReadEventStatus</STRONG> (Thumb, 44 bytes, Stack size 12 bytes, apm32f4xx_i2c.o(i.I2C_ReadEventStatus))
<BR><BR>[Stack]<UL><LI>Max Depth = 12<LI>Call Chain = I2C_ReadEventStatus
</UL>
<BR>[Called By]<UL><LI><a href="#[88]">&gt;&gt;</a>&nbsp;&nbsp;&nbsp;I2C1_TX_AddressSend
<LI><a href="#[83]">&gt;&gt;</a>&nbsp;&nbsp;&nbsp;I2C1_RX_AddressSend
<LI><a href="#[75]">&gt;&gt;</a>&nbsp;&nbsp;&nbsp;I2C1Write
</UL>

<P><STRONG><a name="[7d]"></a>I2C_ReadIntFlag</STRONG> (Thumb, 36 bytes, Stack size 8 bytes, apm32f4xx_i2c.o(i.I2C_ReadIntFlag))
<BR><BR>[Stack]<UL><LI>Max Depth = 8<LI>Call Chain = I2C_ReadIntFlag
</UL>
<BR>[Called By]<UL><LI><a href="#[7a]">&gt;&gt;</a>&nbsp;&nbsp;&nbsp;I2C1_Isr
</UL>

<P><STRONG><a name="[7b]"></a>I2C_ReadStatusFlag</STRONG> (Thumb, 208 bytes, Stack size 0 bytes, apm32f4xx_i2c.o(i.I2C_ReadStatusFlag))
<BR><BR>[Called By]<UL><LI><a href="#[88]">&gt;&gt;</a>&nbsp;&nbsp;&nbsp;I2C1_TX_AddressSend
<LI><a href="#[83]">&gt;&gt;</a>&nbsp;&nbsp;&nbsp;I2C1_RX_AddressSend
<LI><a href="#[7a]">&gt;&gt;</a>&nbsp;&nbsp;&nbsp;I2C1_Isr
</UL>

<P><STRONG><a name="[89]"></a>I2C_Reset</STRONG> (Thumb, 76 bytes, Stack size 8 bytes, apm32f4xx_i2c.o(i.I2C_Reset))
<BR><BR>[Stack]<UL><LI>Max Depth = 8<LI>Call Chain = I2C_Reset
</UL>
<BR>[Calls]<UL><LI><a href="#[8d]">&gt;&gt;</a>&nbsp;&nbsp;&nbsp;RCM_EnableAPB1PeriphReset
<LI><a href="#[8e]">&gt;&gt;</a>&nbsp;&nbsp;&nbsp;RCM_DisableAPB1PeriphReset
</UL>
<BR>[Called By]<UL><LI><a href="#[84]">&gt;&gt;</a>&nbsp;&nbsp;&nbsp;I2CInit
</UL>

<P><STRONG><a name="[7f]"></a>I2C_RxData</STRONG> (Thumb, 8 bytes, Stack size 0 bytes, apm32f4xx_i2c.o(i.I2C_RxData))
<BR><BR>[Called By]<UL><LI><a href="#[7a]">&gt;&gt;</a>&nbsp;&nbsp;&nbsp;I2C1_Isr
</UL>

<P><STRONG><a name="[78]"></a>I2C_TIMEOUT_UserCallback</STRONG> (Thumb, 16 bytes, Stack size 8 bytes, main.o(i.I2C_TIMEOUT_UserCallback))
<BR><BR>[Stack]<UL><LI>Max Depth = 32<LI>Call Chain = I2C_TIMEOUT_UserCallback &rArr; __2printf
</UL>
<BR>[Calls]<UL><LI><a href="#[8f]">&gt;&gt;</a>&nbsp;&nbsp;&nbsp;__2printf
</UL>
<BR>[Called By]<UL><LI><a href="#[88]">&gt;&gt;</a>&nbsp;&nbsp;&nbsp;I2C1_TX_AddressSend
<LI><a href="#[83]">&gt;&gt;</a>&nbsp;&nbsp;&nbsp;I2C1_RX_AddressSend
<LI><a href="#[75]">&gt;&gt;</a>&nbsp;&nbsp;&nbsp;I2C1Write
</UL>

<P><STRONG><a name="[86]"></a>I2C_Tx7BitAddress</STRONG> (Thumb, 32 bytes, Stack size 8 bytes, apm32f4xx_i2c.o(i.I2C_Tx7BitAddress))
<BR><BR>[Stack]<UL><LI>Max Depth = 8<LI>Call Chain = I2C_Tx7BitAddress
</UL>
<BR>[Called By]<UL><LI><a href="#[88]">&gt;&gt;</a>&nbsp;&nbsp;&nbsp;I2C1_TX_AddressSend
<LI><a href="#[83]">&gt;&gt;</a>&nbsp;&nbsp;&nbsp;I2C1_RX_AddressSend
</UL>

<P><STRONG><a name="[76]"></a>I2C_TxData</STRONG> (Thumb, 10 bytes, Stack size 0 bytes, apm32f4xx_i2c.o(i.I2C_TxData))
<BR><BR>[Called By]<UL><LI><a href="#[83]">&gt;&gt;</a>&nbsp;&nbsp;&nbsp;I2C1_RX_AddressSend
<LI><a href="#[75]">&gt;&gt;</a>&nbsp;&nbsp;&nbsp;I2C1Write
<LI><a href="#[7a]">&gt;&gt;</a>&nbsp;&nbsp;&nbsp;I2C1_Isr
</UL>

<P><STRONG><a name="[3]"></a>MemManage_Handler</STRONG> (Thumb, 4 bytes, Stack size 0 bytes, apm32f4xx_int.o(i.MemManage_Handler))
<BR>[Address Reference Count : 1]<UL><LI> startup_apm32f407xx.o(RESET)
</UL>
<P><STRONG><a name="[90]"></a>ModeSelect</STRONG> (Thumb, 44 bytes, Stack size 8 bytes, main.o(i.ModeSelect))
<BR><BR>[Stack]<UL><LI>Max Depth = 16<LI>Call Chain = ModeSelect &rArr; BOARD_PBGetState
</UL>
<BR>[Calls]<UL><LI><a href="#[6f]">&gt;&gt;</a>&nbsp;&nbsp;&nbsp;BOARD_PBGetState
</UL>
<BR>[Called By]<UL><LI><a href="#[5e]">&gt;&gt;</a>&nbsp;&nbsp;&nbsp;main
</UL>

<P><STRONG><a name="[1]"></a>NMI_Handler</STRONG> (Thumb, 2 bytes, Stack size 0 bytes, apm32f4xx_int.o(i.NMI_Handler))
<BR>[Address Reference Count : 1]<UL><LI> startup_apm32f407xx.o(RESET)
</UL>
<P><STRONG><a name="[91]"></a>NVIC_ConfigPriorityGroup</STRONG> (Thumb, 10 bytes, Stack size 0 bytes, apm32f4xx_misc.o(i.NVIC_ConfigPriorityGroup))
<BR><BR>[Called By]<UL><LI><a href="#[74]">&gt;&gt;</a>&nbsp;&nbsp;&nbsp;NVIC_EnableIRQRequest
</UL>

<P><STRONG><a name="[74]"></a>NVIC_EnableIRQRequest</STRONG> (Thumb, 150 bytes, Stack size 28 bytes, apm32f4xx_misc.o(i.NVIC_EnableIRQRequest))
<BR><BR>[Stack]<UL><LI>Max Depth = 28<LI>Call Chain = NVIC_EnableIRQRequest
</UL>
<BR>[Calls]<UL><LI><a href="#[91]">&gt;&gt;</a>&nbsp;&nbsp;&nbsp;NVIC_ConfigPriorityGroup
</UL>
<BR>[Called By]<UL><LI><a href="#[84]">&gt;&gt;</a>&nbsp;&nbsp;&nbsp;I2CInit
<LI><a href="#[71]">&gt;&gt;</a>&nbsp;&nbsp;&nbsp;BOARD_PBInit
</UL>

<P><STRONG><a name="[8]"></a>PendSV_Handler</STRONG> (Thumb, 2 bytes, Stack size 0 bytes, apm32f4xx_int.o(i.PendSV_Handler))
<BR>[Address Reference Count : 1]<UL><LI> startup_apm32f407xx.o(RESET)
</UL>
<P><STRONG><a name="[8e]"></a>RCM_DisableAPB1PeriphReset</STRONG> (Thumb, 12 bytes, Stack size 0 bytes, apm32f4xx_rcm.o(i.RCM_DisableAPB1PeriphReset))
<BR><BR>[Called By]<UL><LI><a href="#[89]">&gt;&gt;</a>&nbsp;&nbsp;&nbsp;I2C_Reset
</UL>

<P><STRONG><a name="[67]"></a>RCM_EnableAHB1PeriphClock</STRONG> (Thumb, 12 bytes, Stack size 0 bytes, apm32f4xx_rcm.o(i.RCM_EnableAHB1PeriphClock))
<BR><BR>[Called By]<UL><LI><a href="#[84]">&gt;&gt;</a>&nbsp;&nbsp;&nbsp;I2CInit
<LI><a href="#[71]">&gt;&gt;</a>&nbsp;&nbsp;&nbsp;BOARD_PBInit
<LI><a href="#[6e]">&gt;&gt;</a>&nbsp;&nbsp;&nbsp;BOARD_LEDInit
<LI><a href="#[65]">&gt;&gt;</a>&nbsp;&nbsp;&nbsp;BOARD_COMInit
</UL>

<P><STRONG><a name="[69]"></a>RCM_EnableAPB1PeriphClock</STRONG> (Thumb, 12 bytes, Stack size 0 bytes, apm32f4xx_rcm.o(i.RCM_EnableAPB1PeriphClock))
<BR><BR>[Called By]<UL><LI><a href="#[84]">&gt;&gt;</a>&nbsp;&nbsp;&nbsp;I2CInit
<LI><a href="#[65]">&gt;&gt;</a>&nbsp;&nbsp;&nbsp;BOARD_COMInit
</UL>

<P><STRONG><a name="[8d]"></a>RCM_EnableAPB1PeriphReset</STRONG> (Thumb, 12 bytes, Stack size 0 bytes, apm32f4xx_rcm.o(i.RCM_EnableAPB1PeriphReset))
<BR><BR>[Called By]<UL><LI><a href="#[89]">&gt;&gt;</a>&nbsp;&nbsp;&nbsp;I2C_Reset
</UL>

<P><STRONG><a name="[68]"></a>RCM_EnableAPB2PeriphClock</STRONG> (Thumb, 12 bytes, Stack size 0 bytes, apm32f4xx_rcm.o(i.RCM_EnableAPB2PeriphClock))
<BR><BR>[Called By]<UL><LI><a href="#[71]">&gt;&gt;</a>&nbsp;&nbsp;&nbsp;BOARD_PBInit
<LI><a href="#[65]">&gt;&gt;</a>&nbsp;&nbsp;&nbsp;BOARD_COMInit
</UL>

<P><STRONG><a name="[92]"></a>RCM_ReadHCLKFreq</STRONG> (Thumb, 38 bytes, Stack size 32 bytes, apm32f4xx_rcm.o(i.RCM_ReadHCLKFreq))
<BR><BR>[Stack]<UL><LI>Max Depth = 44<LI>Call Chain = RCM_ReadHCLKFreq &rArr; RCM_ReadSYSCLKFreq
</UL>
<BR>[Calls]<UL><LI><a href="#[93]">&gt;&gt;</a>&nbsp;&nbsp;&nbsp;RCM_ReadSYSCLKFreq
</UL>
<BR>[Called By]<UL><LI><a href="#[8c]">&gt;&gt;</a>&nbsp;&nbsp;&nbsp;RCM_ReadPCLKFreq
</UL>

<P><STRONG><a name="[8c]"></a>RCM_ReadPCLKFreq</STRONG> (Thumb, 62 bytes, Stack size 28 bytes, apm32f4xx_rcm.o(i.RCM_ReadPCLKFreq))
<BR><BR>[Stack]<UL><LI>Max Depth = 72<LI>Call Chain = RCM_ReadPCLKFreq &rArr; RCM_ReadHCLKFreq &rArr; RCM_ReadSYSCLKFreq
</UL>
<BR>[Calls]<UL><LI><a href="#[92]">&gt;&gt;</a>&nbsp;&nbsp;&nbsp;RCM_ReadHCLKFreq
</UL>
<BR>[Called By]<UL><LI><a href="#[8a]">&gt;&gt;</a>&nbsp;&nbsp;&nbsp;I2C_Config
<LI><a href="#[6c]">&gt;&gt;</a>&nbsp;&nbsp;&nbsp;USART_Config
</UL>

<P><STRONG><a name="[93]"></a>RCM_ReadSYSCLKFreq</STRONG> (Thumb, 122 bytes, Stack size 12 bytes, apm32f4xx_rcm.o(i.RCM_ReadSYSCLKFreq))
<BR><BR>[Stack]<UL><LI>Max Depth = 12<LI>Call Chain = RCM_ReadSYSCLKFreq
</UL>
<BR>[Called By]<UL><LI><a href="#[92]">&gt;&gt;</a>&nbsp;&nbsp;&nbsp;RCM_ReadHCLKFreq
</UL>

<P><STRONG><a name="[6]"></a>SVC_Handler</STRONG> (Thumb, 2 bytes, Stack size 0 bytes, apm32f4xx_int.o(i.SVC_Handler))
<BR>[Address Reference Count : 1]<UL><LI> startup_apm32f407xx.o(RESET)
</UL>
<P><STRONG><a name="[72]"></a>SYSCFG_ConfigEINTLine</STRONG> (Thumb, 118 bytes, Stack size 16 bytes, apm32f4xx_syscfg.o(i.SYSCFG_ConfigEINTLine))
<BR><BR>[Stack]<UL><LI>Max Depth = 16<LI>Call Chain = SYSCFG_ConfigEINTLine
</UL>
<BR>[Called By]<UL><LI><a href="#[71]">&gt;&gt;</a>&nbsp;&nbsp;&nbsp;BOARD_PBInit
</UL>

<P><STRONG><a name="[9]"></a>SysTick_Handler</STRONG> (Thumb, 2 bytes, Stack size 0 bytes, apm32f4xx_int.o(i.SysTick_Handler))
<BR>[Address Reference Count : 1]<UL><LI> startup_apm32f407xx.o(RESET)
</UL>
<P><STRONG><a name="[94]"></a>SystemClockConfig</STRONG> (Thumb, 252 bytes, Stack size 8 bytes, system_apm32f4xx.o(i.SystemClockConfig))
<BR><BR>[Stack]<UL><LI>Max Depth = 24<LI>Call Chain = SystemClockConfig &rArr; SystemCoreClockUpdate
</UL>
<BR>[Calls]<UL><LI><a href="#[95]">&gt;&gt;</a>&nbsp;&nbsp;&nbsp;SystemCoreClockUpdate
</UL>
<BR>[Called By]<UL><LI><a href="#[5e]">&gt;&gt;</a>&nbsp;&nbsp;&nbsp;main
</UL>

<P><STRONG><a name="[95]"></a>SystemCoreClockUpdate</STRONG> (Thumb, 160 bytes, Stack size 16 bytes, system_apm32f4xx.o(i.SystemCoreClockUpdate))
<BR><BR>[Stack]<UL><LI>Max Depth = 16<LI>Call Chain = SystemCoreClockUpdate
</UL>
<BR>[Called By]<UL><LI><a href="#[94]">&gt;&gt;</a>&nbsp;&nbsp;&nbsp;SystemClockConfig
</UL>

<P><STRONG><a name="[5f]"></a>SystemInit</STRONG> (Thumb, 84 bytes, Stack size 0 bytes, system_apm32f4xx.o(i.SystemInit))
<BR>[Address Reference Count : 1]<UL><LI> startup_apm32f407xx.o(.text)
</UL>
<P><STRONG><a name="[6c]"></a>USART_Config</STRONG> (Thumb, 236 bytes, Stack size 32 bytes, apm32f4xx_usart.o(i.USART_Config))
<BR><BR>[Stack]<UL><LI>Max Depth = 104<LI>Call Chain = USART_Config &rArr; RCM_ReadPCLKFreq &rArr; RCM_ReadHCLKFreq &rArr; RCM_ReadSYSCLKFreq
</UL>
<BR>[Calls]<UL><LI><a href="#[8c]">&gt;&gt;</a>&nbsp;&nbsp;&nbsp;RCM_ReadPCLKFreq
</UL>
<BR>[Called By]<UL><LI><a href="#[65]">&gt;&gt;</a>&nbsp;&nbsp;&nbsp;BOARD_COMInit
</UL>

<P><STRONG><a name="[99]"></a>USART_ConfigStructInit</STRONG> (Thumb, 24 bytes, Stack size 0 bytes, apm32f4xx_usart.o(i.USART_ConfigStructInit))
<BR><BR>[Called By]<UL><LI><a href="#[98]">&gt;&gt;</a>&nbsp;&nbsp;&nbsp;UsartInit
</UL>

<P><STRONG><a name="[6d]"></a>USART_Enable</STRONG> (Thumb, 14 bytes, Stack size 0 bytes, apm32f4xx_usart.o(i.USART_Enable))
<BR><BR>[Called By]<UL><LI><a href="#[65]">&gt;&gt;</a>&nbsp;&nbsp;&nbsp;BOARD_COMInit
</UL>

<P><STRONG><a name="[96]"></a>USART_ReadStatusFlag</STRONG> (Thumb, 16 bytes, Stack size 0 bytes, apm32f4xx_usart.o(i.USART_ReadStatusFlag))
<BR><BR>[Called By]<UL><LI><a href="#[61]">&gt;&gt;</a>&nbsp;&nbsp;&nbsp;fputc
<LI><a href="#[80]">&gt;&gt;</a>&nbsp;&nbsp;&nbsp;USART_Write
</UL>

<P><STRONG><a name="[97]"></a>USART_TxData</STRONG> (Thumb, 10 bytes, Stack size 0 bytes, apm32f4xx_usart.o(i.USART_TxData))
<BR><BR>[Called By]<UL><LI><a href="#[61]">&gt;&gt;</a>&nbsp;&nbsp;&nbsp;fputc
<LI><a href="#[80]">&gt;&gt;</a>&nbsp;&nbsp;&nbsp;USART_Write
</UL>

<P><STRONG><a name="[80]"></a>USART_Write</STRONG> (Thumb, 42 bytes, Stack size 16 bytes, main.o(i.USART_Write))
<BR><BR>[Stack]<UL><LI>Max Depth = 16<LI>Call Chain = USART_Write
</UL>
<BR>[Calls]<UL><LI><a href="#[97]">&gt;&gt;</a>&nbsp;&nbsp;&nbsp;USART_TxData
<LI><a href="#[96]">&gt;&gt;</a>&nbsp;&nbsp;&nbsp;USART_ReadStatusFlag
</UL>
<BR>[Called By]<UL><LI><a href="#[7a]">&gt;&gt;</a>&nbsp;&nbsp;&nbsp;I2C1_Isr
</UL>

<P><STRONG><a name="[5]"></a>UsageFault_Handler</STRONG> (Thumb, 4 bytes, Stack size 0 bytes, apm32f4xx_int.o(i.UsageFault_Handler))
<BR>[Address Reference Count : 1]<UL><LI> startup_apm32f407xx.o(RESET)
</UL>
<P><STRONG><a name="[98]"></a>UsartInit</STRONG> (Thumb, 46 bytes, Stack size 16 bytes, main.o(i.UsartInit))
<BR><BR>[Stack]<UL><LI>Max Depth = 144<LI>Call Chain = UsartInit &rArr; BOARD_COMInit &rArr; USART_Config &rArr; RCM_ReadPCLKFreq &rArr; RCM_ReadHCLKFreq &rArr; RCM_ReadSYSCLKFreq
</UL>
<BR>[Calls]<UL><LI><a href="#[99]">&gt;&gt;</a>&nbsp;&nbsp;&nbsp;USART_ConfigStructInit
<LI><a href="#[65]">&gt;&gt;</a>&nbsp;&nbsp;&nbsp;BOARD_COMInit
</UL>
<BR>[Called By]<UL><LI><a href="#[5e]">&gt;&gt;</a>&nbsp;&nbsp;&nbsp;main
</UL>

<P><STRONG><a name="[9a]"></a>__0printf$1</STRONG> (Thumb, 22 bytes, Stack size 24 bytes, printf1.o(i.__0printf$1), UNUSED)
<BR><BR>[Calls]<UL><LI><a href="#[9b]">&gt;&gt;</a>&nbsp;&nbsp;&nbsp;_printf_core
</UL>

<P><STRONG><a name="[a8]"></a>__1printf$1</STRONG> (Thumb, 0 bytes, Stack size 24 bytes, printf1.o(i.__0printf$1), UNUSED)

<P><STRONG><a name="[8f]"></a>__2printf</STRONG> (Thumb, 0 bytes, Stack size 24 bytes, printf1.o(i.__0printf$1))
<BR><BR>[Stack]<UL><LI>Max Depth = 24<LI>Call Chain = __2printf
</UL>
<BR>[Called By]<UL><LI><a href="#[78]">&gt;&gt;</a>&nbsp;&nbsp;&nbsp;I2C_TIMEOUT_UserCallback
</UL>

<P><STRONG><a name="[a9]"></a>__scatterload_copy</STRONG> (Thumb, 14 bytes, Stack size unknown bytes, handlers.o(i.__scatterload_copy), UNUSED)

<P><STRONG><a name="[aa]"></a>__scatterload_null</STRONG> (Thumb, 2 bytes, Stack size unknown bytes, handlers.o(i.__scatterload_null), UNUSED)

<P><STRONG><a name="[ab]"></a>__scatterload_zeroinit</STRONG> (Thumb, 14 bytes, Stack size unknown bytes, handlers.o(i.__scatterload_zeroinit), UNUSED)

<P><STRONG><a name="[61]"></a>fputc</STRONG> (Thumb, 32 bytes, Stack size 16 bytes, main.o(i.fputc))
<BR><BR>[Stack]<UL><LI>Max Depth = 16<LI>Call Chain = fputc
</UL>
<BR>[Calls]<UL><LI><a href="#[97]">&gt;&gt;</a>&nbsp;&nbsp;&nbsp;USART_TxData
<LI><a href="#[96]">&gt;&gt;</a>&nbsp;&nbsp;&nbsp;USART_ReadStatusFlag
</UL>
<BR>[Address Reference Count : 1]<UL><LI> printf1.o(i.__0printf$1)
</UL>
<P><STRONG><a name="[5e]"></a>main</STRONG> (Thumb, 74 bytes, Stack size 0 bytes, main.o(i.main))
<BR><BR>[Stack]<UL><LI>Max Depth = 144<LI>Call Chain = main &rArr; UsartInit &rArr; BOARD_COMInit &rArr; USART_Config &rArr; RCM_ReadPCLKFreq &rArr; RCM_ReadHCLKFreq &rArr; RCM_ReadSYSCLKFreq
</UL>
<BR>[Calls]<UL><LI><a href="#[94]">&gt;&gt;</a>&nbsp;&nbsp;&nbsp;SystemClockConfig
<LI><a href="#[98]">&gt;&gt;</a>&nbsp;&nbsp;&nbsp;UsartInit
<LI><a href="#[90]">&gt;&gt;</a>&nbsp;&nbsp;&nbsp;ModeSelect
<LI><a href="#[84]">&gt;&gt;</a>&nbsp;&nbsp;&nbsp;I2CInit
<LI><a href="#[88]">&gt;&gt;</a>&nbsp;&nbsp;&nbsp;I2C1_TX_AddressSend
<LI><a href="#[83]">&gt;&gt;</a>&nbsp;&nbsp;&nbsp;I2C1_RX_AddressSend
<LI><a href="#[9e]">&gt;&gt;</a>&nbsp;&nbsp;&nbsp;Delay
<LI><a href="#[71]">&gt;&gt;</a>&nbsp;&nbsp;&nbsp;BOARD_PBInit
<LI><a href="#[9d]">&gt;&gt;</a>&nbsp;&nbsp;&nbsp;BOARD_LEDToggle
<LI><a href="#[6e]">&gt;&gt;</a>&nbsp;&nbsp;&nbsp;BOARD_LEDInit
</UL>
<BR>[Address Reference Count : 1]<UL><LI> entry9a.o(.ARM.Collect$$$$0000000B)
</UL><P>
<H3>
Local Symbols
</H3>
<P><STRONG><a name="[9b]"></a>_printf_core</STRONG> (Thumb, 336 bytes, Stack size 88 bytes, printf1.o(i._printf_core), UNUSED)
<BR><BR>[Calls]<UL><LI><a href="#[9c]">&gt;&gt;</a>&nbsp;&nbsp;&nbsp;__aeabi_uidivmod
</UL>
<BR>[Called By]<UL><LI><a href="#[9a]">&gt;&gt;</a>&nbsp;&nbsp;&nbsp;__0printf$1
</UL>
<P>
<H3>
Undefined Global Symbols
</H3><HR></body></html>
