<html>
<body>
<pre>
<h1>µVision Build Log</h1>
<h2>Tool Versions:</h2>
IDE-Version: ¦ÌVision V5.40.0.0
Copyright (C) 2024 ARM Ltd and ARM Germany GmbH. All rights reserved.
License Information: 1 apex179764, 1, LIC=V85FJ-UMY63-79HG1-CNF75-41UVK-SGPBG
 
Tool Versions:
Toolchain:       MDK-ARM Professional  Version: 5.40.0.3
Toolchain Path:  C:\Users\apex179764\AppData\Local\Keil_v5\ARM\ARMCC\Bin
C Compiler:      Armcc.exe V5.06 update 7 (build 960)
Assembler:       Armasm.exe V5.06 update 7 (build 960)
Linker/Locator:  ArmLink.exe V5.06 update 7 (build 960)
Library Manager: ArmAr.exe V5.06 update 7 (build 960)
Hex Converter:   FromElf.exe V5.06 update 7 (build 960)
CPU DLL:         SARMCM3.DLL V5.40.0.3
Dialog DLL:      DCM.DLL V1.17.5.0
Target DLL:      UL2CM3.DLL V1.164.11.0
Dialog DLL:      TCM.DLL V1.56.4.0
 
<h2>Project:</h2>
E:\workspace\project\APM32F4xx\SDK\APM32F4xx_SDK\Examples\Board_APM32F407_Tiny\I2C\I2C_EEPROM\Project\MDK\I2C_EEPROM.uvprojx
Project File Date:  05/08/2025

<h2>Output:</h2>
*** Using Compiler 'V5.06 update 7 (build 960)', folder: 'C:\Users\apex179764\AppData\Local\Keil_v5\ARM\ARMCC\Bin'
Build target 'APM32F407'
assembling startup_apm32f407xx.s...
compiling apm32f4xx_crc.c...
compiling system_apm32f4xx.c...
compiling apm32f4xx_cryp_des.c...
compiling apm32f4xx_cryp.c...
compiling apm32f4xx_cryp_tdes.c...
compiling apm32f4xx_cryp_aes.c...
compiling apm32f4xx_dac.c...
compiling apm32f4xx_adc.c...
compiling apm32f4xx_can.c...
compiling apm32f4xx_dbgmcu.c...
compiling apm32f4xx_dci.c...
compiling apm32f4xx_dma.c...
compiling apm32f4xx_dmc.c...
compiling apm32f4xx_hash.c...
compiling apm32f4xx_fmc.c...
compiling apm32f4xx_gpio.c...
compiling apm32f4xx_eth.c...
compiling apm32f4xx_eint.c...
compiling apm32f4xx_i2c.c...
compiling apm32f4xx_hash_sha1.c...
compiling apm32f4xx_hash_md5.c...
compiling apm32f4xx_iwdt.c...
compiling apm32f4xx_rtc.c...
compiling apm32f4xx_rcm.c...
compiling apm32f4xx_misc.c...
compiling apm32f4xx_pmu.c...
compiling apm32f4xx_rng.c...
compiling apm32f4xx_sdio.c...
compiling apm32f4xx_syscfg.c...
compiling apm32f4xx_spi.c...
compiling apm32f4xx_smc.c...
compiling apm32f4xx_tmr.c...
compiling apm32f4xx_usart.c...
compiling apm32f4xx_usb_host.c...
compiling apm32f4xx_usb_device.c...
compiling apm32f4xx_wwdt.c...
compiling apm32f4xx_usb.c...
compiling Board.c...
compiling apm32f4xx_int.c...
compiling main.c...
linking...
Program Size: Code=5100 RO-data=512 RW-data=68 ZI-data=1028  
".\Out\APM32F407\I2C_EEPROM.axf" - 0 Error(s), 0 Warning(s).

<h2>Software Packages used:</h2>

Package Vendor: Geehy
                https://www.geehy.com/uploads/tool/Geehy.APM32F4xx_DFP.1.0.11.pack
                Geehy::APM32F4xx_DFP@1.0.11
                Geehy Semiconductor APM32F4 Series Device Support, Drivers and Examples

<h2>Collection of Component include folders:</h2>

<h2>Collection of Component Files used:</h2>
Build Time Elapsed:  00:00:13
</pre>
</body>
</html>
