###############################################################################
#
# IAR ELF Linker V8.50.4.261/W32 for ARM                  16/Apr/2026  13:06:53
# Copyright 2007-2020 IAR Systems AB.
#
#    Output file  =
#        E:\workspace\project\APM32F4xx\SDK\APM32F4xx_SDK\Examples\Board_APM32F407_Mini\USB_OTG\Host_Examples\OTGH_MSC\Project\IAR\APM32F417\Exe\OTGH_MSC.out
#    Map file     =
#        E:\workspace\project\APM32F4xx\SDK\APM32F4xx_SDK\Examples\Board_APM32F407_Mini\USB_OTG\Host_Examples\OTGH_MSC\Project\IAR\APM32F417\List\OTGH_MSC.map
#    Command line =
#        -f C:\Users\APEX17~2\AppData\Local\Temp\EW340E.tmp
#        (E:\workspace\project\APM32F4xx\SDK\APM32F4xx_SDK\Examples\Board_APM32F407_Mini\USB_OTG\Host_Examples\OTGH_MSC\Project\IAR\APM32F417\Obj\apm32f4xx_adc.o
#        E:\workspace\project\APM32F4xx\SDK\APM32F4xx_SDK\Examples\Board_APM32F407_Mini\USB_OTG\Host_Examples\OTGH_MSC\Project\IAR\APM32F417\Obj\apm32f4xx_can.o
#        E:\workspace\project\APM32F4xx\SDK\APM32F4xx_SDK\Examples\Board_APM32F407_Mini\USB_OTG\Host_Examples\OTGH_MSC\Project\IAR\APM32F417\Obj\apm32f4xx_crc.o
#        E:\workspace\project\APM32F4xx\SDK\APM32F4xx_SDK\Examples\Board_APM32F407_Mini\USB_OTG\Host_Examples\OTGH_MSC\Project\IAR\APM32F417\Obj\apm32f4xx_cryp.o
#        E:\workspace\project\APM32F4xx\SDK\APM32F4xx_SDK\Examples\Board_APM32F407_Mini\USB_OTG\Host_Examples\OTGH_MSC\Project\IAR\APM32F417\Obj\apm32f4xx_cryp_aes.o
#        E:\workspace\project\APM32F4xx\SDK\APM32F4xx_SDK\Examples\Board_APM32F407_Mini\USB_OTG\Host_Examples\OTGH_MSC\Project\IAR\APM32F417\Obj\apm32f4xx_cryp_des.o
#        E:\workspace\project\APM32F4xx\SDK\APM32F4xx_SDK\Examples\Board_APM32F407_Mini\USB_OTG\Host_Examples\OTGH_MSC\Project\IAR\APM32F417\Obj\apm32f4xx_cryp_tdes.o
#        E:\workspace\project\APM32F4xx\SDK\APM32F4xx_SDK\Examples\Board_APM32F407_Mini\USB_OTG\Host_Examples\OTGH_MSC\Project\IAR\APM32F417\Obj\apm32f4xx_dac.o
#        E:\workspace\project\APM32F4xx\SDK\APM32F4xx_SDK\Examples\Board_APM32F407_Mini\USB_OTG\Host_Examples\OTGH_MSC\Project\IAR\APM32F417\Obj\apm32f4xx_dbgmcu.o
#        E:\workspace\project\APM32F4xx\SDK\APM32F4xx_SDK\Examples\Board_APM32F407_Mini\USB_OTG\Host_Examples\OTGH_MSC\Project\IAR\APM32F417\Obj\apm32f4xx_dci.o
#        E:\workspace\project\APM32F4xx\SDK\APM32F4xx_SDK\Examples\Board_APM32F407_Mini\USB_OTG\Host_Examples\OTGH_MSC\Project\IAR\APM32F417\Obj\apm32f4xx_dma.o
#        E:\workspace\project\APM32F4xx\SDK\APM32F4xx_SDK\Examples\Board_APM32F407_Mini\USB_OTG\Host_Examples\OTGH_MSC\Project\IAR\APM32F417\Obj\apm32f4xx_dmc.o
#        E:\workspace\project\APM32F4xx\SDK\APM32F4xx_SDK\Examples\Board_APM32F407_Mini\USB_OTG\Host_Examples\OTGH_MSC\Project\IAR\APM32F417\Obj\apm32f4xx_eint.o
#        E:\workspace\project\APM32F4xx\SDK\APM32F4xx_SDK\Examples\Board_APM32F407_Mini\USB_OTG\Host_Examples\OTGH_MSC\Project\IAR\APM32F417\Obj\apm32f4xx_eth.o
#        E:\workspace\project\APM32F4xx\SDK\APM32F4xx_SDK\Examples\Board_APM32F407_Mini\USB_OTG\Host_Examples\OTGH_MSC\Project\IAR\APM32F417\Obj\apm32f4xx_fmc.o
#        E:\workspace\project\APM32F4xx\SDK\APM32F4xx_SDK\Examples\Board_APM32F407_Mini\USB_OTG\Host_Examples\OTGH_MSC\Project\IAR\APM32F417\Obj\apm32f4xx_gpio.o
#        E:\workspace\project\APM32F4xx\SDK\APM32F4xx_SDK\Examples\Board_APM32F407_Mini\USB_OTG\Host_Examples\OTGH_MSC\Project\IAR\APM32F417\Obj\apm32f4xx_hash.o
#        E:\workspace\project\APM32F4xx\SDK\APM32F4xx_SDK\Examples\Board_APM32F407_Mini\USB_OTG\Host_Examples\OTGH_MSC\Project\IAR\APM32F417\Obj\apm32f4xx_hash_md5.o
#        E:\workspace\project\APM32F4xx\SDK\APM32F4xx_SDK\Examples\Board_APM32F407_Mini\USB_OTG\Host_Examples\OTGH_MSC\Project\IAR\APM32F417\Obj\apm32f4xx_hash_sha1.o
#        E:\workspace\project\APM32F4xx\SDK\APM32F4xx_SDK\Examples\Board_APM32F407_Mini\USB_OTG\Host_Examples\OTGH_MSC\Project\IAR\APM32F417\Obj\apm32f4xx_i2c.o
#        E:\workspace\project\APM32F4xx\SDK\APM32F4xx_SDK\Examples\Board_APM32F407_Mini\USB_OTG\Host_Examples\OTGH_MSC\Project\IAR\APM32F417\Obj\apm32f4xx_int.o
#        E:\workspace\project\APM32F4xx\SDK\APM32F4xx_SDK\Examples\Board_APM32F407_Mini\USB_OTG\Host_Examples\OTGH_MSC\Project\IAR\APM32F417\Obj\apm32f4xx_iwdt.o
#        E:\workspace\project\APM32F4xx\SDK\APM32F4xx_SDK\Examples\Board_APM32F407_Mini\USB_OTG\Host_Examples\OTGH_MSC\Project\IAR\APM32F417\Obj\apm32f4xx_misc.o
#        E:\workspace\project\APM32F4xx\SDK\APM32F4xx_SDK\Examples\Board_APM32F407_Mini\USB_OTG\Host_Examples\OTGH_MSC\Project\IAR\APM32F417\Obj\apm32f4xx_pmu.o
#        E:\workspace\project\APM32F4xx\SDK\APM32F4xx_SDK\Examples\Board_APM32F407_Mini\USB_OTG\Host_Examples\OTGH_MSC\Project\IAR\APM32F417\Obj\apm32f4xx_qspi.o
#        E:\workspace\project\APM32F4xx\SDK\APM32F4xx_SDK\Examples\Board_APM32F407_Mini\USB_OTG\Host_Examples\OTGH_MSC\Project\IAR\APM32F417\Obj\apm32f4xx_rcm.o
#        E:\workspace\project\APM32F4xx\SDK\APM32F4xx_SDK\Examples\Board_APM32F407_Mini\USB_OTG\Host_Examples\OTGH_MSC\Project\IAR\APM32F417\Obj\apm32f4xx_rng.o
#        E:\workspace\project\APM32F4xx\SDK\APM32F4xx_SDK\Examples\Board_APM32F407_Mini\USB_OTG\Host_Examples\OTGH_MSC\Project\IAR\APM32F417\Obj\apm32f4xx_rtc.o
#        E:\workspace\project\APM32F4xx\SDK\APM32F4xx_SDK\Examples\Board_APM32F407_Mini\USB_OTG\Host_Examples\OTGH_MSC\Project\IAR\APM32F417\Obj\apm32f4xx_sdio.o
#        E:\workspace\project\APM32F4xx\SDK\APM32F4xx_SDK\Examples\Board_APM32F407_Mini\USB_OTG\Host_Examples\OTGH_MSC\Project\IAR\APM32F417\Obj\apm32f4xx_smc.o
#        E:\workspace\project\APM32F4xx\SDK\APM32F4xx_SDK\Examples\Board_APM32F407_Mini\USB_OTG\Host_Examples\OTGH_MSC\Project\IAR\APM32F417\Obj\apm32f4xx_spi.o
#        E:\workspace\project\APM32F4xx\SDK\APM32F4xx_SDK\Examples\Board_APM32F407_Mini\USB_OTG\Host_Examples\OTGH_MSC\Project\IAR\APM32F417\Obj\apm32f4xx_syscfg.o
#        E:\workspace\project\APM32F4xx\SDK\APM32F4xx_SDK\Examples\Board_APM32F407_Mini\USB_OTG\Host_Examples\OTGH_MSC\Project\IAR\APM32F417\Obj\apm32f4xx_tmr.o
#        E:\workspace\project\APM32F4xx\SDK\APM32F4xx_SDK\Examples\Board_APM32F407_Mini\USB_OTG\Host_Examples\OTGH_MSC\Project\IAR\APM32F417\Obj\apm32f4xx_usart.o
#        E:\workspace\project\APM32F4xx\SDK\APM32F4xx_SDK\Examples\Board_APM32F407_Mini\USB_OTG\Host_Examples\OTGH_MSC\Project\IAR\APM32F417\Obj\apm32f4xx_usb.o
#        E:\workspace\project\APM32F4xx\SDK\APM32F4xx_SDK\Examples\Board_APM32F407_Mini\USB_OTG\Host_Examples\OTGH_MSC\Project\IAR\APM32F417\Obj\apm32f4xx_usb_device.o
#        E:\workspace\project\APM32F4xx\SDK\APM32F4xx_SDK\Examples\Board_APM32F407_Mini\USB_OTG\Host_Examples\OTGH_MSC\Project\IAR\APM32F417\Obj\apm32f4xx_usb_host.o
#        E:\workspace\project\APM32F4xx\SDK\APM32F4xx_SDK\Examples\Board_APM32F407_Mini\USB_OTG\Host_Examples\OTGH_MSC\Project\IAR\APM32F417\Obj\apm32f4xx_wwdt.o
#        E:\workspace\project\APM32F4xx\SDK\APM32F4xx_SDK\Examples\Board_APM32F407_Mini\USB_OTG\Host_Examples\OTGH_MSC\Project\IAR\APM32F417\Obj\Board.o
#        E:\workspace\project\APM32F4xx\SDK\APM32F4xx_SDK\Examples\Board_APM32F407_Mini\USB_OTG\Host_Examples\OTGH_MSC\Project\IAR\APM32F417\Obj\board_delay.o
#        E:\workspace\project\APM32F4xx\SDK\APM32F4xx_SDK\Examples\Board_APM32F407_Mini\USB_OTG\Host_Examples\OTGH_MSC\Project\IAR\APM32F417\Obj\diskio.o
#        E:\workspace\project\APM32F4xx\SDK\APM32F4xx_SDK\Examples\Board_APM32F407_Mini\USB_OTG\Host_Examples\OTGH_MSC\Project\IAR\APM32F417\Obj\fatfs.o
#        E:\workspace\project\APM32F4xx\SDK\APM32F4xx_SDK\Examples\Board_APM32F407_Mini\USB_OTG\Host_Examples\OTGH_MSC\Project\IAR\APM32F417\Obj\ff.o
#        E:\workspace\project\APM32F4xx\SDK\APM32F4xx_SDK\Examples\Board_APM32F407_Mini\USB_OTG\Host_Examples\OTGH_MSC\Project\IAR\APM32F417\Obj\ffsystem.o
#        E:\workspace\project\APM32F4xx\SDK\APM32F4xx_SDK\Examples\Board_APM32F407_Mini\USB_OTG\Host_Examples\OTGH_MSC\Project\IAR\APM32F417\Obj\ffunicode.o
#        E:\workspace\project\APM32F4xx\SDK\APM32F4xx_SDK\Examples\Board_APM32F407_Mini\USB_OTG\Host_Examples\OTGH_MSC\Project\IAR\APM32F417\Obj\log_printf.o
#        E:\workspace\project\APM32F4xx\SDK\APM32F4xx_SDK\Examples\Board_APM32F407_Mini\USB_OTG\Host_Examples\OTGH_MSC\Project\IAR\APM32F417\Obj\main.o
#        E:\workspace\project\APM32F4xx\SDK\APM32F4xx_SDK\Examples\Board_APM32F407_Mini\USB_OTG\Host_Examples\OTGH_MSC\Project\IAR\APM32F417\Obj\startup_apm32f417xx.o
#        E:\workspace\project\APM32F4xx\SDK\APM32F4xx_SDK\Examples\Board_APM32F407_Mini\USB_OTG\Host_Examples\OTGH_MSC\Project\IAR\APM32F417\Obj\system_apm32f4xx.o
#        E:\workspace\project\APM32F4xx\SDK\APM32F4xx_SDK\Examples\Board_APM32F407_Mini\USB_OTG\Host_Examples\OTGH_MSC\Project\IAR\APM32F417\Obj\usb_host_user.o
#        E:\workspace\project\APM32F4xx\SDK\APM32F4xx_SDK\Examples\Board_APM32F407_Mini\USB_OTG\Host_Examples\OTGH_MSC\Project\IAR\APM32F417\Obj\usbh_board.o
#        E:\workspace\project\APM32F4xx\SDK\APM32F4xx_SDK\Examples\Board_APM32F407_Mini\USB_OTG\Host_Examples\OTGH_MSC\Project\IAR\APM32F417\Obj\usbh_channel.o
#        E:\workspace\project\APM32F4xx\SDK\APM32F4xx_SDK\Examples\Board_APM32F407_Mini\USB_OTG\Host_Examples\OTGH_MSC\Project\IAR\APM32F417\Obj\usbh_core.o
#        E:\workspace\project\APM32F4xx\SDK\APM32F4xx_SDK\Examples\Board_APM32F407_Mini\USB_OTG\Host_Examples\OTGH_MSC\Project\IAR\APM32F417\Obj\usbh_dataXfer.o
#        E:\workspace\project\APM32F4xx\SDK\APM32F4xx_SDK\Examples\Board_APM32F407_Mini\USB_OTG\Host_Examples\OTGH_MSC\Project\IAR\APM32F417\Obj\usbh_diskio.o
#        E:\workspace\project\APM32F4xx\SDK\APM32F4xx_SDK\Examples\Board_APM32F407_Mini\USB_OTG\Host_Examples\OTGH_MSC\Project\IAR\APM32F417\Obj\usbh_enum.o
#        E:\workspace\project\APM32F4xx\SDK\APM32F4xx_SDK\Examples\Board_APM32F407_Mini\USB_OTG\Host_Examples\OTGH_MSC\Project\IAR\APM32F417\Obj\usbh_msc.o
#        E:\workspace\project\APM32F4xx\SDK\APM32F4xx_SDK\Examples\Board_APM32F407_Mini\USB_OTG\Host_Examples\OTGH_MSC\Project\IAR\APM32F417\Obj\usbh_msc_bot.o
#        E:\workspace\project\APM32F4xx\SDK\APM32F4xx_SDK\Examples\Board_APM32F407_Mini\USB_OTG\Host_Examples\OTGH_MSC\Project\IAR\APM32F417\Obj\usbh_msc_scsi.o
#        E:\workspace\project\APM32F4xx\SDK\APM32F4xx_SDK\Examples\Board_APM32F407_Mini\USB_OTG\Host_Examples\OTGH_MSC\Project\IAR\APM32F417\Obj\usbh_stdReq.o
#        --redirect _Printf=_PrintfFull --redirect _Scanf=_ScanfFull
#        --no_out_extension -o
#        E:\workspace\project\APM32F4xx\SDK\APM32F4xx_SDK\Examples\Board_APM32F407_Mini\USB_OTG\Host_Examples\OTGH_MSC\Project\IAR\APM32F417\Exe\OTGH_MSC.out
#        --map
#        E:\workspace\project\APM32F4xx\SDK\APM32F4xx_SDK\Examples\Board_APM32F407_Mini\USB_OTG\Host_Examples\OTGH_MSC\Project\IAR\APM32F417\List\OTGH_MSC.map
#        --config "C:\Program Files (x86)\IAR Systems\Embedded Workbench
#        8.4\arm\config\linker\Geehy\APM32f417xG.icf" --semihosting --entry
#        __iar_program_start --vfe --text_out locale)
#
###############################################################################

*******************************************************************************
*** RUNTIME MODEL ATTRIBUTES
***

CppFlavor       = *
__Heap_Handler  = DLMalloc
__SystemLibrary = DLib
__dlib_version  = 6


*******************************************************************************
*** HEAP SELECTION
***

The advanced heap was selected because the application calls memory
allocation functions outside of system library functions, and there
are calls to deallocation functions in the application.


*******************************************************************************
*** PLACEMENT SUMMARY
***

"A0":  place at address 0x800'0000 { ro section .intvec };
"P1":  place in [from 0x800'0000 to 0x80f'ffff] { ro };
define block CSTACK with size = 1K, alignment = 8 { };
define block PROC_STACK with size = 0, alignment = 8 { };
define block HEAP with size = 2K, alignment = 8 { };
"P2":  place in [from 0x2000'0000 to 0x2001'ffff] {
          rw, block CSTACK, block PROC_STACK, block HEAP };
initialize by copy { rw };

No sections matched the following patterns:

  section .textrw  in "P3"


  Section            Kind         Address    Size  Object
  -------            ----         -------    ----  ------
"A0":                                       0x194
  .intvec            ro code   0x800'0000   0x194  startup_apm32f417xx.o [1]
                             - 0x800'0194   0x194

"P1":                                      0xb5c6
  .text              ro code   0x800'0194  0x18bc  apm32f4xx_usb_host.o [1]
  .text              ro code   0x800'1a50   0x48a  apm32f4xx_usb.o [1]
  .text              ro code   0x800'1eda    0x3a  zero_init3.o [4]
  .text              ro code   0x800'1f14   0x208  usbh_board.o [1]
  .text              ro code   0x800'211c    0xcc  board_delay.o [1]
  .text              ro code   0x800'21e8   0x130  apm32f4xx_rcm.o [1]
  .text              ro code   0x800'2318   0x120  apm32f4xx_gpio.o [1]
  .text              ro code   0x800'2438    0xc0  apm32f4xx_misc.o [1]
  .text              ro code   0x800'24f8   0x702  usbh_core.o [1]
  .text              ro code   0x800'2bfa    0x1e  xencoding_8859_1.o [2]
  .text              ro code   0x800'2c18   0x1b4  system_apm32f4xx.o [1]
  .text              ro code   0x800'2dcc    0xa6  ABImemcpy.o [4]
  .text              ro code   0x800'2e72    0x82  usbh_channel.o [1]
  .text              ro code   0x800'2ef4     0x2  usbh_core.o [1]
  .rodata            const     0x800'2ef6     0x2  Board.o [1]
  .text              ro code   0x800'2ef8    0x28  printf.o [2]
  .text              ro code   0x800'2f20   0x5c0  usbh_enum.o [1]
  .text              ro code   0x800'34e0   0x65c  usbh_stdReq.o [1]
  .text              ro code   0x800'3b3c    0x66  ABImemset.o [4]
  .rodata            const     0x800'3ba2     0x2  Board.o [1]
  .text              ro code   0x800'3ba4  0x10c6  xprintffull.o [2]
  .rodata            const     0x800'4c6a     0x2  Board.o [1]
  .text              ro code   0x800'4c6c   0x314  usbh_dataXfer.o [1]
  .text              ro code   0x800'4f80    0x7c  xlocale_c.o [2]
  .text              ro code   0x800'4ffc    0x16  strchr.o [4]
  .rodata            const     0x800'5012     0x2  Board.o [1]
  .text              ro code   0x800'5014    0x40  xfail_s.o [2]
  .text              ro code   0x800'5054    0x36  strlen.o [4]
  .rodata            const     0x800'508a     0x2  Board.o [1]
  .text              ro code   0x800'508c    0x58  memchr.o [4]
  .text              ro code   0x800'50e4    0x70  frexp.o [3]
  .text              ro code   0x800'5154    0x2e  DblCmpLe.o [3]
  .rodata            const     0x800'5182     0x2  Board.o [1]
  .text              ro code   0x800'5184    0x2e  DblCmpGe.o [3]
  .rodata            const     0x800'51b2     0x2  xlocale_c.o [2]
  .text              ro code   0x800'51b4   0x13a  ldexp.o [3]
  .rodata            const     0x800'52ee     0x2  xlocale_c.o [2]
  .text              ro code   0x800'52f0    0x3a  DblToS32.o [3]
  .rodata            const     0x800'532a     0x1  xlocale_c.o [2]
  .text              ro code   0x800'532c    0x22  S32ToDbl.o [3]
  .text              ro code   0x800'5350    0xe2  DblSub.o [3]
  .text              ro code   0x800'5434   0x246  DblDiv.o [3]
  .text              ro code   0x800'567c    0x28  DblToU32.o [3]
  .text              ro code   0x800'56a4    0x1a  U32ToDbl.o [3]
  .text              ro code   0x800'56c0   0x1a2  DblMul.o [3]
  .text              ro code   0x800'5862     0xa  xmbcurmax.o [2]
  .text              ro code   0x800'586c   0x230  I64DivMod.o [4]
  .text              ro code   0x800'5a9c     0x6  abort.o [2]
  .text              ro code   0x800'5aa4   0x16a  DblAdd.o [3]
  .text              ro code   0x800'5c10     0x2  I64DivZer.o [4]
  .text              ro code   0x800'5c14    0x14  exit.o [5]
  .text              ro code   0x800'5c28  0x162a  ff.o [1]
  .text              ro code   0x800'7252    0x7a  diskio.o [1]
  .text              ro code   0x800'72cc    0x68  memcmp.o [4]
  .text              ro code   0x800'7334   0x124  fatfs.o [1]
  .text              ro code   0x800'7458   0x128  usbh_diskio.o [1]
  .text              ro code   0x800'7580   0xc24  usbh_msc.o [1]
  .text              ro code   0x800'81a4   0x428  usbh_msc_scsi.o [1]
  .text              ro code   0x800'85cc  0x149c  dlmalloc.o [2]
  .text              ro code   0x800'9a68   0x39c  usbh_msc_bot.o [1]
  .text              ro code   0x800'9e04     0x4  heaptramp0.o [2]
  .text              ro code   0x800'9e08    0x2c  xgetmemchunk.o [2]
  .text              ro code   0x800'9e34   0x2c4  usb_host_user.o [1]
  .text              ro code   0x800'a0f8   0x1dc  Board.o [1]
  .text              ro code   0x800'a2d4    0x84  apm32f4xx_syscfg.o [1]
  .text              ro code   0x800'a358    0x88  apm32f4xx_eint.o [1]
  .text              ro code   0x800'a3e0   0x140  apm32f4xx_usart.o [1]
  .text              ro code   0x800'a520    0x90  main.o [1]
  .rodata            const     0x800'a5b0    0x80  ff.o [1]
  .text              ro code   0x800'a630    0x78  lz77_init_single.o [4]
  .rodata            const     0x800'a6a8    0x58  usbh_enum.o [1]
  .rodata            const     0x800'a700    0x54  usbh_core.o [1]
  .rodata            const     0x800'a754    0x44  usbh_enum.o [1]
  .rodata            const     0x800'a798    0x44  usbh_stdReq.o [1]
  .rodata            const     0x800'a7dc    0x40  usbh_core.o [1]
  .rodata            const     0x800'a81c    0x40  usbh_stdReq.o [1]
  .rodata            const     0x800'a85c    0x40  usbh_stdReq.o [1]
  .rodata            const     0x800'a89c    0x3c  usbh_enum.o [1]
  .rodata            const     0x800'a8d8    0x3c  usbh_enum.o [1]
  .rodata            const     0x800'a914    0x38  usbh_enum.o [1]
  .rodata            const     0x800'a94c    0x38  usbh_msc.o [1]
  .rodata            const     0x800'a984    0x38  usbh_msc.o [1]
  .rodata            const     0x800'a9bc    0x34  main.o [1]
  .rodata            const     0x800'a9f0    0x34  usb_host_user.o [1]
  .rodata            const     0x800'aa24    0x34  usbh_core.o [1]
  .rodata            const     0x800'aa58    0x34  usbh_dataXfer.o [1]
  .rodata            const     0x800'aa8c    0x34  usbh_enum.o [1]
  .rodata            const     0x800'aac0    0x30  usbh_msc.o [1]
  .rodata            const     0x800'aaf0    0x2c  fatfs.o [1]
  .rodata            const     0x800'ab1c    0x2c  fatfs.o [1]
  .rodata            const     0x800'ab48    0x2c  fatfs.o [1]
  .rodata            const     0x800'ab74    0x2c  fatfs.o [1]
  .rodata            const     0x800'aba0    0x2c  usbh_core.o [1]
  .rodata            const     0x800'abcc    0x2c  usbh_core.o [1]
  .rodata            const     0x800'abf8    0x2c  usbh_core.o [1]
  .rodata            const     0x800'ac24    0x28  usbh_enum.o [1]
  .rodata            const     0x800'ac4c    0x28  usbh_msc.o [1]
  .rodata            const     0x800'ac74    0x28  usbh_stdReq.o [1]
  .text              ro code   0x800'ac9c    0x28  apm32f4xx_int.o [1]
  .text              ro code   0x800'acc4    0x28  data_init.o [4]
  .rodata            const     0x800'acec    0x24  fatfs.o [1]
  .rodata            const     0x800'ad10    0x24  fatfs.o [1]
  .rodata            const     0x800'ad34    0x24  fatfs.o [1]
  .rodata            const     0x800'ad58    0x24  fatfs.o [1]
  .rodata            const     0x800'ad7c    0x24  fatfs.o [1]
  .rodata            const     0x800'ada0    0x24  usb_host_user.o [1]
  .rodata            const     0x800'adc4    0x24  usb_host_user.o [1]
  .rodata            const     0x800'ade8    0x24  usbh_core.o [1]
  .rodata            const     0x800'ae0c    0x24  usbh_core.o [1]
  .rodata            const     0x800'ae30    0x24  usbh_core.o [1]
  .rodata            const     0x800'ae54    0x24  usbh_core.o [1]
  .rodata            const     0x800'ae78    0x24  usbh_msc.o [1]
  .rodata            const     0x800'ae9c    0x24  usbh_msc.o [1]
  .rodata            const     0x800'aec0    0x24  usbh_stdReq.o [1]
  .rodata            const     0x800'aee4    0x24  usbh_stdReq.o [1]
  .text              ro code   0x800'af08    0x22  fpinit_M.o [3]
  .iar.init_table    const     0x800'af2c    0x20  - Linker created -
  .rodata            const     0x800'af4c    0x20  fatfs.o [1]
  .rodata            const     0x800'af6c    0x20  fatfs.o [1]
  .rodata            const     0x800'af8c    0x20  usb_host_user.o [1]
  .rodata            const     0x800'afac    0x20  usb_host_user.o [1]
  .rodata            const     0x800'afcc    0x20  usb_host_user.o [1]
  .rodata            const     0x800'afec    0x20  usbh_core.o [1]
  .rodata            const     0x800'b00c    0x20  usbh_enum.o [1]
  .rodata            const     0x800'b02c    0x20  usbh_enum.o [1]
  .rodata            const     0x800'b04c    0x20  usbh_enum.o [1]
  .rodata            const     0x800'b06c    0x20  usbh_msc.o [1]
  .rodata            const     0x800'b08c    0x20  usbh_msc.o [1]
  .rodata            const     0x800'b0ac    0x20  usbh_msc.o [1]
  .rodata            const     0x800'b0cc    0x20  usbh_msc.o [1]
  .text              ro code   0x800'b0ec    0x1e  cmain.o [4]
  .text              ro code   0x800'b10a     0x4  low_level_init.o [2]
  .text              ro code   0x800'b10e     0x4  exit.o [2]
  .text              ro code   0x800'b114     0xa  cexit.o [4]
  .rodata            const     0x800'b120    0x1c  fatfs.o [1]
  .rodata            const     0x800'b13c    0x1c  fatfs.o [1]
  .rodata            const     0x800'b158    0x1c  main.o [1]
  .rodata            const     0x800'b174    0x1c  usb_host_user.o [1]
  .rodata            const     0x800'b190    0x1c  usbh_core.o [1]
  .rodata            const     0x800'b1ac    0x1c  usbh_core.o [1]
  .rodata            const     0x800'b1c8    0x1c  usbh_core.o [1]
  .rodata            const     0x800'b1e4    0x1c  usbh_enum.o [1]
  .rodata            const     0x800'b200    0x1c  usbh_msc.o [1]
  .rodata            const     0x800'b21c    0x1c  usbh_msc.o [1]
  .rodata            const     0x800'b238    0x1c  usbh_msc.o [1]
  .rodata            const     0x800'b254    0x18  usb_host_user.o [1]
  .rodata            const     0x800'b26c    0x18  usb_host_user.o [1]
  .rodata            const     0x800'b284    0x18  usb_host_user.o [1]
  .rodata            const     0x800'b29c    0x18  usbh_core.o [1]
  .rodata            const     0x800'b2b4    0x18  usbh_core.o [1]
  .rodata            const     0x800'b2cc    0x18  usbh_enum.o [1]
  .rodata            const     0x800'b2e4    0x18  usbh_enum.o [1]
  .rodata            const     0x800'b2fc    0x18  usbh_msc.o [1]
  .text              ro code   0x800'b314    0x16  xprout.o [2]
  .text              ro code   0x800'b32c     0xc  putchar.o [2]
  .rodata            const     0x800'b338    0x14  usb_host_user.o [1]
  .rodata            const     0x800'b34c    0x14  usb_host_user.o [1]
  .rodata            const     0x800'b360    0x14  usbh_core.o [1]
  .rodata            const     0x800'b374    0x14  usbh_enum.o [1]
  .rodata            const     0x800'b388    0x14  usbh_enum.o [1]
  .rodata            const     0x800'b39c    0x14  usbh_enum.o [1]
  .rodata            const     0x800'b3b0    0x14  usbh_enum.o [1]
  .rodata            const     0x800'b3c4    0x14  usbh_enum.o [1]
  .rodata            const     0x800'b3d8    0x14  usbh_enum.o [1]
  .rodata            const     0x800'b3ec    0x14  usbh_enum.o [1]
  .rodata            const     0x800'b400    0x14  usbh_msc.o [1]
  .rodata            const     0x800'b414    0x14  usbh_msc.o [1]
  .rodata            const     0x800'b428    0x10  apm32f4xx_rcm.o [1]
  .rodata            const     0x800'b438    0x10  fatfs.o [1]
  .rodata            const     0x800'b448    0x10  ff.o [1]
  .rodata            const     0x800'b458    0x10  usb_host_user.o [1]
  .rodata            const     0x800'b468    0x10  usbh_enum.o [1]
  .text              ro code   0x800'b478    0x10  startup_apm32f417xx.o [1]
  .rodata            const     0x800'b488     0xc  ff.o [1]
  .rodata            const     0x800'b494     0xc  usb_host_user.o [1]
  .rodata            const     0x800'b4a0     0xc  usbh_enum.o [1]
  .rodata            const     0x800'b4ac     0xc  usbh_msc.o [1]
  .text              ro code   0x800'b4b8     0xc  cstartup_M.o [4]
  .rodata            const     0x800'b4c4     0x8  apm32f4xx_rcm.o [1]
  .rodata            const     0x800'b4cc     0x8  Board.o [1]
  .rodata            const     0x800'b4d4     0x8  Board.o [1]
  .rodata            const     0x800'b4dc     0x8  Board.o [1]
  .rodata            const     0x800'b4e4     0x8  Board.o [1]
  .rodata            const     0x800'b4ec     0x8  Board.o [1]
  .rodata            const     0x800'b4f4     0x8  usb_host_user.o [1]
  .rodata            const     0x800'b4fc     0x8  usb_host_user.o [1]
  .rodata            const     0x800'b504     0x8  usbh_core.o [1]
  .rodata            const     0x800'b50c     0x8  usbh_core.o [1]
  .rodata            const     0x800'b514     0x8  usbh_dataXfer.o [1]
  .rodata            const     0x800'b51c     0x8  usbh_enum.o [1]
  .rodata            const     0x800'b524     0x8  usbh_enum.o [1]
  .rodata            const     0x800'b52c     0x8  usbh_msc.o [1]
  .rodata            const     0x800'b534     0x8  usbh_msc.o [1]
  .rodata            const     0x800'b53c     0x8  usbh_stdReq.o [1]
  .rodata            const     0x800'b544     0x4  Board.o [1]
  .rodata            const     0x800'b548     0x4  Board.o [1]
  .rodata            const     0x800'b54c     0x4  Board.o [1]
  .text              ro code   0x800'b550     0x4  startup_apm32f417xx.o [1]
  .text              ro code   0x800'b554     0x4  startup_apm32f417xx.o [1]
  .text              ro code   0x800'b558     0x4  startup_apm32f417xx.o [1]
  .text              ro code   0x800'b55c     0x4  startup_apm32f417xx.o [1]
  .text              ro code   0x800'b560     0x4  startup_apm32f417xx.o [1]
  .text              ro code   0x800'b564     0x4  startup_apm32f417xx.o [1]
  .text              ro code   0x800'b568     0x4  startup_apm32f417xx.o [1]
  .text              ro code   0x800'b56c     0x4  startup_apm32f417xx.o [1]
  .text              ro code   0x800'b570     0x4  startup_apm32f417xx.o [1]
  .text              ro code   0x800'b574     0x4  startup_apm32f417xx.o [1]
  .text              ro code   0x800'b578     0x4  startup_apm32f417xx.o [1]
  .text              ro code   0x800'b57c     0x4  startup_apm32f417xx.o [1]
  .text              ro code   0x800'b580     0x4  startup_apm32f417xx.o [1]
  .text              ro code   0x800'b584     0x4  startup_apm32f417xx.o [1]
  .text              ro code   0x800'b588     0x4  startup_apm32f417xx.o [1]
  .text              ro code   0x800'b58c     0x4  startup_apm32f417xx.o [1]
  .text              ro code   0x800'b590     0x4  startup_apm32f417xx.o [1]
  .text              ro code   0x800'b594     0x4  startup_apm32f417xx.o [1]
  .text              ro code   0x800'b598     0x4  startup_apm32f417xx.o [1]
  .text              ro code   0x800'b59c     0x4  startup_apm32f417xx.o [1]
  .text              ro code   0x800'b5a0     0x4  startup_apm32f417xx.o [1]
  .text              ro code   0x800'b5a4     0x4  startup_apm32f417xx.o [1]
  .text              ro code   0x800'b5a8     0x4  startup_apm32f417xx.o [1]
  .text              ro code   0x800'b5ac     0x4  startup_apm32f417xx.o [1]
  .text              ro code   0x800'b5b0     0x4  startup_apm32f417xx.o [1]
  .text              ro code   0x800'b5b4     0x4  startup_apm32f417xx.o [1]
  .text              ro code   0x800'b5b8     0x4  startup_apm32f417xx.o [1]
  .text              ro code   0x800'b5bc     0x4  startup_apm32f417xx.o [1]
  .text              ro code   0x800'b5c0     0x4  startup_apm32f417xx.o [1]
  .text              ro code   0x800'b5c4     0x4  startup_apm32f417xx.o [1]
  .text              ro code   0x800'b5c8     0x4  startup_apm32f417xx.o [1]
  .text              ro code   0x800'b5cc     0x4  startup_apm32f417xx.o [1]
  .text              ro code   0x800'b5d0     0x4  startup_apm32f417xx.o [1]
  .text              ro code   0x800'b5d4     0x4  startup_apm32f417xx.o [1]
  .text              ro code   0x800'b5d8     0x4  startup_apm32f417xx.o [1]
  .text              ro code   0x800'b5dc     0x4  startup_apm32f417xx.o [1]
  .text              ro code   0x800'b5e0     0x4  startup_apm32f417xx.o [1]
  .text              ro code   0x800'b5e4     0x4  startup_apm32f417xx.o [1]
  .text              ro code   0x800'b5e8     0x4  startup_apm32f417xx.o [1]
  .text              ro code   0x800'b5ec     0x4  startup_apm32f417xx.o [1]
  .text              ro code   0x800'b5f0     0x4  startup_apm32f417xx.o [1]
  .text              ro code   0x800'b5f4     0x4  startup_apm32f417xx.o [1]
  .text              ro code   0x800'b5f8     0x4  startup_apm32f417xx.o [1]
  .text              ro code   0x800'b5fc     0x4  startup_apm32f417xx.o [1]
  .text              ro code   0x800'b600     0x4  startup_apm32f417xx.o [1]
  .text              ro code   0x800'b604     0x4  startup_apm32f417xx.o [1]
  .text              ro code   0x800'b608     0x4  startup_apm32f417xx.o [1]
  .text              ro code   0x800'b60c     0x4  startup_apm32f417xx.o [1]
  .text              ro code   0x800'b610     0x4  startup_apm32f417xx.o [1]
  .text              ro code   0x800'b614     0x4  startup_apm32f417xx.o [1]
  .text              ro code   0x800'b618     0x4  startup_apm32f417xx.o [1]
  .text              ro code   0x800'b61c     0x4  startup_apm32f417xx.o [1]
  .text              ro code   0x800'b620     0x4  startup_apm32f417xx.o [1]
  .text              ro code   0x800'b624     0x4  startup_apm32f417xx.o [1]
  .text              ro code   0x800'b628     0x4  startup_apm32f417xx.o [1]
  .text              ro code   0x800'b62c     0x4  startup_apm32f417xx.o [1]
  .text              ro code   0x800'b630     0x4  startup_apm32f417xx.o [1]
  .text              ro code   0x800'b634     0x4  startup_apm32f417xx.o [1]
  .text              ro code   0x800'b638     0x4  startup_apm32f417xx.o [1]
  .text              ro code   0x800'b63c     0x4  startup_apm32f417xx.o [1]
  .text              ro code   0x800'b640     0x4  startup_apm32f417xx.o [1]
  .text              ro code   0x800'b644     0x4  startup_apm32f417xx.o [1]
  .text              ro code   0x800'b648     0x4  startup_apm32f417xx.o [1]
  .text              ro code   0x800'b64c     0x4  startup_apm32f417xx.o [1]
  .text              ro code   0x800'b650     0x4  startup_apm32f417xx.o [1]
  .text              ro code   0x800'b654     0x4  startup_apm32f417xx.o [1]
  .text              ro code   0x800'b658     0x4  startup_apm32f417xx.o [1]
  .text              ro code   0x800'b65c     0x4  startup_apm32f417xx.o [1]
  .text              ro code   0x800'b660     0x4  startup_apm32f417xx.o [1]
  .text              ro code   0x800'b664     0x4  startup_apm32f417xx.o [1]
  .text              ro code   0x800'b668     0x4  startup_apm32f417xx.o [1]
  .text              ro code   0x800'b66c     0x4  startup_apm32f417xx.o [1]
  .text              ro code   0x800'b670     0x4  startup_apm32f417xx.o [1]
  .text              ro code   0x800'b674     0x4  startup_apm32f417xx.o [1]
  .text              ro code   0x800'b678     0x4  startup_apm32f417xx.o [1]
  .text              ro code   0x800'b67c     0x4  startup_apm32f417xx.o [1]
  .text              ro code   0x800'b680     0x4  startup_apm32f417xx.o [1]
  .text              ro code   0x800'b684     0x4  startup_apm32f417xx.o [1]
  .text              ro code   0x800'b688     0x4  startup_apm32f417xx.o [1]
  .text              ro code   0x800'b68c     0x4  startup_apm32f417xx.o [1]
  .text              ro code   0x800'b690     0x4  startup_apm32f417xx.o [1]
  .text              ro code   0x800'b694     0x4  startup_apm32f417xx.o [1]
  .text              ro code   0x800'b698     0x4  startup_apm32f417xx.o [1]
  .text              ro code   0x800'b69c     0x4  startup_apm32f417xx.o [1]
  .rodata            const     0x800'b6a0     0x0  zero_init3.o [4]
  .rodata            const     0x800'b6a0     0x0  lz77_init_single.o [4]
  Initializer bytes  const     0x800'b6a0    0xba  <for P2-1>
                             - 0x800'b75a  0xb5c6

"P2", part 1 of 3:                          0x150
  P2-1                        0x2000'0000   0x150  <Init block>
    .data            inited   0x2000'0000     0x8  Board.o [1]
    .data            inited   0x2000'0008     0x8  Board.o [1]
    .data            inited   0x2000'0010     0x8  Board.o [1]
    .data            inited   0x2000'0018     0x8  Board.o [1]
    .data            inited   0x2000'0020     0xc  fatfs.o [1]
    .data            inited   0x2000'002c     0x4  system_apm32f4xx.o [1]
    .data            inited   0x2000'0030    0x10  system_apm32f4xx.o [1]
    .data            inited   0x2000'0040    0x20  usbh_msc.o [1]
    .data            inited   0x2000'0060    0x28  usbh_msc.o [1]
    .data            inited   0x2000'0088    0x38  xlocale_c.o [2]
    .data            inited   0x2000'00c0    0x48  xlocale_c.o [2]
    .data            inited   0x2000'0108    0x48  xfiles.o [2]
                            - 0x2000'0150   0x150

"P2", part 2 of 3:                         0x1224
  .bss               zero     0x2000'0150   0x4d0  usb_host_user.o [1]
  .bss               zero     0x2000'0620   0x400  fatfs.o [1]
  .bss               zero     0x2000'0a20   0x284  usbh_board.o [1]
  .bss               zero     0x2000'0ca4   0x230  usb_host_user.o [1]
  .bss               zero     0x2000'0ed4   0x22c  usb_host_user.o [1]
  .bss               zero     0x2000'1100   0x1d8  dlmalloc.o [2]
  .bss               zero     0x2000'12d8    0x50  xfiles.o [2]
  .bss               zero     0x2000'1328    0x18  dlmalloc.o [2]
  .bss               zero     0x2000'1340    0x14  ff.o [1]
  .bss               zero     0x2000'1354     0x8  usb_host_user.o [1]
  .bss               zero     0x2000'135c     0x4  board_delay.o [1]
  .bss               zero     0x2000'1360     0x4  fatfs.o [1]
  .bss               zero     0x2000'1364     0x4  xfail_s.o [2]
  .bss               zero     0x2000'1368     0x4  xgetmemchunk.o [2]
  .bss               zero     0x2000'136c     0x2  ff.o [1]
  .bss               zero     0x2000'136e     0x2  usbh_dataXfer.o [1]
  .bss               zero     0x2000'1370     0x1  usbh_dataXfer.o [1]
                            - 0x2000'1371  0x1221

"P2", part 3 of 3:                          0xc00
  CSTACK                      0x2000'1378   0x400  <Block>
    CSTACK           uninit   0x2000'1378   0x400  <Block tail>
  HEAP                        0x2000'1778   0x800  <Block>
    HEAP             uninit   0x2000'1778   0x800  <Block tail>
                            - 0x2000'1f78   0xc00

Unused ranges:

         From           To      Size
         ----           --      ----
   0x800'b75a   0x80f'ffff  0xf'48a6
  0x2000'1374  0x2000'1377       0x4
  0x2000'1f78  0x2001'ffff  0x1'e088


*******************************************************************************
*** INIT TABLE
***

          Address      Size
          -------      ----
Zero (__iar_zero_init3)
    1 destination range, total size 0x1221:
          0x2000'0150  0x1221

Copy/lz77 (__iar_lz77_init_single3)
    1 source range, total size 0xba (55% of destination):
           0x800'b6a0    0xba
    1 destination range, total size 0x150:
          0x2000'0000   0x150



*******************************************************************************
*** MODULE SUMMARY
***

    Module                 ro code  ro data  rw data
    ------                 -------  -------  -------
command line/config:
    ------------------------------------------------
    Total:

E:\workspace\project\APM32F4xx\SDK\APM32F4xx_SDK\Examples\Board_APM32F407_Mini\USB_OTG\Host_Examples\OTGH_MSC\Project\IAR\APM32F417\Obj: [1]
    Board.o                    476       81       32
    apm32f4xx_eint.o           136
    apm32f4xx_gpio.o           288
    apm32f4xx_int.o             40
    apm32f4xx_misc.o           192
    apm32f4xx_rcm.o            304       24
    apm32f4xx_syscfg.o         132
    apm32f4xx_usart.o          320
    apm32f4xx_usb.o          1'162
    apm32f4xx_usb_host.o     6'332
    board_delay.o              204                 4
    diskio.o                   122
    fatfs.o                    292      499    1'040
    ff.o                     5'674      156       22
    main.o                     144       80
    startup_apm32f417xx.o      756
    system_apm32f4xx.o         436       11       20
    usb_host_user.o            708      404    2'356
    usbh_board.o               520               644
    usbh_channel.o             130
    usbh_core.o              1'796      676
    usbh_dataXfer.o            788       60        3
    usbh_diskio.o              296
    usbh_enum.o              1'472      780
    usbh_msc.o               3'108      616       72
    usbh_msc_bot.o             924
    usbh_msc_scsi.o          1'064
    usbh_stdReq.o            1'628      316
    ------------------------------------------------
    Total:                  29'444    3'703    4'193

dl7M_tlf.a: [2]
    abort.o                      6
    dlmalloc.o               5'276               496
    exit.o                       4
    heaptramp0.o                 4
    low_level_init.o             4
    printf.o                    40
    putchar.o                   12
    xencoding_8859_1.o          30
    xfail_s.o                   64                 4
    xfiles.o                             40      152
    xgetmemchunk.o              44                 4
    xlocale_c.o                124       76      128
    xmbcurmax.o                 10
    xprintffull.o            4'294
    xprout.o                    22
    ------------------------------------------------
    Total:                   9'934      116      784

m7M_tls.a: [3]
    DblAdd.o                   362
    DblCmpGe.o                  46
    DblCmpLe.o                  46
    DblDiv.o                   582
    DblMul.o                   418
    DblSub.o                   226
    DblToS32.o                  58
    DblToU32.o                  40
    S32ToDbl.o                  34
    U32ToDbl.o                  26
    fpinit_M.o                  34
    frexp.o                    112
    ldexp.o                    314
    ------------------------------------------------
    Total:                   2'298

rt7M_tl.a: [4]
    ABImemcpy.o                166
    ABImemset.o                102
    I64DivMod.o                560
    I64DivZer.o                  2
    cexit.o                     10
    cmain.o                     30
    cstartup_M.o                12
    data_init.o                 40
    lz77_init_single.o         120
    memchr.o                    88
    memcmp.o                   104
    strchr.o                    22
    strlen.o                    54
    zero_init3.o                58
    ------------------------------------------------
    Total:                   1'368

shb_l.a: [5]
    exit.o                      20
    ------------------------------------------------
    Total:                      20

    Gaps                        19        4
    Linker created                       32    3'072
----------------------------------------------------
    Grand Total:            43'083    3'855    8'049


*******************************************************************************
*** ENTRY LIST
***

Entry                       Address   Size  Type      Object
-----                       -------   ----  ----      ------
.iar.init_table$$Base    0x800'af2c          --   Gb  - Linker created -
.iar.init_table$$Limit   0x800'af4c          --   Gb  - Linker created -
?main                    0x800'b0ed         Code  Gb  cmain.o [4]
AHBPrescTable           0x2000'0030   0x10  Data  Gb  system_apm32f4xx.o [1]
BOARD_COMInit            0x800'a197   0xf6  Code  Gb  Board.o [1]
BOARD_DelayConfig        0x800'216f   0x1e  Code  Gb  board_delay.o [1]
BOARD_DelayIRQHandler    0x800'21bf    0xa  Code  Gb  board_delay.o [1]
BOARD_DelayMs            0x800'2193   0x2c  Code  Gb  board_delay.o [1]
BOARD_PBInit             0x800'a0f9   0x9e  Code  Gb  Board.o [1]
BOARD_ReadTick           0x800'218d    0x6  Code  Gb  board_delay.o [1]
BUTTON_CLK               0x800'b4cc    0x8  Data  Gb  Board.o [1]
BUTTON_EINT_LINE         0x800'b4d4    0x8  Data  Gb  Board.o [1]
BUTTON_IRQn              0x800'4c6a    0x2  Data  Gb  Board.o [1]
BUTTON_PIN               0x800'b544    0x4  Data  Gb  Board.o [1]
BUTTON_PIN_SOURCE        0x800'3ba2    0x2  Data  Gb  Board.o [1]
BUTTON_PORT             0x2000'0000    0x8  Data  Gb  Board.o [1]
BUTTON_PORT_SOURCE       0x800'2ef6    0x2  Data  Gb  Board.o [1]
BusFault_Handler         0x800'aca3    0x2  Code  Gb  apm32f4xx_int.o [1]
COM_GPIO_AF              0x800'5182    0x2  Data  Gb  Board.o [1]
COM_RX_PIN               0x800'b54c    0x4  Data  Gb  Board.o [1]
COM_RX_PIN_SOURCE        0x800'508a    0x2  Data  Gb  Board.o [1]
COM_RX_PORT             0x2000'0018    0x8  Data  Gb  Board.o [1]
COM_RX_PORT_CLK          0x800'b4ec    0x8  Data  Gb  Board.o [1]
COM_TX_PIN               0x800'b548    0x4  Data  Gb  Board.o [1]
COM_TX_PIN_SOURCE        0x800'5012    0x2  Data  Gb  Board.o [1]
COM_TX_PORT             0x2000'0010    0x8  Data  Gb  Board.o [1]
COM_TX_PORT_CLK          0x800'b4e4    0x8  Data  Gb  Board.o [1]
COM_USART               0x2000'0008    0x8  Data  Gb  Board.o [1]
COM_USART_CLK            0x800'b4dc    0x8  Data  Gb  Board.o [1]
CSTACK$$Base            0x2000'1378          --   Gb  - Linker created -
CSTACK$$Limit           0x2000'1778          --   Gb  - Linker created -
CacheMore                0x800'4f85   0x28  Code  Lc  xlocale_c.o [2]
DebugMon_Handler         0x800'aca9    0x2  Code  Gb  apm32f4xx_int.o [1]
EINT_Config              0x800'a359   0x78  Code  Gb  apm32f4xx_eint.o [1]
ExCvt                    0x800'a5b0   0x80  Data  Lc  ff.o [1]
FATFS_ReadFile           0x800'73ab   0x66  Code  Gb  fatfs.o [1]
FATFS_WriteFile          0x800'7335   0x76  Code  Gb  fatfs.o [1]
FatFs                   0x2000'1340   0x14  Data  Lc  ff.o [1]
Fsid                    0x2000'136c    0x2  Data  Lc  ff.o [1]
GPIO_Config              0x800'2319   0xa8  Code  Gb  apm32f4xx_gpio.o [1]
GPIO_ConfigPinAF         0x800'23d9   0x60  Code  Gb  apm32f4xx_gpio.o [1]
GPIO_ConfigStructInit    0x800'23c1   0x18  Code  Gb  apm32f4xx_gpio.o [1]
HEAP$$Base              0x2000'1778          --   Gb  - Linker created -
HEAP$$Limit             0x2000'1f78          --   Gb  - Linker created -
HardFault_Handler        0x800'ac9f    0x2  Code  Gb  apm32f4xx_int.o [1]
MemManage_Handler        0x800'aca1    0x2  Code  Gb  apm32f4xx_int.o [1]
NMI_Handler              0x800'ac9d    0x2  Code  Gb  apm32f4xx_int.o [1]
NVIC_ConfigPriorityGroup
                         0x800'2439    0xc  Code  Gb  apm32f4xx_misc.o [1]
NVIC_DisableIRQRequest   0x800'24d1   0x14  Code  Gb  apm32f4xx_misc.o [1]
NVIC_EnableIRQRequest    0x800'2445   0x8c  Code  Gb  apm32f4xx_misc.o [1]
OTG_FS_IRQHandler        0x800'acb5    0xa  Code  Gb  apm32f4xx_int.o [1]
PendSV_Handler           0x800'acab    0x2  Code  Gb  apm32f4xx_int.o [1]
RCM_DisableAHB2PeriphReset
                         0x800'22df    0xc  Code  Gb  apm32f4xx_rcm.o [1]
RCM_EnableAHB1PeriphClock
                         0x800'22ad    0xa  Code  Gb  apm32f4xx_rcm.o [1]
RCM_EnableAHB2PeriphClock
                         0x800'22b7    0xa  Code  Gb  apm32f4xx_rcm.o [1]
RCM_EnableAHB2PeriphReset
                         0x800'22d5    0xa  Code  Gb  apm32f4xx_rcm.o [1]
RCM_EnableAPB1PeriphClock
                         0x800'22c1    0xa  Code  Gb  apm32f4xx_rcm.o [1]
RCM_EnableAPB2PeriphClock
                         0x800'22cb    0xa  Code  Gb  apm32f4xx_rcm.o [1]
RCM_ReadHCLKFreq         0x800'2249   0x22  Code  Gb  apm32f4xx_rcm.o [1]
RCM_ReadPCLKFreq         0x800'226b   0x42  Code  Gb  apm32f4xx_rcm.o [1]
RCM_ReadSYSCLKFreq       0x800'21e9   0x60  Code  Gb  apm32f4xx_rcm.o [1]
Region$$Table$$Base      0x800'af2c          --   Gb  - Linker created -
Region$$Table$$Limit     0x800'af4c          --   Gb  - Linker created -
SVC_Handler              0x800'aca7    0x2  Code  Gb  apm32f4xx_int.o [1]
SYSCFG_ConfigEINTLine    0x800'a2d5   0x74  Code  Gb  apm32f4xx_syscfg.o [1]
SysTick_Config           0x800'2141   0x2e  Code  Lc  board_delay.o [1]
SysTick_Handler          0x800'acad    0x8  Code  Gb  apm32f4xx_int.o [1]
SystemClockConfig        0x800'2cdb   0xb0  Code  Gb  system_apm32f4xx.o [1]
SystemCoreClock         0x2000'002c    0x4  Data  Gb  system_apm32f4xx.o [1]
SystemCoreClockUpdate    0x800'2c59   0x82  Code  Gb  system_apm32f4xx.o [1]
SystemInit               0x800'2c19   0x40  Code  Gb  system_apm32f4xx.o [1]
USART_Config             0x800'a3e1   0xf0  Code  Gb  apm32f4xx_usart.o [1]
USART_ConfigStructInit   0x800'a4dd   0x1c  Code  Gb  apm32f4xx_usart.o [1]
USART_Enable             0x800'a4f9    0xa  Code  Gb  apm32f4xx_usart.o [1]
USART_ReadStatusFlag     0x800'a50f   0x12  Code  Gb  apm32f4xx_usart.o [1]
USART_TxData             0x800'a503    0xc  Code  Gb  apm32f4xx_usart.o [1]
USBH_BulkReceiveDataReq
                         0x800'4d27   0x26  Code  Gb  usbh_dataXfer.o [1]
USBH_BulkSendDataReq     0x800'4cef   0x38  Code  Gb  usbh_dataXfer.o [1]
USBH_CH_AllocChannel     0x800'2e97   0x32  Code  Gb  usbh_channel.o [1]
USBH_CH_FreeChannel      0x800'2e73   0x24  Code  Gb  usbh_channel.o [1]
USBH_CH_ReadFreeChannel
                         0x800'2ec9   0x2c  Code  Lc  usbh_channel.o [1]
USBH_CfgDescParse        0x800'3905  0x1ac  Code  Lc  usbh_stdReq.o [1]
USBH_ClearFeature        0x800'3635   0x10  Code  Gb  usbh_stdReq.o [1]
USBH_CloseChannel        0x800'1201    0xa  Code  Gb  apm32f4xx_usb_host.o [1]
USBH_CloseChannelCallback
                         0x800'20d1    0xe  Code  Gb  usbh_board.o [1]
USBH_Config              0x800'17f7  0x244  Code  Gb  apm32f4xx_usb_host.o [1]
USBH_ConfigToggleCallback
                         0x800'20fb   0x10  Code  Gb  usbh_board.o [1]
USBH_Connect             0x800'24f9   0x1a  Code  Gb  usbh_core.o [1]
USBH_ConnectCallback     0x800'202f    0xc  Code  Gb  usbh_board.o [1]
USBH_CopyBuffer          0x800'3b31    0xc  Code  Lc  usbh_stdReq.o [1]
USBH_CtrlReceiveDataReq
                         0x800'4ca5   0x26  Code  Gb  usbh_dataXfer.o [1]
USBH_CtrlSendDataReq     0x800'4c6d   0x38  Code  Gb  usbh_dataXfer.o [1]
USBH_CtrlSendSetupReq    0x800'4ccb   0x24  Code  Gb  usbh_dataXfer.o [1]
USBH_CtrlXferHandler     0x800'4d4d  0x21e  Code  Gb  usbh_dataXfer.o [1]
USBH_CtrlXferHandler::reqDirTemp
                        0x2000'1370    0x1  Data  Lc  usbh_dataXfer.o [1]
USBH_CtrlXferHandler::reqLenght
                        0x2000'136e    0x2  Data  Lc  usbh_dataXfer.o [1]
USBH_DeInit              0x800'25e7   0x3a  Code  Gb  usbh_core.o [1]
USBH_DelayCallback       0x800'210b    0x8  Code  Gb  usbh_board.o [1]
USBH_DevDescParse        0x800'384f   0xb6  Code  Lc  usbh_stdReq.o [1]
USBH_Disconnect          0x800'2513   0x34  Code  Gb  usbh_core.o [1]
USBH_DisconnectCallback
                         0x800'203b    0xc  Code  Gb  usbh_board.o [1]
USBH_DisconnectIsrHandler
                         0x800'0195   0x40  Code  Lc  apm32f4xx_usb_host.o [1]
USBH_DiskInitialize      0x800'7473    0x4  Code  Gb  usbh_diskio.o [1]
USBH_DiskIoctl           0x800'7507   0x76  Code  Gb  usbh_diskio.o [1]
USBH_DiskRead            0x800'7477   0x44  Code  Gb  usbh_diskio.o [1]
USBH_DiskWrite           0x800'74bb   0x4c  Code  Gb  usbh_diskio.o [1]
USBH_EnumHandler         0x800'2f21  0x5c0  Code  Gb  usbh_enum.o [1]
USBH_GetCfgDesc          0x800'35a5   0x5a  Code  Gb  usbh_stdReq.o [1]
USBH_GetDevDesc          0x800'34e1   0x5a  Code  Gb  usbh_stdReq.o [1]
USBH_GetDiskStatus       0x800'7459   0x1a  Code  Gb  usbh_diskio.o [1]
USBH_GetStringDesc       0x800'353b   0x6a  Code  Gb  usbh_stdReq.o [1]
USBH_HandleSOF           0x800'2be1   0x1a  Code  Lc  usbh_core.o [1]
USBH_HardwareInit        0x800'1f15   0xba  Code  Gb  usbh_board.o [1]
USBH_HardwareReset       0x800'1fcf   0x26  Code  Gb  usbh_board.o [1]
USBH_HostChannelsIsrHandler
                         0x800'0e15   0x56  Code  Lc  apm32f4xx_usb_host.o [1]
USBH_HostPortIsrHandler
                         0x800'0e6b  0x10e  Code  Lc  apm32f4xx_usb_host.o [1]
USBH_IN_HostChannelIsrHandler
                         0x800'0493  0x498  Code  Lc  apm32f4xx_usb_host.o [1]
USBH_IncTimer            0x800'2563   0x12  Code  Gb  usbh_core.o [1]
USBH_Init                0x800'2589   0x5e  Code  Gb  usbh_core.o [1]
USBH_MSC_BOT_DecodeCSW   0x800'9da5   0x52  Code  Lc  usbh_msc_bot.o [1]
USBH_MSC_BOT_Init        0x800'9a69   0x22  Code  Gb  usbh_msc_bot.o [1]
USBH_MSC_BOT_REQ_GetMaxLun
                         0x800'9ad3   0x46  Code  Gb  usbh_msc_bot.o [1]
USBH_MSC_BOT_REQ_Reset   0x800'9a8b   0x48  Code  Gb  usbh_msc_bot.o [1]
USBH_MSC_BOT_StateHandler
                         0x800'9b19  0x28c  Code  Gb  usbh_msc_bot.o [1]
USBH_MSC_CLASS          0x2000'0040   0x20  Data  Gb  usbh_msc.o [1]
USBH_MSC_ClassDeInitHandler
                         0x800'7ff1   0x5e  Code  Lc  usbh_msc.o [1]
USBH_MSC_ClassInitHandler
                         0x800'7d7f  0x26e  Code  Lc  usbh_msc.o [1]
USBH_MSC_ClassReqHandler
                         0x800'804f   0x96  Code  Lc  usbh_msc.o [1]
USBH_MSC_CoreHandler     0x800'80e9   0x70  Code  Lc  usbh_msc.o [1]
USBH_MSC_DevRead         0x800'75d9   0xb6  Code  Gb  usbh_msc.o [1]
USBH_MSC_DevStatus       0x800'75b3   0x26  Code  Gb  usbh_msc.o [1]
USBH_MSC_DevWrite        0x800'768f   0xb6  Code  Gb  usbh_msc.o [1]
USBH_MSC_ErrorUnrecoveredHandler
                         0x800'7d53   0x2c  Code  Lc  usbh_msc.o [1]
USBH_MSC_Handler        0x2000'0060   0x28  Data  Gb  usbh_msc.o [1]
USBH_MSC_IdleHandler     0x800'791b    0x4  Code  Lc  usbh_msc.o [1]
USBH_MSC_InitHandler     0x800'7745   0x42  Code  Lc  usbh_msc.o [1]
USBH_MSC_InquiryHandler
                         0x800'791f   0xe4  Code  Lc  usbh_msc.o [1]
USBH_MSC_RWRequestSenseHandler
                         0x800'785f   0xbc  Code  Lc  usbh_msc.o [1]
USBH_MSC_ReadCapacityHandler
                         0x800'7b41   0xde  Code  Lc  usbh_msc.o [1]
USBH_MSC_ReadDevInfo     0x800'7581   0x32  Code  Gb  usbh_msc.o [1]
USBH_MSC_ReadHandler     0x800'7787   0x6c  Code  Lc  usbh_msc.o [1]
USBH_MSC_RequestSenseHandler
                         0x800'7c25  0x12e  Code  Lc  usbh_msc.o [1]
USBH_MSC_SCSI_Inquiry    0x800'81a5  0x108  Code  Gb  usbh_msc_scsi.o [1]
USBH_MSC_SCSI_Read       0x800'8489   0xa2  Code  Gb  usbh_msc_scsi.o [1]
USBH_MSC_SCSI_ReadCapacity
                         0x800'8313   0xc2  Code  Gb  usbh_msc_scsi.o [1]
USBH_MSC_SCSI_RequestSense
                         0x800'83d5   0xb4  Code  Gb  usbh_msc_scsi.o [1]
USBH_MSC_SCSI_TestUnitReady
                         0x800'82ad   0x66  Code  Gb  usbh_msc_scsi.o [1]
USBH_MSC_SCSI_Write      0x800'852b   0xa2  Code  Gb  usbh_msc_scsi.o [1]
USBH_MSC_SOFHandler      0x800'80e5    0x4  Code  Lc  usbh_msc.o [1]
USBH_MSC_TestUnitReadyHandler
                         0x800'7a09  0x138  Code  Lc  usbh_msc.o [1]
USBH_MSC_WriteHandler    0x800'77f3   0x6c  Code  Lc  usbh_msc.o [1]
USBH_OTG_ChannelSubReq   0x800'1607  0x18a  Code  Gb  apm32f4xx_usb_host.o [1]
USBH_OTG_ConfigToggle    0x800'17c9   0x2e  Code  Gb  apm32f4xx_usb_host.o [1]
USBH_OTG_IsrHandler      0x800'0f79   0xf2  Code  Gb  apm32f4xx_usb_host.o [1]
USBH_OTG_OpenChannel     0x800'120b  0x280  Code  Gb  apm32f4xx_usb_host.o [1]
USBH_OTG_ReadSpeed       0x800'10ad    0xc  Code  Gb  apm32f4xx_usb_host.o [1]
USBH_OTG_ReadToggle      0x800'179d   0x2c  Code  Gb  apm32f4xx_usb_host.o [1]
USBH_OTG_ReadUrbStatus   0x800'10b9    0xe  Code  Gb  apm32f4xx_usb_host.o [1]
USBH_OTG_ReadXferSize    0x800'1791    0xc  Code  Gb  apm32f4xx_usb_host.o [1]
USBH_OTG_ResetHost       0x800'107f   0x2e  Code  Gb  apm32f4xx_usb_host.o [1]
USBH_OTG_StartHost       0x800'106b   0x14  Code  Gb  apm32f4xx_usb_host.o [1]
USBH_OTG_StopHost        0x800'10c7  0x13a  Code  Gb  apm32f4xx_usb_host.o [1]
USBH_OUT_HostChannelIsrHandler
                         0x800'092b  0x4ea  Code  Lc  apm32f4xx_usb_host.o [1]
USBH_OpenChannelCallback
                         0x800'2077   0x24  Code  Gb  usbh_board.o [1]
USBH_PollingProcess      0x800'2655  0x494  Code  Gb  usbh_core.o [1]
USBH_PortDisable         0x800'2555    0xe  Code  Gb  usbh_core.o [1]
USBH_PortDisableCallback
                         0x800'2023    0xc  Code  Gb  usbh_board.o [1]
USBH_PortEnable          0x800'2547    0xe  Code  Gb  usbh_core.o [1]
USBH_PortEnableCallback
                         0x800'2017    0xc  Code  Gb  usbh_board.o [1]
USBH_REQ_ClearFeature    0x800'37ab   0x52  Code  Lc  usbh_stdReq.o [1]
USBH_REQ_CtrlXferHandler
                         0x800'36b3   0x52  Code  Gb  usbh_stdReq.o [1]
USBH_REQ_GetDescriptor   0x800'3645   0x6e  Code  Gb  usbh_stdReq.o [1]
USBH_REQ_SetAddr         0x800'3705   0x52  Code  Lc  usbh_stdReq.o [1]
USBH_REQ_SetConfiguration
                         0x800'3757   0x54  Code  Lc  usbh_stdReq.o [1]
USBH_REQ_SetFeature      0x800'37fd   0x52  Code  Lc  usbh_stdReq.o [1]
USBH_ReadLastXferSizeCallback
                         0x800'20df    0xe  Code  Gb  usbh_board.o [1]
USBH_ReadSpeedCallback   0x800'206b    0xc  Code  Gb  usbh_board.o [1]
USBH_ReadToggleCallback
                         0x800'20ed    0xe  Code  Gb  usbh_board.o [1]
USBH_ReadUrbStatusCallback
                         0x800'20c3    0xe  Code  Gb  usbh_board.o [1]
USBH_RegisterClass       0x800'2621   0x30  Code  Gb  usbh_core.o [1]
USBH_ResetCallback       0x800'205f    0xc  Code  Gb  usbh_board.o [1]
USBH_ResetStateMachine   0x800'2b39   0xa8  Code  Lc  usbh_core.o [1]
USBH_RxFifoNoEmptyIsrHandler
                         0x800'01d5  0x118  Code  Lc  apm32f4xx_usb_host.o [1]
USBH_SOFCallback         0x800'2009    0xc  Code  Gb  usbh_board.o [1]
USBH_SetAddress          0x800'3605   0x10  Code  Gb  usbh_stdReq.o [1]
USBH_SetConfiguration    0x800'3615   0x10  Code  Gb  usbh_stdReq.o [1]
USBH_SetFeature          0x800'3625   0x10  Code  Gb  usbh_stdReq.o [1]
USBH_Start               0x800'2575   0x14  Code  Gb  usbh_core.o [1]
USBH_StartCallback       0x800'2053    0xc  Code  Gb  usbh_board.o [1]
USBH_StopHostCallback    0x800'2047    0xc  Code  Gb  usbh_board.o [1]
USBH_StringDescParse     0x800'3ab1   0x5e  Code  Lc  usbh_stdReq.o [1]
USBH_UpdateUrbCallback   0x800'2015    0x2  Code  Gb  usbh_board.o [1]
USBH_UrbSubmitCallback   0x800'209b   0x28  Code  Gb  usbh_board.o [1]
USBH_UserDelayCallback   0x800'2113    0xa  Code  Gb  usbh_board.o [1]
USB_HostInitalize        0x800'9e35   0x1a  Code  Gb  usb_host_user.o [1]
USB_HostProcess          0x800'9e59    0xa  Code  Gb  usb_host_user.o [1]
USB_HostReset            0x800'9e4f    0xa  Code  Gb  usb_host_user.o [1]
USB_HostUserApplication
                         0x800'9e63   0x76  Code  Gb  usb_host_user.o [1]
USB_HostUserHandler      0x800'9ed9  0x1c4  Code  Lc  usb_host_user.o [1]
USB_OTG_ChannelStartXfer
                         0x800'148b  0x17c  Code  Gb  apm32f4xx_usb_host.o [1]
USB_OTG_ClearGlobalIntFlag
                         0x800'1acf    0x4  Code  Gb  apm32f4xx_usb.o [1]
USB_OTG_ConfigMode       0x800'1bb9   0x58  Code  Gb  apm32f4xx_usb.o [1]
USB_OTG_ConfigPHY        0x800'1a55    0xc  Code  Gb  apm32f4xx_usb.o [1]
USB_OTG_ConfigRxFifoSize
                         0x800'1a75    0xc  Code  Gb  apm32f4xx_usb.o [1]
USB_OTG_CoreReset        0x800'1b49   0x40  Code  Gb  apm32f4xx_usb.o [1]
USB_OTG_DisableAllGlobalInterrupt
                         0x800'1aa7    0xa  Code  Gb  apm32f4xx_usb.o [1]
USB_OTG_DisableGlobalInterrupt
                         0x800'1a89    0xa  Code  Gb  apm32f4xx_usb.o [1]
USB_OTG_DisablePowerDown
                         0x800'1b93    0xa  Code  Gb  apm32f4xx_usb.o [1]
USB_OTG_EnableAllGlobalInterrupt
                         0x800'1a9d    0xa  Code  Gb  apm32f4xx_usb.o [1]
USB_OTG_EnableDMA        0x800'1b9d    0xa  Code  Gb  apm32f4xx_usb.o [1]
USB_OTG_EnableGlobalInterrupt
                         0x800'1a81    0x8  Code  Gb  apm32f4xx_usb.o [1]
USB_OTG_EnablePowerDown
                         0x800'1b89    0xa  Code  Gb  apm32f4xx_usb.o [1]
USB_OTG_FIFO_ReadRxFifoPacket
                         0x800'1ea1   0x3a  Code  Gb  apm32f4xx_usb.o [1]
USB_OTG_FIFO_WriteFifoPacket
                         0x800'1e71   0x30  Code  Gb  apm32f4xx_usb.o [1]
USB_OTG_FlushRxFIFO      0x800'1b1d   0x2c  Code  Gb  apm32f4xx_usb.o [1]
USB_OTG_FlushTxFIFO      0x800'1ad3   0x4a  Code  Gb  apm32f4xx_usb.o [1]
USB_OTG_H_ClearAllChannelIntFlag
                         0x800'1e49   0x1e  Code  Gb  apm32f4xx_usb.o [1]
USB_OTG_H_ClearChannelIntFlag
                         0x800'1e3d    0xc  Code  Gb  apm32f4xx_usb.o [1]
USB_OTG_H_ConfigDMAAddr
                         0x800'1dd9    0xc  Code  Gb  apm32f4xx_usb.o [1]
USB_OTG_H_ConfigDeviceAddr
                         0x800'1c5d   0x1e  Code  Gb  apm32f4xx_usb.o [1]
USB_OTG_H_ConfigEpMaxPSize
                         0x800'1c99   0x1e  Code  Gb  apm32f4xx_usb.o [1]
USB_OTG_H_ConfigEpNum    0x800'1cb7   0x1e  Code  Gb  apm32f4xx_usb.o [1]
USB_OTG_H_ConfigEpType   0x800'1c7b   0x1e  Code  Gb  apm32f4xx_usb.o [1]
USB_OTG_H_ConfigHostClk
                         0x800'1dc1    0xc  Code  Gb  apm32f4xx_usb.o [1]
USB_OTG_H_DisableLowSpeedDevice
                         0x800'1c41   0x1c  Code  Gb  apm32f4xx_usb.o [1]
USB_OTG_H_DisablePortPower
                         0x800'1c1b    0xa  Code  Gb  apm32f4xx_usb.o [1]
USB_OTG_H_DriverVbus     0x800'1cf1   0x28  Code  Gb  apm32f4xx_usb.o [1]
USB_OTG_H_EnableChannel
                         0x800'1d19   0x38  Code  Gb  apm32f4xx_usb.o [1]
USB_OTG_H_EnableLowSpeedDevice
                         0x800'1c25   0x1c  Code  Gb  apm32f4xx_usb.o [1]
USB_OTG_H_EnablePortPower
                         0x800'1c11    0xa  Code  Gb  apm32f4xx_usb.o [1]
USB_OTG_H_HaltChannel    0x800'02ed  0x1a6  Code  Gb  apm32f4xx_usb_host.o [1]
USB_OTG_H_PenBitIsChange
                         0x800'1d9b    0xa  Code  Gb  apm32f4xx_usb.o [1]
USB_OTG_H_PortIsConnect
                         0x800'1d93    0x8  Code  Gb  apm32f4xx_usb.o [1]
USB_OTG_H_PortIsEnable   0x800'1da5    0xa  Code  Gb  apm32f4xx_usb.o [1]
USB_OTG_H_PovcBitIsChange
                         0x800'1d89    0xa  Code  Gb  apm32f4xx_usb.o [1]
USB_OTG_H_ReadAllChannelsIntFlag
                         0x800'1d69   0x16  Code  Gb  apm32f4xx_usb.o [1]
USB_OTG_H_ReadChannelIntFlag
                         0x800'1e17   0x26  Code  Gb  apm32f4xx_usb.o [1]
USB_OTG_H_ReadChannelStatus
                         0x800'1e07   0x10  Code  Gb  apm32f4xx_usb.o [1]
USB_OTG_H_ReadEpDirection
                         0x800'1daf   0x12  Code  Gb  apm32f4xx_usb.o [1]
USB_OTG_H_ReadEpType     0x800'1de5   0x12  Code  Gb  apm32f4xx_usb.o [1]
USB_OTG_H_ReadPacketCount
                         0x800'1d59   0x10  Code  Gb  apm32f4xx_usb.o [1]
USB_OTG_H_ReadPortConnectIntTriFlag
                         0x800'1e67    0xa  Code  Gb  apm32f4xx_usb.o [1]
USB_OTG_H_ReadPortSpeedType
                         0x800'1d7f    0xa  Code  Gb  apm32f4xx_usb.o [1]
USB_OTG_H_ReadTransferSize
                         0x800'1df7   0x10  Code  Gb  apm32f4xx_usb.o [1]
USB_OTG_H_ReadTxQueueRemainSpace
                         0x800'1d51    0x8  Code  Gb  apm32f4xx_usb.o [1]
USB_OTG_H_SetFrameInterval
                         0x800'1dcd    0xc  Code  Gb  apm32f4xx_usb.o [1]
USB_OTG_H_TxUseOddFrame
                         0x800'1cd5   0x1c  Code  Gb  apm32f4xx_usb.o [1]
USB_OTG_PopRxFifoStatus
                         0x800'1a51    0x4  Code  Gb  apm32f4xx_usb.o [1]
USB_OTG_ReadDMAStatus    0x800'1a93    0xa  Code  Gb  apm32f4xx_usb.o [1]
USB_OTG_ReadGlobalIntFlag
                         0x800'1ab1   0x14  Code  Gb  apm32f4xx_usb.o [1]
USB_OTG_ReadInterrupts   0x800'1ac5    0xa  Code  Gb  apm32f4xx_usb.o [1]
USB_OTG_ReadMode         0x800'1a61   0x14  Code  Gb  apm32f4xx_usb.o [1]
USB_OTG_SetBurstLenght   0x800'1ba7    0xc  Code  Gb  apm32f4xx_usb.o [1]
UsageFault_Handler       0x800'aca5    0x2  Code  Gb  apm32f4xx_int.o [1]
_Encoding_8859_1_Mbrlen
                         0x800'2c0d    0x2  Code  Gb  xencoding_8859_1.o [2]
_Encoding_8859_1_Wctomb
                         0x800'2bfb   0x12  Code  Gb  xencoding_8859_1.o [2]
_LitobFull               0x800'4ab7  0x10a  Code  Lc  xprintffull.o [2]
_Locale_lconv           0x2000'0088   0x38  Data  Lc  xlocale_c.o [2]
_PrintfFull              0x800'3ba5  0xcc2  Code  Gb  xprintffull.o [2]
_Prout                   0x800'b315   0x16  Code  Gb  xprout.o [2]
_PutcharsFull            0x800'4c29   0x2e  Code  Lc  xprintffull.o [2]
_PutstrFull              0x800'49f7   0xc0  Code  Lc  xprintffull.o [2]
_PuttxtFull              0x800'48eb  0x10c  Code  Lc  xprintffull.o [2]
__NVIC_SetPriority       0x800'211d   0x24  Code  Lc  board_delay.o [1]
__aeabi_cdcmple          0x800'5155         Code  Gb  DblCmpLe.o [3]
__aeabi_cdrcmple         0x800'5185         Code  Gb  DblCmpGe.o [3]
__aeabi_d2iz             0x800'52f1         Code  Gb  DblToS32.o [3]
__aeabi_d2uiz            0x800'567d         Code  Gb  DblToU32.o [3]
__aeabi_ddiv             0x800'5435         Code  Gb  DblDiv.o [3]
__aeabi_dmul             0x800'56c1         Code  Gb  DblMul.o [3]
__aeabi_dsub             0x800'5351         Code  Gb  DblSub.o [3]
__aeabi_i2d              0x800'532d         Code  Gb  S32ToDbl.o [3]
__aeabi_ldiv0            0x800'5c11         Code  Gb  I64DivZer.o [4]
__aeabi_memcpy           0x800'2dcd         Code  Gb  ABImemcpy.o [4]
__aeabi_memcpy4          0x800'2ded         Code  Gb  ABImemcpy.o [4]
__aeabi_memcpy8          0x800'2ded         Code  Gb  ABImemcpy.o [4]
__aeabi_memset           0x800'3b3d         Code  Gb  ABImemset.o [4]
__aeabi_ui2d             0x800'56a5         Code  Gb  U32ToDbl.o [3]
__aeabi_uldivmod         0x800'586d         Code  Gb  I64DivMod.o [4]
__cmain                  0x800'b0ed         Code  Gb  cmain.o [4]
__data_GetMemChunk       0x800'9e09   0x2c  Code  Gb  xgetmemchunk.o [2]
__data_GetMemChunk::start
                        0x2000'1368    0x4  Data  Lc  xgetmemchunk.o [2]
__exit                   0x800'5c15   0x14  Code  Gb  exit.o [5]
__iar_Fail_s             0x800'5015   0x1c  Code  Gb  xfail_s.o [2]
__iar_Mbcurmax           0x800'5863    0xa  Code  Gb  xmbcurmax.o [2]
__iar_Memchr             0x800'508d         Code  Gb  memchr.o [4]
__iar_Memset             0x800'3b3d         Code  Gb  ABImemset.o [4]
__iar_Memset_word        0x800'3b45         Code  Gb  ABImemset.o [4]
__iar_Stdout            0x2000'0108   0x48  Data  Gb  xfiles.o [2]
__iar_Strchr             0x800'4ffd         Code  Gb  strchr.o [4]
__iar_dadd               0x800'5361         Code  Gb  DblSub.o [3]
__iar_data_init3         0x800'acc5   0x28  Code  Gb  data_init.o [4]
__iar_dlfree             0x800'9543  0x51e  Code  Gb  dlmalloc.o [2]
__iar_dlmalloc           0x800'8655  0xeee  Code  Gb  dlmalloc.o [2]
__iar_dsub               0x800'5aa5         Code  Gb  DblAdd.o [3]
__iar_dsubStart          0x800'5ab7         Code  Gb  DblAdd.o [3]
__iar_frexp              0x800'50f1         Code  Gb  frexp.o [3]
__iar_frexpl             0x800'50f1         Code  Gb  frexp.o [3]
__iar_globLocale        0x2000'00c0   0x48  Data  Lc  xlocale_c.o [2]
__iar_global_Locale      0x800'4f81    0x4  Code  Gb  xlocale_c.o [2]
__iar_init_vfp           0x800'af09         Code  Gb  fpinit_M.o [3]
__iar_ldexp64            0x800'51b5         Code  Gb  ldexp.o [3]
__iar_lz77_init_single3
                         0x800'a631   0x78  Code  Gb  lz77_init_single.o [4]
__iar_program_start      0x800'b4b9         Code  Gb  cstartup_M.o [4]
__iar_scalbln64          0x800'51b5         Code  Gb  ldexp.o [3]
__iar_scalbn64           0x800'51b5         Code  Gb  ldexp.o [3]
__iar_softfp___iar_frexp64
                         0x800'50e5         Code  Gb  frexp.o [3]
__iar_softfp_frexp       0x800'50e5         Code  Gb  frexp.o [3]
__iar_softfp_frexpl      0x800'50e5         Code  Gb  frexp.o [3]
__iar_zero_init3         0x800'1edb   0x3a  Code  Gb  zero_init3.o [4]
__low_level_init         0x800'b10b    0x4  Code  Gb  low_level_init.o [2]
__vector_table           0x800'0000         Data  Gb  startup_apm32f417xx.o [1]
_call_main               0x800'b0f9         Code  Gb  cmain.o [4]
_exit                    0x800'b115         Code  Gb  cexit.o [4]
_gLocale_mblen           0x800'4fe9    0x4  Code  Gb  xlocale_c.o [2]
_gLocale_mblenInt        0x800'4fad   0x2c  Code  Gb  xlocale_c.o [2]
_gLocale_wctomb          0x800'4fed    0x4  Code  Gb  xlocale_c.o [2]
_gLocale_wctombInt       0x800'4fe5    0x4  Code  Gb  xlocale_c.o [2]
_gm_                    0x2000'1100  0x1d8  Data  Lc  dlmalloc.o [2]
_main                    0x800'b107         Code  Gb  cmain.o [4]
abort                    0x800'5a9d    0x6  Code  Gb  abort.o [2]
byteReadWriteNum        0x2000'1360    0x4  Data  Gb  fatfs.o [1]
check_fs                 0x800'671b   0xf0  Code  Lc  ff.o [1]
clmt_clust               0x800'617d   0x2a  Code  Lc  ff.o [1]
clst2sect                0x800'5db1   0x1a  Code  Lc  ff.o [1]
create_chain             0x800'604d  0x130  Code  Lc  ff.o [1]
create_name              0x800'6507  0x132  Code  Lc  ff.o [1]
dbc_1st                  0x800'5c71    0xe  Code  Lc  ff.o [1]
dbc_2nd                  0x800'5c7f    0xe  Code  Lc  ff.o [1]
delayCount              0x2000'135c    0x4  Data  Gb  board_delay.o [1]
dir_alloc                0x800'638f   0x64  Code  Lc  ff.o [1]
dir_clear                0x800'61a7   0x66  Code  Lc  ff.o [1]
dir_find                 0x800'6443   0x76  Code  Lc  ff.o [1]
dir_next                 0x800'62b7   0xd8  Code  Lc  ff.o [1]
dir_register             0x800'64b9   0x4e  Code  Lc  ff.o [1]
dir_sdi                  0x800'620d   0xaa  Code  Lc  ff.o [1]
disk_initialize          0x800'726b   0x18  Code  Gb  diskio.o [1]
disk_ioctl               0x800'72b3   0x1a  Code  Gb  diskio.o [1]
disk_read                0x800'7283   0x18  Code  Gb  diskio.o [1]
disk_status              0x800'7253   0x18  Code  Gb  diskio.o [1]
disk_write               0x800'729b   0x18  Code  Gb  diskio.o [1]
exit                     0x800'b10f    0x4  Code  Gb  exit.o [2]
f_close                  0x800'7229   0x2a  Code  Gb  ff.o [1]
f_mount                  0x800'6b3b   0x54  Code  Gb  ff.o [1]
f_open                   0x800'6bb1  0x21a  Code  Gb  ff.o [1]
f_read                   0x800'6dcb  0x1b8  Code  Gb  ff.o [1]
f_sync                   0x800'7189   0xa0  Code  Gb  ff.o [1]
f_write                  0x800'6f83  0x206  Code  Gb  ff.o [1]
fatfs                   0x2000'0ca4  0x230  Data  Gb  usb_host_user.o [1]
file                    0x2000'0ed4  0x22c  Data  Gb  usb_host_user.o [1]
find_volume              0x800'6815   0x6c  Code  Lc  ff.o [1]
follow_path              0x800'6639   0x94  Code  Lc  ff.o [1]
fputc                    0x800'a583   0x22  Code  Gb  main.o [1]
free                     0x800'9e05    0x4  Code  Gb  heaptramp0.o [2]
gUsbHostFS              0x2000'0150  0x4d0  Data  Gb  usb_host_user.o [1]
get_fat                  0x800'5dcb   0xd2  Code  Lc  ff.o [1]
get_fattime              0x800'7411    0x4  Code  Gb  fatfs.o [1]
get_ldnumber             0x800'66cd   0x4e  Code  Lc  ff.o [1]
hostInfo                0x2000'1354    0x8  Data  Gb  usb_host_user.o [1]
init_mparams             0x800'85e7   0x2c  Code  Lc  dlmalloc.o [2]
init_top                 0x800'8613   0x34  Code  Lc  dlmalloc.o [2]
ld_clust                 0x800'63f3   0x26  Code  Lc  ff.o [1]
ld_dword                 0x800'5c35   0x16  Code  Lc  ff.o [1]
ld_word                  0x800'5c29    0xc  Code  Lc  ff.o [1]
ldexp                    0x800'51b5         Code  Gb  ldexp.o [3]
ldexpl                   0x800'51b5         Code  Gb  ldexp.o [3]
localeconv               0x800'4ff1    0x4  Code  Gb  xlocale_c.o [2]
main                     0x800'a521   0x62  Code  Gb  main.o [1]
memchr                   0x800'508d         Code  Gb  memchr.o [4]
memcmp                   0x800'72cd         Code  Gb  memcmp.o [4]
mount_volume             0x800'6881  0x272  Code  Lc  ff.o [1]
move_window              0x800'5cdd   0x3e  Code  Lc  ff.o [1]
mparams                 0x2000'1328   0x18  Data  Lc  dlmalloc.o [2]
obuf                    0x2000'12d8   0x50  Data  Lc  xfiles.o [2]
printf                   0x800'2ef9   0x28  Code  Gb  printf.o [2]
put_fat                  0x800'5e9d  0x122  Code  Lc  ff.o [1]
putchar                  0x800'b32d    0xc  Code  Gb  putchar.o [2]
readBuffer              0x2000'0620  0x400  Data  Gb  fatfs.o [1]
remove_chain             0x800'5fbf   0x8e  Code  Lc  ff.o [1]
scalbln                  0x800'51b5         Code  Gb  ldexp.o [3]
scalblnl                 0x800'51b5         Code  Gb  ldexp.o [3]
scalbn                   0x800'51b5         Code  Gb  ldexp.o [3]
scalbnl                  0x800'51b5         Code  Gb  ldexp.o [3]
scale                    0x800'4bc1   0x46  Code  Lc  xprintffull.o [2]
sec_hand                0x2000'1364    0x4  Data  Lc  xfail_s.o [2]
segment_holding          0x800'85cd   0x1a  Code  Lc  dlmalloc.o [2]
st_clust                 0x800'6419   0x2a  Code  Lc  ff.o [1]
st_dword                 0x800'5c59   0x18  Code  Lc  ff.o [1]
st_word                  0x800'5c4b    0xe  Code  Lc  ff.o [1]
strchr                   0x800'4ffd         Code  Gb  strchr.o [4]
strlen                   0x800'5055         Code  Gb  strlen.o [4]
sync_fs                  0x800'5d1b   0x96  Code  Lc  ff.o [1]
sync_window              0x800'5c8d   0x50  Code  Lc  ff.o [1]
usbHostHandler          0x2000'0a20  0x284  Data  Gb  usbh_board.o [1]
validate                 0x800'6af3   0x48  Code  Lc  ff.o [1]
writeBuffer             0x2000'0020    0xc  Data  Gb  fatfs.o [1]


[1] = E:\workspace\project\APM32F4xx\SDK\APM32F4xx_SDK\Examples\Board_APM32F407_Mini\USB_OTG\Host_Examples\OTGH_MSC\Project\IAR\APM32F417\Obj
[2] = dl7M_tlf.a
[3] = m7M_tls.a
[4] = rt7M_tl.a
[5] = shb_l.a

  43'083 bytes of readonly  code memory
   3'855 bytes of readonly  data memory
   8'049 bytes of readwrite data memory

Errors: none
Warnings: none
